Component: Arm Compiler for Embedded 6.19 Tool: armlink [5e73cb00]

==============================================================================

Section Cross References

    test_4.o(.text.generateTriangleWave) refers to test_4.o(.bss.sdata) for sdata
    test_4.o(.ARM.exidx.text.generateTriangleWave) refers to test_4.o(.text.generateTriangleWave) for [Anonymous Symbol]
    test_4.o(.ARM.exidx.text.DAC_Timer_Init) refers to test_4.o(.text.DAC_Timer_Init) for [Anonymous Symbol]
    test_4.o(.ARM.exidx.text.DAC_Init) refers to test_4.o(.text.DAC_Init) for [Anonymous Symbol]
    test_4.o(.text.main) refers to test_4.o(.text.DAC_Init) for DAC_Init
    test_4.o(.text.main) refers to test_4.o(.text.generateTriangleWave) for generateTriangleWave
    test_4.o(.text.main) refers to test_4.o(.text.DAC_Timer_Init) for DAC_Timer_Init
    test_4.o(.text.main) refers to test_4.o(.bss.sdata) for sdata
    test_4.o(.text.main) refers to dma.o(.text.DMA_DAC_func) for DMA_DAC_func
    test_4.o(.text.main) refers to glcd_spi_lpc1700.o(.text.GLCD_Init) for GLCD_Init
    test_4.o(.text.main) refers to glcd_spi_lpc1700.o(.text.GLCD_Clear) for GLCD_Clear
    test_4.o(.text.main) refers to glcd_spi_lpc1700.o(.text.GLCD_SetBackColor) for GLCD_SetBackColor
    test_4.o(.text.main) refers to glcd_spi_lpc1700.o(.text.GLCD_SetTextColor) for GLCD_SetTextColor
    test_4.o(.text.main) refers to test_4.o(.rodata.str1.1) for .L.str
    test_4.o(.text.main) refers to glcd_spi_lpc1700.o(.text.GLCD_DisplayString) for GLCD_DisplayString
    test_4.o(.text.main) refers to lcd.o(.text.lcd_dez) for lcd_dez
    test_4.o(.text.main) refers to glcd_spi_lpc1700.o(.text.GLCD_Simulation) for GLCD_Simulation
    test_4.o(.text.main) refers to test_4.o(.bss.i) for i
    test_4.o(.text.main) refers to lcd.o(.text.AD_Volt) for AD_Volt
    test_4.o(.ARM.exidx.text.main) refers to test_4.o(.text.main) for [Anonymous Symbol]
    glcd_spi_lpc1700.o(.text.GLCD_Init) refers to glcd_spi_lpc1700.o(.text.rd_id_man) for rd_id_man
    glcd_spi_lpc1700.o(.text.GLCD_Init) refers to glcd_spi_lpc1700.o(.text.rd_reg) for rd_reg
    glcd_spi_lpc1700.o(.text.GLCD_Init) refers to glcd_spi_lpc1700.o(.bss.Himax) for Himax
    glcd_spi_lpc1700.o(.text.GLCD_Init) refers to glcd_spi_lpc1700.o(.text.wr_reg) for wr_reg
    glcd_spi_lpc1700.o(.text.GLCD_Init) refers to glcd_spi_lpc1700.o(.text.delay) for delay
    glcd_spi_lpc1700.o(.ARM.exidx.text.GLCD_Init) refers to glcd_spi_lpc1700.o(.text.GLCD_Init) for [Anonymous Symbol]
    glcd_spi_lpc1700.o(.text.rd_id_man) refers to glcd_spi_lpc1700.o(.text.spi_tran_man) for spi_tran_man
    glcd_spi_lpc1700.o(.ARM.exidx.text.rd_id_man) refers to glcd_spi_lpc1700.o(.text.rd_id_man) for [Anonymous Symbol]
    glcd_spi_lpc1700.o(.text.rd_reg) refers to glcd_spi_lpc1700.o(.text.wr_cmd) for wr_cmd
    glcd_spi_lpc1700.o(.text.rd_reg) refers to glcd_spi_lpc1700.o(.text.rd_dat) for rd_dat
    glcd_spi_lpc1700.o(.ARM.exidx.text.rd_reg) refers to glcd_spi_lpc1700.o(.text.rd_reg) for [Anonymous Symbol]
    glcd_spi_lpc1700.o(.text.wr_reg) refers to glcd_spi_lpc1700.o(.text.wr_cmd) for wr_cmd
    glcd_spi_lpc1700.o(.text.wr_reg) refers to glcd_spi_lpc1700.o(.text.wr_dat) for wr_dat
    glcd_spi_lpc1700.o(.ARM.exidx.text.wr_reg) refers to glcd_spi_lpc1700.o(.text.wr_reg) for [Anonymous Symbol]
    glcd_spi_lpc1700.o(.ARM.exidx.text.delay) refers to glcd_spi_lpc1700.o(.text.delay) for [Anonymous Symbol]
    glcd_spi_lpc1700.o(.text.GLCD_SetWindow) refers to glcd_spi_lpc1700.o(.bss.Himax) for Himax
    glcd_spi_lpc1700.o(.text.GLCD_SetWindow) refers to glcd_spi_lpc1700.o(.text.wr_reg) for wr_reg
    glcd_spi_lpc1700.o(.ARM.exidx.text.GLCD_SetWindow) refers to glcd_spi_lpc1700.o(.text.GLCD_SetWindow) for [Anonymous Symbol]
    glcd_spi_lpc1700.o(.text.GLCD_WindowMax) refers to glcd_spi_lpc1700.o(.text.GLCD_SetWindow) for GLCD_SetWindow
    glcd_spi_lpc1700.o(.ARM.exidx.text.GLCD_WindowMax) refers to glcd_spi_lpc1700.o(.text.GLCD_WindowMax) for [Anonymous Symbol]
    glcd_spi_lpc1700.o(.text.GLCD_PutPixel) refers to glcd_spi_lpc1700.o(.bss.Himax) for Himax
    glcd_spi_lpc1700.o(.text.GLCD_PutPixel) refers to glcd_spi_lpc1700.o(.text.wr_reg) for wr_reg
    glcd_spi_lpc1700.o(.text.GLCD_PutPixel) refers to glcd_spi_lpc1700.o(.text.wr_cmd) for wr_cmd
    glcd_spi_lpc1700.o(.text.GLCD_PutPixel) refers to glcd_spi_lpc1700.o(.data.Color) for Color
    glcd_spi_lpc1700.o(.text.GLCD_PutPixel) refers to glcd_spi_lpc1700.o(.text.wr_dat) for wr_dat
    glcd_spi_lpc1700.o(.ARM.exidx.text.GLCD_PutPixel) refers to glcd_spi_lpc1700.o(.text.GLCD_PutPixel) for [Anonymous Symbol]
    glcd_spi_lpc1700.o(.text.wr_cmd) refers to glcd_spi_lpc1700.o(.text.spi_tran) for spi_tran
    glcd_spi_lpc1700.o(.ARM.exidx.text.wr_cmd) refers to glcd_spi_lpc1700.o(.text.wr_cmd) for [Anonymous Symbol]
    glcd_spi_lpc1700.o(.text.wr_dat) refers to glcd_spi_lpc1700.o(.text.spi_tran) for spi_tran
[...]
    __rtentry2.o(.ARM.exidx) refers to __rtentry2.o(.ARM.Collect$$rtentry$$0000000B) for .ARM.Collect$$rtentry$$0000000B
    __rtentry2.o(.ARM.exidx) refers to __rtentry2.o(.ARM.Collect$$rtentry$$0000000D) for .ARM.Collect$$rtentry$$0000000D
    __rtentry4.o(.ARM.Collect$$rtentry$$00000004) refers to sys_stackheap_outer.o(.text) for __user_setup_stackheap
    __rtentry4.o(.ARM.exidx) refers to __rtentry4.o(.ARM.Collect$$rtentry$$00000004) for .ARM.Collect$$rtentry$$00000004
    rt_div0.o(.text) refers to defsig_fpe_outer.o(.text) for __rt_SIGFPE
    _printf_intcommon.o(.text) refers (Weak) to _printf_pad.o(.text) for _printf_pre_padding
    _printf_intcommon.o(.text) refers (Weak) to _printf_pad.o(.text) for _printf_pre_padding
    _printf_intcommon.o(.text) refers (Weak) to _printf_pad.o(.text) for _printf_post_padding
    _printf_fp_dec.o(.text) refers (Special) to usenofp.o(x$fpl$usenofp) for __I$use$fp
    _printf_fp_dec.o(.text) refers (Special) to lc_numeric_c.o(locale$$code) for _get_lc_numeric
    _printf_fp_dec.o(.text) refers to bigflt0.o(.text) for _btod_etento
    _printf_fp_dec.o(.text) refers to btod.o(CL$$btod_d2e) for _btod_d2e
    _printf_fp_dec.o(.text) refers to btod.o(CL$$btod_ediv) for _btod_ediv
    _printf_fp_dec.o(.text) refers to btod.o(CL$$btod_emul) for _btod_emul
    _printf_fp_dec.o(.text) refers to lludiv10.o(.text) for _ll_udiv10
    _printf_fp_dec.o(.text) refers to fpclassify.o(i.__ARM_fpclassify) for __ARM_fpclassify
    _printf_fp_dec.o(.text) refers to _printf_fp_infnan.o(.text) for _printf_fp_infnan
    _printf_fp_dec.o(.text) refers (Weak) to _printf_pad.o(.text) for _printf_pre_padding
    _printf_fp_dec.o(.text) refers (Weak) to _printf_pad.o(.text) for _printf_pre_padding
    _printf_fp_dec.o(.text) refers to rt_locale_intlibspace.o(.text) for __rt_locale
    _printf_fp_dec.o(.text) refers (Weak) to _printf_pad.o(.text) for _printf_post_padding
    _printf_fp_dec_accurate.o(.text) refers (Special) to usenofp.o(x$fpl$usenofp) for __I$use$fp
    _printf_fp_dec_accurate.o(.text) refers (Special) to lc_numeric_c.o(locale$$code) for _get_lc_numeric
    _printf_fp_dec_accurate.o(.text) refers to btod_accurate.o(.text) for _btod_main
    _printf_fp_dec_accurate.o(.text) refers to fpclassify.o(i.__ARM_fpclassify) for __ARM_fpclassify
    _printf_fp_dec_accurate.o(.text) refers to _printf_fp_infnan.o(.text) for _printf_fp_infnan
    _printf_fp_dec_accurate.o(.text) refers (Weak) to _printf_pad.o(.text) for _printf_pre_padding
    _printf_fp_dec_accurate.o(.text) refers (Weak) to _printf_pad.o(.text) for _printf_pre_padding
    _printf_fp_dec_accurate.o(.text) refers to rt_locale_intlibspace.o(.text) for __rt_locale
    _printf_fp_dec_accurate.o(.text) refers (Weak) to _printf_pad.o(.text) for _printf_post_padding
    _printf_fp_hex.o(.text) refers (Special) to usenofp.o(x$fpl$usenofp) for __I$use$fp
    _printf_fp_hex.o(.text) refers to fpclassify.o(i.__ARM_fpclassify) for __ARM_fpclassify
    _printf_fp_hex.o(.text) refers to _printf_fp_infnan.o(.text) for _printf_fp_infnan
    _printf_fp_hex.o(.text) refers (Weak) to _printf_pad.o(.text) for _printf_pre_padding
    _printf_fp_hex.o(.text) refers (Weak) to _printf_pad.o(.text) for _printf_pre_padding
    _printf_fp_hex.o(.text) refers (Weak) to _printf_pad.o(.text) for _printf_post_padding
    _printf_fp_hex.o(.text) refers to _printf_fp_hex.o(.constdata) for .constdata
    _printf_fp_hex.o(.constdata) refers (Special) to usenofp.o(x$fpl$usenofp) for __I$use$fp
    _printf_char_common.o(.text) refers to __printf_flags_ss_wp.o(.text) for __printf
    _printf_char.o(.text) refers (Weak) to _printf_str.o(.text) for _printf_str
    _printf_wchar.o(.text) refers (Weak) to _printf_wctomb.o(.text) for _printf_wctomb
    _c16rtomb.o(.text) refers to rt_ctype_table.o(.text) for __rt_ctype_table
    dcmpi.o(x$fpl$dcmpinf) refers (Special) to usenofp.o(x$fpl$usenofp) for __I$use$fp
    dnaninf.o(x$fpl$dnaninf) refers (Special) to usenofp.o(x$fpl$usenofp) for __I$use$fp
    sys_stackheap_outer.o(.text) refers to libspace.o(.text) for __user_perproc_libspace
    sys_stackheap_outer.o(.text) refers to startup_lpc17xx.o(.text) for __user_initial_stackheap
    rt_ctype_table.o(.text) refers to rt_locale_intlibspace.o(.text) for __rt_locale
    rt_ctype_table.o(.text) refers to lc_ctype_c.o(locale$$code) for _get_lc_ctype
    rt_locale.o(.text) refers to rt_locale.o(.bss) for __rt_locale_data
    rt_locale_intlibspace.o(.text) refers to libspace.o(.bss) for __libspace_start
    _printf_fp_infnan.o(.text) refers (Weak) to _printf_pad.o(.text) for _printf_pre_padding
    _printf_fp_infnan.o(.text) refers (Weak) to _printf_pad.o(.text) for _printf_post_padding
    bigflt0.o(.text) refers (Special) to usenofp.o(x$fpl$usenofp) for __I$use$fp
    bigflt0.o(.text) refers to btod.o(CL$$btod_emul) for _btod_emul
    bigflt0.o(.text) refers to btod.o(CL$$btod_ediv) for _btod_ediv
    bigflt0.o(.text) refers to bigflt0.o(.constdata) for .constdata
    bigflt0.o(.constdata) refers (Special) to usenofp.o(x$fpl$usenofp) for __I$use$fp
    btod.o(CL$$btod_d2e) refers (Special) to usenofp.o(x$fpl$usenofp) for __I$use$fp
    btod.o(CL$$btod_d2e) refers to btod.o(CL$$btod_d2e_norm_op1) for _d2e_norm_op1
    btod.o(CL$$btod_d2e_norm_op1) refers (Special) to usenofp.o(x$fpl$usenofp) for __I$use$fp
    btod.o(CL$$btod_d2e_norm_op1) refers to btod.o(CL$$btod_d2e_denorm_low) for _d2e_denorm_low
    btod.o(CL$$btod_d2e_denorm_low) refers (Special) to usenofp.o(x$fpl$usenofp) for __I$use$fp
    btod.o(CL$$btod_emul) refers (Special) to usenofp.o(x$fpl$usenofp) for __I$use$fp
    btod.o(CL$$btod_emul) refers to btod.o(CL$$btod_mult_common) for __btod_mult_common
    btod.o(CL$$btod_emul) refers to btod.o(CL$$btod_e2e) for _e2e
    btod.o(CL$$btod_ediv) refers (Special) to usenofp.o(x$fpl$usenofp) for __I$use$fp
    btod.o(CL$$btod_ediv) refers to btod.o(CL$$btod_div_common) for __btod_div_common
    btod.o(CL$$btod_ediv) refers to btod.o(CL$$btod_e2e) for _e2e
    btod.o(CL$$btod_emuld) refers (Special) to usenofp.o(x$fpl$usenofp) for __I$use$fp
    btod.o(CL$$btod_emuld) refers to btod.o(CL$$btod_mult_common) for __btod_mult_common
    btod.o(CL$$btod_emuld) refers to btod.o(CL$$btod_e2d) for _e2d
    btod.o(CL$$btod_edivd) refers (Special) to usenofp.o(x$fpl$usenofp) for __I$use$fp
    btod.o(CL$$btod_edivd) refers to btod.o(CL$$btod_div_common) for __btod_div_common
    btod.o(CL$$btod_edivd) refers to btod.o(CL$$btod_e2d) for _e2d
    btod.o(CL$$btod_e2e) refers (Special) to usenofp.o(x$fpl$usenofp) for __I$use$fp
    btod.o(CL$$btod_e2d) refers (Special) to usenofp.o(x$fpl$usenofp) for __I$use$fp
    btod.o(CL$$btod_e2d) refers to btod.o(CL$$btod_e2e) for _e2e
    btod.o(CL$$btod_mult_common) refers (Special) to usenofp.o(x$fpl$usenofp) for __I$use$fp
    btod.o(CL$$btod_div_common) refers (Special) to usenofp.o(x$fpl$usenofp) for __I$use$fp
    btod_accurate.o(.text) refers to btod_accurate_common.o(.text) for _btod_common
    lc_numeric_c.o(locale$$data) refers (Special) to libinit2.o(.ARM.Collect$$libinit$$00000018) for __rt_lib_init_lc_numeric_2
    lc_numeric_c.o(locale$$code) refers (Special) to libinit2.o(.ARM.Collect$$libinit$$00000018) for __rt_lib_init_lc_numeric_2
    lc_numeric_c.o(locale$$code) refers to strcmpv7m.o(.text) for strcmp
    lc_numeric_c.o(locale$$code) refers to lc_numeric_c.o(locale$$data) for __lcnum_c_name
    exit.o(.text) refers to rtexit.o(.ARM.Collect$$rtexit$$00000000) for __rt_exit
    defsig_fpe_outer.o(.text) refers to defsig_fpe_inner.o(.text) for __rt_SIGFPE_inner
    defsig_fpe_outer.o(.text) refers to defsig_exit.o(.text) for __sig_exit
    defsig_fpe_formal.o(.text) refers to rt_raise.o(.text) for __rt_raise
    libinit.o(.ARM.Collect$$libinit$$00000000) refers (Special) to libinit2.o(.ARM.Collect$$libinit$$00000030) for __rt_lib_init_alloca_1
    libinit.o(.ARM.Collect$$libinit$$00000000) refers (Special) to libinit2.o(.ARM.Collect$$libinit$$0000002E) for __rt_lib_init_argv_1
    libinit.o(.ARM.Collect$$libinit$$00000000) refers (Special) to libinit2.o(.ARM.Collect$$libinit$$0000001D) for __rt_lib_init_atexit_1
    libinit.o(.ARM.Collect$$libinit$$00000000) refers (Special) to libinit2.o(.ARM.Collect$$libinit$$00000023) for __rt_lib_init_clock_1
    libinit.o(.ARM.Collect$$libinit$$00000000) refers (Special) to libinit2.o(.ARM.Collect$$libinit$$00000034) for __rt_lib_init_cpp_1
    libinit.o(.ARM.Collect$$libinit$$00000000) refers (Special) to libinit2.o(.ARM.Collect$$libinit$$00000032) for __rt_lib_init_exceptions_1
    libinit.o(.ARM.Collect$$libinit$$00000000) refers (Special) to libinit2.o(.ARM.Collect$$libinit$$00000002) for __rt_lib_init_fp_1
    libinit.o(.ARM.Collect$$libinit$$00000000) refers (Special) to libinit2.o(.ARM.Collect$$libinit$$00000021) for __rt_lib_init_fp_trap_1
    libinit.o(.ARM.Collect$$libinit$$00000000) refers (Special) to libinit2.o(.ARM.Collect$$libinit$$00000025) for __rt_lib_init_getenv_1
    libinit.o(.ARM.Collect$$libinit$$00000000) refers (Special) to libinit2.o(.ARM.Collect$$libinit$$0000000C) for __rt_lib_init_heap_1
    libinit.o(.ARM.Collect$$libinit$$00000000) refers (Special) to libinit2.o(.ARM.Collect$$libinit$$00000013) for __rt_lib_init_lc_collate_1
    libinit.o(.ARM.Collect$$libinit$$00000000) refers (Special) to libinit2.o(.ARM.Collect$$libinit$$00000015) for __rt_lib_init_lc_ctype_1
    libinit.o(.ARM.Collect$$libinit$$00000000) refers (Special) to libinit2.o(.ARM.Collect$$libinit$$00000017) for __rt_lib_init_lc_monetary_1
    libinit.o(.ARM.Collect$$libinit$$00000000) refers (Special) to libinit2.o(.ARM.Collect$$libinit$$00000019) for __rt_lib_init_lc_numeric_1
    libinit.o(.ARM.Collect$$libinit$$00000000) refers (Special) to libinit2.o(.ARM.Collect$$libinit$$0000001B) for __rt_lib_init_lc_time_1
    libinit.o(.ARM.Collect$$libinit$$00000000) refers (Special) to libinit2.o(.ARM.Collect$$libinit$$00000006) for __rt_lib_init_preinit_1
    libinit.o(.ARM.Collect$$libinit$$00000000) refers (Special) to libinit2.o(.ARM.Collect$$libinit$$00000010) for __rt_lib_init_rand_1
    libinit.o(.ARM.Collect$$libinit$$00000000) refers (Special) to libinit2.o(.ARM.Collect$$libinit$$00000004) for __rt_lib_init_relocate_pie_1
    libinit.o(.ARM.Collect$$libinit$$00000000) refers (Special) to libinit2.o(.ARM.Collect$$libinit$$00000035) for __rt_lib_init_return
    libinit.o(.ARM.Collect$$libinit$$00000000) refers (Special) to libinit2.o(.ARM.Collect$$libinit$$0000001F) for __rt_lib_init_signal_1
    libinit.o(.ARM.Collect$$libinit$$00000000) refers (Special) to libinit2.o(.ARM.Collect$$libinit$$00000027) for __rt_lib_init_stdio_1
    libinit.o(.ARM.Collect$$libinit$$00000000) refers (Special) to libinit2.o(.ARM.Collect$$libinit$$0000000E) for __rt_lib_init_user_alloc_1
    istatus.o(x$fpl$ieeestatus) refers (Special) to usenofp.o(x$fpl$usenofp) for __I$use$fp
    fpclassify.o(i.__ARM_fpclassify) refers (Special) to usenofp.o(x$fpl$usenofp) for __I$use$fp
    libspace.o(.text) refers to libspace.o(.bss) for __libspace_start
    rtexit.o(.ARM.Collect$$rtexit$$00000000) refers (Special) to rtexit2.o(.ARM.Collect$$rtexit$$00000004) for __rt_exit_exit
    rtexit.o(.ARM.Collect$$rtexit$$00000000) refers (Special) to rtexit2.o(.ARM.Collect$$rtexit$$00000003) for __rt_exit_ls
    rtexit.o(.ARM.Collect$$rtexit$$00000000) refers (Special) to rtexit2.o(.ARM.Collect$$rtexit$$00000002) for __rt_exit_prels_1
    rtexit.o(.ARM.exidx) refers (Special) to rtexit2.o(.ARM.Collect$$rtexit$$00000004) for __rt_exit_exit
    rtexit.o(.ARM.exidx) refers (Special) to rtexit2.o(.ARM.Collect$$rtexit$$00000003) for __rt_exit_ls
    rtexit.o(.ARM.exidx) refers (Special) to rtexit2.o(.ARM.Collect$$rtexit$$00000002) for __rt_exit_prels_1
    rtexit.o(.ARM.exidx) refers to rtexit.o(.ARM.Collect$$rtexit$$00000000) for .ARM.Collect$$rtexit$$00000000
    rt_raise.o(.text) refers to __raise.o(.text) for __raise
    rt_raise.o(.text) refers to sys_exit.o(.text) for _sys_exit
    btod_accurate_common.o(.text) refers to llushr.o(.text) for __aeabi_llsr
    lc_ctype_c.o(locale$$data) refers (Special) to libinit2.o(.ARM.Collect$$libinit$$00000014) for __rt_lib_init_lc_ctype_2
    lc_ctype_c.o(locale$$code) refers (Special) to libinit2.o(.ARM.Collect$$libinit$$00000014) for __rt_lib_init_lc_ctype_2
    lc_ctype_c.o(locale$$code) refers to strcmpv7m.o(.text) for strcmp
    lc_ctype_c.o(locale$$code) refers to lc_ctype_c.o(locale$$data) for __lcctype_c_name
    defsig_exit.o(.text) refers to sys_exit.o(.text) for _sys_exit
    defsig_fpe_inner.o(.text) refers to defsig_general.o(.text) for __default_signal_display
    libinit2.o(.ARM.Collect$$libinit$$00000011) refers (Weak) to rt_locale_intlibspace.o(.text) for __rt_locale
    libinit2.o(.ARM.Collect$$libinit$$00000012) refers to libinit2.o(.ARM.Collect$$libinit$$00000011) for .ARM.Collect$$libinit$$00000011
    libinit2.o(.ARM.Collect$$libinit$$00000014) refers to libinit2.o(.ARM.Collect$$libinit$$00000011) for .ARM.Collect$$libinit$$00000011
    libinit2.o(.ARM.Collect$$libinit$$00000014) refers (Weak) to lc_ctype_c.o(locale$$code) for _get_lc_ctype
    libinit2.o(.ARM.Collect$$libinit$$00000016) refers to libinit2.o(.ARM.Collect$$libinit$$00000011) for .ARM.Collect$$libinit$$00000011
    libinit2.o(.ARM.Collect$$libinit$$00000018) refers to libinit2.o(.ARM.Collect$$libinit$$00000011) for .ARM.Collect$$libinit$$00000011
    libinit2.o(.ARM.Collect$$libinit$$00000018) refers (Weak) to lc_numeric_c.o(locale$$code) for _get_lc_numeric
    libinit2.o(.ARM.Collect$$libinit$$0000001A) refers to libinit2.o(.ARM.Collect$$libinit$$00000011) for .ARM.Collect$$libinit$$00000011
    libinit2.o(.ARM.Collect$$libinit$$00000028) refers to argv_veneer.o(.emb_text) for __ARM_argv_veneer
    libinit2.o(.ARM.Collect$$libinit$$00000029) refers to argv_veneer.o(.emb_text) for __ARM_argv_veneer
    sys_exit.o(.text) refers (Special) to use_no_semi.o(.text) for __I$use$semihosting
    sys_exit.o(.text) refers (Special) to indicate_semi.o(.text) for __semihosting_library_function
    sys_exit_hlt.o(.text) refers (Special) to use_no_semi.o(.text) for __I$use$semihosting
    sys_exit_hlt.o(.text) refers (Special) to indicate_semi.o(.text) for __semihosting_library_function
    rtexit2.o(.ARM.Collect$$rtexit$$00000003) refers to libshutdown.o(.ARM.Collect$$libshutdown$$00000000) for __rt_lib_shutdown
    rtexit2.o(.ARM.Collect$$rtexit$$00000004) refers to sys_exit.o(.text) for _sys_exit
    rtexit2.o(.ARM.exidx) refers to rtexit2.o(.ARM.Collect$$rtexit$$00000001) for .ARM.Collect$$rtexit$$00000001
    rtexit2.o(.ARM.exidx) refers to rtexit2.o(.ARM.Collect$$rtexit$$00000003) for .ARM.Collect$$rtexit$$00000003
    rtexit2.o(.ARM.exidx) refers to rtexit2.o(.ARM.Collect$$rtexit$$00000004) for .ARM.Collect$$rtexit$$00000004
    __raise.o(.text) refers to defsig.o(CL$$defsig) for __default_signal_handler
    defsig_general.o(.text) refers to sys_wrch.o(.text) for _ttywrch
    argv_veneer.o(.emb_text) refers to no_argv.o(.text) for __ARM_get_argv
    sys_wrch.o(.text) refers (Special) to use_no_semi.o(.text) for __I$use$semihosting
    sys_wrch.o(.text) refers (Special) to indicate_semi.o(.text) for __semihosting_library_function
    sys_wrch_hlt.o(.text) refers (Special) to use_no_semi.o(.text) for __I$use$semihosting
    sys_wrch_hlt.o(.text) refers (Special) to indicate_semi.o(.text) for __semihosting_library_function
    defsig.o(CL$$defsig) refers to defsig_fpe_inner.o(.text) for __rt_SIGFPE_inner
    defsig.o(CL$$defsig) refers to defsig_rtmem_inner.o(.text) for __rt_SIGRTMEM_inner
    _get_argv_nomalloc.o(.text) refers (Special) to hrguard.o(.text) for __heap_region$guard
    _get_argv_nomalloc.o(.text) refers to defsig_rtmem_outer.o(.text) for __rt_SIGRTMEM
    _get_argv_nomalloc.o(.text) refers to sys_command.o(.text) for _sys_command_string
    libshutdown.o(.ARM.Collect$$libshutdown$$00000000) refers (Special) to libshutdown2.o(.ARM.Collect$$libshutdown$$00000002) for __rt_lib_shutdown_cpp_1
    libshutdown.o(.ARM.Collect$$libshutdown$$00000000) refers (Special) to libshutdown2.o(.ARM.Collect$$libshutdown$$00000007) for __rt_lib_shutdown_fp_trap_1
    libshutdown.o(.ARM.Collect$$libshutdown$$00000000) refers (Special) to libshutdown2.o(.ARM.Collect$$libshutdown$$0000000F) for __rt_lib_shutdown_heap_1
    libshutdown.o(.ARM.Collect$$libshutdown$$00000000) refers (Special) to libshutdown2.o(.ARM.Collect$$libshutdown$$00000010) for __rt_lib_shutdown_return
    libshutdown.o(.ARM.Collect$$libshutdown$$00000000) refers (Special) to libshutdown2.o(.ARM.Collect$$libshutdown$$0000000A) for __rt_lib_shutdown_signal_1
    libshutdown.o(.ARM.Collect$$libshutdown$$00000000) refers (Special) to libshutdown2.o(.ARM.Collect$$libshutdown$$00000004) for __rt_lib_shutdown_stdio_1
    libshutdown.o(.ARM.Collect$$libshutdown$$00000000) refers (Special) to libshutdown2.o(.ARM.Collect$$libshutdown$$0000000C) for __rt_lib_shutdown_user_alloc_1
    sys_command.o(.text) refers (Special) to use_no_semi.o(.text) for __I$use$semihosting
    sys_command.o(.text) refers (Special) to indicate_semi.o(.text) for __semihosting_library_function
    sys_command_hlt.o(.text) refers (Special) to use_no_semi.o(.text) for __I$use$semihosting
    sys_command_hlt.o(.text) refers (Special) to indicate_semi.o(.text) for __semihosting_library_function
    defsig_abrt_inner.o(.text) refers to defsig_general.o(.text) for __default_signal_display
    defsig_rtred_inner.o(.text) refers to defsig_general.o(.text) for __default_signal_display
    defsig_rtmem_inner.o(.text) refers to defsig_general.o(.text) for __default_signal_display
    defsig_rtmem_outer.o(.text) refers to defsig_rtmem_inner.o(.text) for __rt_SIGRTMEM_inner
    defsig_rtmem_outer.o(.text) refers to defsig_exit.o(.text) for __sig_exit
    defsig_rtmem_formal.o(.text) refers to rt_raise.o(.text) for __rt_raise
    defsig_stak_inner.o(.text) refers to defsig_general.o(.text) for __default_signal_display
    defsig_pvfn_inner.o(.text) refers to defsig_general.o(.text) for __default_signal_display
    defsig_cppl_inner.o(.text) refers to defsig_general.o(.text) for __default_signal_display
    defsig_segv_inner.o(.text) refers to defsig_general.o(.text) for __default_signal_display
    defsig_other.o(.text) refers to defsig_general.o(.text) for __default_signal_display


==============================================================================

Removing Unused input sections from the image.

    Removing test_4.o(.text), (0 bytes).
    Removing test_4.o(.ARM.exidx.text.generateTriangleWave), (8 bytes).
    Removing test_4.o(.ARM.exidx.text.DAC_Timer_Init), (8 bytes).
    Removing test_4.o(.ARM.exidx.text.DAC_Init), (8 bytes).
    Removing test_4.o(.ARM.exidx.text.main), (8 bytes).
    Removing test_4.o(.ARM.use_no_argv), (4 bytes).
    Removing glcd_spi_lpc1700.o(.text), (0 bytes).
    Removing glcd_spi_lpc1700.o(.ARM.exidx.text.GLCD_Init), (8 bytes).
    Removing glcd_spi_lpc1700.o(.ARM.exidx.text.rd_id_man), (8 bytes).
    Removing glcd_spi_lpc1700.o(.ARM.exidx.text.rd_reg), (8 bytes).
    Removing glcd_spi_lpc1700.o(.ARM.exidx.text.wr_reg), (8 bytes).
    Removing glcd_spi_lpc1700.o(.ARM.exidx.text.delay), (8 bytes).
    Removing glcd_spi_lpc1700.o(.ARM.exidx.text.GLCD_SetWindow), (8 bytes).
    Removing glcd_spi_lpc1700.o(.ARM.exidx.text.GLCD_WindowMax), (8 bytes).
    Removing glcd_spi_lpc1700.o(.text.GLCD_PutPixel), (150 bytes).
    Removing glcd_spi_lpc1700.o(.ARM.exidx.text.GLCD_PutPixel), (8 bytes).
    Removing glcd_spi_lpc1700.o(.ARM.exidx.text.wr_cmd), (8 bytes).
    Removing glcd_spi_lpc1700.o(.ARM.exidx.text.wr_dat), (8 bytes).
    Removing glcd_spi_lpc1700.o(.ARM.exidx.text.GLCD_SetTextColor), (8 bytes).
    Removing glcd_spi_lpc1700.o(.ARM.exidx.text.GLCD_SetBackColor), (8 bytes).
    Removing glcd_spi_lpc1700.o(.ARM.exidx.text.GLCD_Clear), (8 bytes).
    Removing glcd_spi_lpc1700.o(.ARM.exidx.text.wr_dat_start), (8 bytes).
    Removing glcd_spi_lpc1700.o(.ARM.exidx.text.wr_dat_only), (8 bytes).
    Removing glcd_spi_lpc1700.o(.ARM.exidx.text.wr_dat_stop), (8 bytes).
    Removing glcd_spi_lpc1700.o(.ARM.exidx.text.GLCD_DrawChar), (8 bytes).
    Removing glcd_spi_lpc1700.o(.ARM.exidx.text.GLCD_DisplayChar), (8 bytes).
    Removing glcd_spi_lpc1700.o(.ARM.exidx.text.GLCD_DisplayString), (8 bytes).
    Removing glcd_spi_lpc1700.o(.text.GLCD_ClearLn), (174 bytes).
    Removing glcd_spi_lpc1700.o(.ARM.exidx.text.GLCD_ClearLn), (8 bytes).
    Removing glcd_spi_lpc1700.o(.text.GLCD_Bargraph), (152 bytes).
    Removing glcd_spi_lpc1700.o(.ARM.exidx.text.GLCD_Bargraph), (8 bytes).
    Removing glcd_spi_lpc1700.o(.text.GLCD_Bitmap), (124 bytes).
    Removing glcd_spi_lpc1700.o(.ARM.exidx.text.GLCD_Bitmap), (8 bytes).
    Removing glcd_spi_lpc1700.o(.text.GLCD_ScrollVertical), (8 bytes).
    Removing glcd_spi_lpc1700.o(.ARM.exidx.text.GLCD_ScrollVertical), (8 bytes).
    Removing glcd_spi_lpc1700.o(.text.GLCD_WrCmd), (20 bytes).
    Removing glcd_spi_lpc1700.o(.ARM.exidx.text.GLCD_WrCmd), (8 bytes).
    Removing glcd_spi_lpc1700.o(.text.GLCD_WrReg), (28 bytes).
    Removing glcd_spi_lpc1700.o(.ARM.exidx.text.GLCD_WrReg), (8 bytes).
    Removing glcd_spi_lpc1700.o(.text.GLCD_WrDat), (20 bytes).
    Removing glcd_spi_lpc1700.o(.ARM.exidx.text.GLCD_WrDat), (8 bytes).
    Removing glcd_spi_lpc1700.o(.ARM.exidx.text.GLCD_Simulation), (8 bytes).
    Removing glcd_spi_lpc1700.o(.ARM.exidx.text.spi_tran_man), (8 bytes).
    Removing glcd_spi_lpc1700.o(.ARM.exidx.text.rd_dat), (8 bytes).
    Removing glcd_spi_lpc1700.o(.ARM.exidx.text.spi_tran), (8 bytes).
    Removing glcd_simulation.o(.text), (0 bytes).
    Removing glcd_simulation.o(.text.fputc), (54 bytes).
    Removing glcd_simulation.o(.ARM.exidx.text.fputc), (8 bytes).
    Removing glcd_simulation.o(.text.ClearScreen), (20 bytes).
    Removing glcd_simulation.o(.ARM.exidx.text.ClearScreen), (8 bytes).
    Removing glcd_simulation.o(.text.SetCursorPosition), (30 bytes).
    Removing glcd_simulation.o(.ARM.exidx.text.SetCursorPosition), (8 bytes).
    Removing glcd_simulation.o(.text.DeleteLineRight), (18 bytes).
    Removing glcd_simulation.o(.ARM.exidx.text.DeleteLineRight), (8 bytes).
    Removing glcd_simulation.o(.text.wait), (34 bytes).
    Removing glcd_simulation.o(.ARM.exidx.text.wait), (8 bytes).
    Removing glcd_simulation.o(.text.GLCD_S_Init), (1606 bytes).
    Removing glcd_simulation.o(.ARM.exidx.text.GLCD_S_Init), (8 bytes).
    Removing glcd_simulation.o(.text.GLCD_S_DisplayString), (276 bytes).
    Removing glcd_simulation.o(.ARM.exidx.text.GLCD_S_DisplayString), (8 bytes).
    Removing glcd_simulation.o(.text.GLCD_S_SetTextColor), (432 bytes).
    Removing glcd_simulation.o(.ARM.exidx.text.GLCD_S_SetTextColor), (8 bytes).
    Removing glcd_simulation.o(.text.GLCD_S_SetBackColor), (432 bytes).
    Removing glcd_simulation.o(.ARM.exidx.text.GLCD_S_SetBackColor), (8 bytes).
    Removing glcd_simulation.o(.text.GLCD_S_Simulation), (6702 bytes).
    Removing glcd_simulation.o(.ARM.exidx.text.GLCD_S_Simulation), (8 bytes).
    Removing glcd_simulation.o(.text.GLCD_S_SetWindow), (14 bytes).
    Removing glcd_simulation.o(.ARM.exidx.text.GLCD_S_SetWindow), (8 bytes).
    Removing glcd_simulation.o(.text.GLCD_S_WindowMax), (2 bytes).
    Removing glcd_simulation.o(.ARM.exidx.text.GLCD_S_WindowMax), (8 bytes).
    Removing glcd_simulation.o(.text.GLCD_S_PutPixel), (10 bytes).
    Removing glcd_simulation.o(.ARM.exidx.text.GLCD_S_PutPixel), (8 bytes).
    Removing glcd_simulation.o(.text.GLCD_S_Clear), (466 bytes).
    Removing glcd_simulation.o(.ARM.exidx.text.GLCD_S_Clear), (8 bytes).
    Removing glcd_simulation.o(.text.GLCD_S_ClearLn), (82 bytes).
    Removing glcd_simulation.o(.ARM.exidx.text.GLCD_S_ClearLn), (8 bytes).
    Removing glcd_simulation.o(.text.GLCD_S_DrawChar), (32 bytes).
    Removing glcd_simulation.o(.ARM.exidx.text.GLCD_S_DrawChar), (8 bytes).
    Removing glcd_simulation.o(.text.GLCD_S_DisplayChar), (48 bytes).
    Removing glcd_simulation.o(.ARM.exidx.text.GLCD_S_DisplayChar), (8 bytes).
    Removing glcd_simulation.o(.text.GLCD_S_Bargraph), (402 bytes).
    Removing glcd_simulation.o(.ARM.exidx.text.GLCD_S_Bargraph), (8 bytes).
    Removing glcd_simulation.o(.text.GLCD_S_Bitmap), (18 bytes).
    Removing glcd_simulation.o(.ARM.exidx.text.GLCD_S_Bitmap), (8 bytes).
    Removing glcd_simulation.o(.text.GLCD_S_ScrollVertical), (8 bytes).
    Removing glcd_simulation.o(.ARM.exidx.text.GLCD_S_ScrollVertical), (8 bytes).
    Removing glcd_simulation.o(.text.GLCD_S_WrCmd), (10 bytes).
    Removing glcd_simulation.o(.ARM.exidx.text.GLCD_S_WrCmd), (8 bytes).
    Removing glcd_simulation.o(.text.GLCD_S_WrReg), (14 bytes).
    Removing glcd_simulation.o(.ARM.exidx.text.GLCD_S_WrReg), (8 bytes).
    Removing glcd_simulation.o(.text.GLCD_S_WrDat), (10 bytes).
    Removing glcd_simulation.o(.ARM.exidx.text.GLCD_S_WrDat), (8 bytes).
    Removing glcd_simulation.o(.rodata.str1.1), (558 bytes).
    Removing glcd_simulation.o(.data.ibgCol), (2 bytes).
    Removing glcd_simulation.o(.data.itextCol), (2 bytes).
    Removing glcd_simulation.o(.bss.cCol), (160 bytes).
    Removing glcd_simulation.o(.bss.GLCD_S_Simulation.iTA12_time), (2 bytes).
    Removing glcd_simulation.o(.bss.GLCD_S_Simulation.iTA12_iz1), (2 bytes).
    Removing glcd_simulation.o(.bss.iS_TA10), (2 bytes).
    Removing glcd_simulation.o(.bss.iS_TA11), (2 bytes).
    Removing glcd_simulation.o(.bss.iFlag_Sim), (4 bytes).
    Removing glcd_simulation.o(.bss.iS_TA12), (2 bytes).
    Removing glcd_simulation.o(.bss.iS_TA1), (2 bytes).
    Removing glcd_simulation.o(.bss.iS_TA2), (2 bytes).
    Removing glcd_simulation.o(.bss.iS_TA3), (2 bytes).
    Removing glcd_simulation.o(.bss.iS_TA4), (2 bytes).
    Removing glcd_simulation.o(.bss.iS_TA5), (2 bytes).
    Removing glcd_simulation.o(.bss.iS_TA6), (2 bytes).
    Removing glcd_simulation.o(.bss.iS_TA7), (2 bytes).
    Removing glcd_simulation.o(.bss.iS_TA8), (2 bytes).
    Removing glcd_simulation.o(.bss.iS_TA9), (2 bytes).
    Removing glcd_simulation.o(.bss.iS_Enc), (2 bytes).
    Removing glcd_simulation.o(.data.i7Seg), (2 bytes).
    Removing glcd_simulation.o(.bss.__stdout), (4 bytes).
    Removing glcd_simulation.o(.bss.__stdin), (4 bytes).
    Removing gpio.o(.text), (0 bytes).
    Removing gpio.o(.text.GPIOSetDir), (636 bytes).
    Removing gpio.o(.ARM.exidx.text.GPIOSetDir), (8 bytes).
    Removing gpio.o(.text.GPIOSetValue), (296 bytes).
    Removing gpio.o(.ARM.exidx.text.GPIOSetValue), (8 bytes).
    Removing gpio.o(.text.GPIOGetValue), (180 bytes).
    Removing gpio.o(.ARM.exidx.text.GPIOGetValue), (8 bytes).
    Removing gpio.o(.text.GPIOToggle), (170 bytes).
    Removing gpio.o(.ARM.exidx.text.GPIOToggle), (8 bytes).
    Removing adc.o(.text), (0 bytes).
    Removing adc.o(.text.ADC_Init), (656 bytes).
    Removing adc.o(.ARM.exidx.text.ADC_Init), (8 bytes).
    Removing adc.o(.text.__NVIC_ClearPendingIRQ), (48 bytes).
    Removing adc.o(.ARM.exidx.text.__NVIC_ClearPendingIRQ), (8 bytes).
    Removing adc.o(.text.__NVIC_SetPriority), (66 bytes).
    Removing adc.o(.ARM.exidx.text.__NVIC_SetPriority), (8 bytes).
    Removing adc.o(.text.__NVIC_EnableIRQ), (48 bytes).
    Removing adc.o(.ARM.exidx.text.__NVIC_EnableIRQ), (8 bytes).
    Removing adc.o(.text.ADC_StartCnv), (440 bytes).
    Removing adc.o(.ARM.exidx.text.ADC_StartCnv), (8 bytes).
    Removing adc.o(.text.ADC_StopCnv), (18 bytes).
    Removing adc.o(.ARM.exidx.text.ADC_StopCnv), (8 bytes).
    Removing adc.o(.text.ADC_Stat), (14 bytes).
    Removing adc.o(.ARM.exidx.text.ADC_Stat), (8 bytes).
    Removing adc.o(.text.ADC_GetValue), (182 bytes).
    Removing adc.o(.ARM.exidx.text.ADC_GetValue), (8 bytes).
    Removing lcd.o(.text), (0 bytes).
    Removing lcd.o(.text.lcd_bin), (88 bytes).
    Removing lcd.o(.ARM.exidx.text.lcd_bin), (8 bytes).
    Removing lcd.o(.text.lcd_hex), (92 bytes).
    Removing lcd.o(.ARM.exidx.text.lcd_hex), (8 bytes).
    Removing lcd.o(.ARM.exidx.text.lcd_dez), (8 bytes).
    Removing lcd.o(.ARM.exidx.text.AD_Volt), (8 bytes).
    Removing lcd.o(.text.TempConv), (254 bytes).
    Removing lcd.o(.ARM.exidx.text.TempConv), (8 bytes).
    Removing lcd.o(.bss.lcd_bin.text_string), (9 bytes).
    Removing lcd.o(.rodata.str1.1), (53 bytes).
    Removing lcd.o(.bss.lcd_hex.text_string), (5 bytes).
    Removing lcd.o(.bss.TempConv.text_string), (7 bytes).
    Removing dma.o(.text), (0 bytes).
    Removing dma.o(.ARM.exidx.text.DMA_DAC_func), (8 bytes).
    Removing system_lpc17xx.o(.text), (0 bytes).
    Removing system_lpc17xx.o(.text.SystemCoreClockUpdate), (428 bytes).
    Removing system_lpc17xx.o(.ARM.exidx.text.SystemCoreClockUpdate), (8 bytes).
    Removing system_lpc17xx.o(.ARM.exidx.text.SystemInit), (8 bytes).
    Removing system_lpc17xx.o(.data.SystemCoreClock), (4 bytes).

161 unused section(s) (total 16476 bytes) removed from the image.

==============================================================================

Image Symbol Table

    Local Symbols

    Symbol Name                              Value     Ov Type        Size  Object(Section)

    ../clib/angel/boardlib.s                 0x00000000   Number         0  boardinit1.o ABSOLUTE
    ../clib/angel/boardlib.s                 0x00000000   Number         0  boardinit2.o ABSOLUTE
    ../clib/angel/boardlib.s                 0x00000000   Number         0  boardinit3.o ABSOLUTE
    ../clib/angel/boardlib.s                 0x00000000   Number         0  boardshut.o ABSOLUTE
    ../clib/angel/handlers.s                 0x00000000   Number         0  __scatter_copy.o ABSOLUTE
    ../clib/angel/handlers.s                 0x00000000   Number         0  __scatter_zi.o ABSOLUTE
    ../clib/angel/kernel.s                   0x00000000   Number         0  __rtentry.o ABSOLUTE
    ../clib/angel/kernel.s                   0x00000000   Number         0  __rtentry2.o ABSOLUTE
    ../clib/angel/kernel.s                   0x00000000   Number         0  __rtentry4.o ABSOLUTE
    ../clib/angel/kernel.s                   0x00000000   Number         0  rtexit.o ABSOLUTE
    ../clib/angel/kernel.s                   0x00000000   Number         0  rtexit2.o ABSOLUTE
    ../clib/angel/rt.s                       0x00000000   Number         0  aeabi_ldiv0.o ABSOLUTE
    ../clib/angel/rt.s                       0x00000000   Number         0  aeabi_ldiv0_sigfpe.o ABSOLUTE
    ../clib/angel/rt.s                       0x00000000   Number         0  rt_div0.o ABSOLUTE
    ../clib/angel/rt.s                       0x00000000   Number         0  rt_ctype_table.o ABSOLUTE
    ../clib/angel/rt.s                       0x00000000   Number         0  rt_locale.o ABSOLUTE
    ../clib/angel/rt.s                       0x00000000   Number         0  rt_locale_intlibspace.o ABSOLUTE
    ../clib/angel/rt.s                       0x00000000   Number         0  rt_raise.o ABSOLUTE
    ../clib/angel/scatter.s                  0x00000000   Number         0  __scatter.o ABSOLUTE
    ../clib/angel/startup.s                  0x00000000   Number         0  __main.o ABSOLUTE
    ../clib/angel/sys.s                      0x00000000   Number         0  sys_stackheap_outer.o ABSOLUTE
    ../clib/angel/sys.s                      0x00000000   Number         0  libspace.o ABSOLUTE
    ../clib/angel/sys.s                      0x00000000   Number         0  use_no_semi.o ABSOLUTE
    ../clib/angel/sys.s                      0x00000000   Number         0  indicate_semi.o ABSOLUTE
    ../clib/angel/sysapp.c                   0x00000000   Number         0  sys_exit.o ABSOLUTE
    ../clib/angel/sysapp.c                   0x00000000   Number         0  sys_exit_hlt.o ABSOLUTE
    ../clib/angel/sysapp.c                   0x00000000   Number         0  sys_wrch.o ABSOLUTE
    ../clib/angel/sysapp.c                   0x00000000   Number         0  sys_wrch_hlt.o ABSOLUTE
    ../clib/angel/sysapp.c                   0x00000000   Number         0  sys_command.o ABSOLUTE
    ../clib/angel/sysapp.c                   0x00000000   Number         0  sys_command_hlt.o ABSOLUTE
    ../clib/armsys.c                         0x00000000   Number         0  argv_veneer.o ABSOLUTE
    ../clib/armsys.c                         0x00000000   Number         0  argv_veneer.o ABSOLUTE
    ../clib/armsys.c                         0x00000000   Number         0  _get_argv_nomalloc.o ABSOLUTE
    ../clib/armsys.c                         0x00000000   Number         0  no_argv.o ABSOLUTE
    ../clib/bigflt.c                         0x00000000   Number         0  bigflt0.o ABSOLUTE
    ../clib/btod.s                           0x00000000   Number         0  btod.o ABSOLUTE
    ../clib/btod_accurate.c                  0x00000000   Number         0  btod_accurate.o ABSOLUTE
    ../clib/btod_accurate.c                  0x00000000   Number         0  btod_accurate_common.o ABSOLUTE
    ../clib/heapalloc.c                      0x00000000   Number         0  hrguard.o ABSOLUTE
    ../clib/heapaux.c                        0x00000000   Number         0  heapauxi.o ABSOLUTE
    ../clib/libinit.s                        0x00000000   Number         0  libinit.o ABSOLUTE
    ../clib/libinit.s                        0x00000000   Number         0  libinit2.o ABSOLUTE
    ../clib/libinit.s                        0x00000000   Number         0  libshutdown.o ABSOLUTE
    ../clib/libinit.s                        0x00000000   Number         0  libshutdown2.o ABSOLUTE
    ../clib/locale.c                         0x00000000   Number         0  _c16rtomb.o ABSOLUTE
    ../clib/locale.s                         0x00000000   Number         0  lc_numeric_c.o ABSOLUTE
    ../clib/locale.s                         0x00000000   Number         0  lc_ctype_c.o ABSOLUTE
    ../clib/longlong.s                       0x00000000   Number         0  lludivv7m.o ABSOLUTE
    ../clib/longlong.s                       0x00000000   Number         0  lludiv10.o ABSOLUTE
    ../clib/longlong.s                       0x00000000   Number         0  llushr.o ABSOLUTE
    ../clib/memcpset.s                       0x00000000   Number         0  rt_memcpy_v6.o ABSOLUTE
    ../clib/memcpset.s                       0x00000000   Number         0  rt_memcpy_w.o ABSOLUTE
    ../clib/memcpset.s                       0x00000000   Number         0  strcmpv7m.o ABSOLUTE
    ../clib/misc.s                           0x00000000   Number         0  printf_stubs.o ABSOLUTE
    ../clib/printf.c                         0x00000000   Number         0  printf.o ABSOLUTE
    ../clib/printf.c                         0x00000000   Number         0  __printf.o ABSOLUTE
    ../clib/printf.c                         0x00000000   Number         0  _printf_pad.o ABSOLUTE
    ../clib/printf.c                         0x00000000   Number         0  _printf_truncate.o ABSOLUTE
    ../clib/printf.c                         0x00000000   Number         0  _printf_str.o ABSOLUTE
    ../clib/printf.c                         0x00000000   Number         0  _printf_dec.o ABSOLUTE
    ../clib/printf.c                         0x00000000   Number         0  _printf_charcount.o ABSOLUTE
    ../clib/printf.c                         0x00000000   Number         0  _printf_char_file.o ABSOLUTE
    ../clib/printf.c                         0x00000000   Number         0  _printf_wctomb.o ABSOLUTE
    ../clib/printf.c                         0x00000000   Number         0  _printf_longlong_dec.o ABSOLUTE
    ../clib/printf.c                         0x00000000   Number         0  _printf_oct_ll.o ABSOLUTE
    ../clib/printf.c                         0x00000000   Number         0  _printf_oct_int.o ABSOLUTE
    ../clib/printf.c                         0x00000000   Number         0  _printf_oct_int_ll.o ABSOLUTE
    ../clib/printf.c                         0x00000000   Number         0  _printf_hex_ll.o ABSOLUTE
    ../clib/printf.c                         0x00000000   Number         0  _printf_hex_int.o ABSOLUTE
    ../clib/printf.c                         0x00000000   Number         0  _printf_hex_int_ll.o ABSOLUTE
    ../clib/printf.c                         0x00000000   Number         0  _printf_hex_ptr.o ABSOLUTE
    ../clib/printf.c                         0x00000000   Number         0  _printf_hex_int_ptr.o ABSOLUTE
    ../clib/printf.c                         0x00000000   Number         0  _printf_hex_ll_ptr.o ABSOLUTE
    ../clib/printf.c                         0x00000000   Number         0  _printf_hex_int_ll_ptr.o ABSOLUTE
    ../clib/printf.c                         0x00000000   Number         0  __printf_flags.o ABSOLUTE
    ../clib/printf.c                         0x00000000   Number         0  __printf_ss.o ABSOLUTE
    ../clib/printf.c                         0x00000000   Number         0  __printf_flags_ss.o ABSOLUTE
    ../clib/printf.c                         0x00000000   Number         0  __printf_wp.o ABSOLUTE
    ../clib/printf.c                         0x00000000   Number         0  __printf_flags_wp.o ABSOLUTE
    ../clib/printf.c                         0x00000000   Number         0  __printf_ss_wp.o ABSOLUTE
    ../clib/printf.c                         0x00000000   Number         0  __printf_flags_ss_wp.o ABSOLUTE
    ../clib/printf.c                         0x00000000   Number         0  _printf_intcommon.o ABSOLUTE
    ../clib/printf.c                         0x00000000   Number         0  _printf_fp_dec.o ABSOLUTE
    ../clib/printf.c                         0x00000000   Number         0  _printf_fp_dec_accurate.o ABSOLUTE
    ../clib/printf.c                         0x00000000   Number         0  _printf_fp_hex.o ABSOLUTE
    ../clib/printf.c                         0x00000000   Number         0  _printf_char_common.o ABSOLUTE
    ../clib/printf.c                         0x00000000   Number         0  _printf_char.o ABSOLUTE
    ../clib/printf.c                         0x00000000   Number         0  _printf_wchar.o ABSOLUTE
    ../clib/printf.c                         0x00000000   Number         0  _printf_fp_infnan.o ABSOLUTE
    ../clib/printf.c                         0x00000000   Number         0  __printf_nopercent.o ABSOLUTE
    ../clib/printf_percent.s                 0x00000000   Number         0  _printf_c.o ABSOLUTE
    ../clib/printf_percent.s                 0x00000000   Number         0  _printf_s.o ABSOLUTE
    ../clib/printf_percent.s                 0x00000000   Number         0  _printf_n.o ABSOLUTE
    ../clib/printf_percent.s                 0x00000000   Number         0  _printf_x.o ABSOLUTE
    ../clib/printf_percent.s                 0x00000000   Number         0  _printf_p.o ABSOLUTE
    ../clib/printf_percent.s                 0x00000000   Number         0  _printf_o.o ABSOLUTE
    ../clib/printf_percent.s                 0x00000000   Number         0  _printf_i.o ABSOLUTE
    ../clib/printf_percent.s                 0x00000000   Number         0  _printf_d.o ABSOLUTE
    ../clib/printf_percent.s                 0x00000000   Number         0  _printf_u.o ABSOLUTE
    ../clib/printf_percent.s                 0x00000000   Number         0  _printf_f.o ABSOLUTE
    ../clib/printf_percent.s                 0x00000000   Number         0  _printf_e.o ABSOLUTE
    ../clib/printf_percent.s                 0x00000000   Number         0  _printf_g.o ABSOLUTE
    ../clib/printf_percent.s                 0x00000000   Number         0  _printf_a.o ABSOLUTE
    ../clib/printf_percent.s                 0x00000000   Number         0  _printf_percent.o ABSOLUTE
    ../clib/printf_percent.s                 0x00000000   Number         0  _printf_lli.o ABSOLUTE
    ../clib/printf_percent.s                 0x00000000   Number         0  _printf_lld.o ABSOLUTE
    ../clib/printf_percent.s                 0x00000000   Number         0  _printf_llu.o ABSOLUTE
    ../clib/printf_percent.s                 0x00000000   Number         0  _printf_ll.o ABSOLUTE
    ../clib/printf_percent.s                 0x00000000   Number         0  _printf_l.o ABSOLUTE
    ../clib/printf_percent.s                 0x00000000   Number         0  _printf_lc.o ABSOLUTE
    ../clib/printf_percent.s                 0x00000000   Number         0  _printf_ls.o ABSOLUTE
    ../clib/printf_percent.s                 0x00000000   Number         0  _printf_llo.o ABSOLUTE
    ../clib/printf_percent.s                 0x00000000   Number         0  _printf_llx.o ABSOLUTE
    ../clib/printf_percent.s                 0x00000000   Number         0  _printf_percent_end.o ABSOLUTE
    ../clib/signal.c                         0x00000000   Number         0  defsig_fpe_outer.o ABSOLUTE
    ../clib/signal.c                         0x00000000   Number         0  defsig_fpe_formal.o ABSOLUTE
    ../clib/signal.c                         0x00000000   Number         0  defsig_exit.o ABSOLUTE
    ../clib/signal.c                         0x00000000   Number         0  defsig_fpe_inner.o ABSOLUTE
    ../clib/signal.c                         0x00000000   Number         0  __raise.o ABSOLUTE
    ../clib/signal.c                         0x00000000   Number         0  defsig_general.o ABSOLUTE
    ../clib/signal.c                         0x00000000   Number         0  defsig_abrt_inner.o ABSOLUTE
    ../clib/signal.c                         0x00000000   Number         0  defsig_rtred_inner.o ABSOLUTE
    ../clib/signal.c                         0x00000000   Number         0  defsig_rtmem_inner.o ABSOLUTE
    ../clib/signal.c                         0x00000000   Number         0  defsig_rtmem_outer.o ABSOLUTE
    ../clib/signal.c                         0x00000000   Number         0  defsig_rtmem_formal.o ABSOLUTE
    ../clib/signal.c                         0x00000000   Number         0  defsig_stak_inner.o ABSOLUTE
    ../clib/signal.c                         0x00000000   Number         0  defsig_pvfn_inner.o ABSOLUTE
    ../clib/signal.c                         0x00000000   Number         0  defsig_cppl_inner.o ABSOLUTE
    ../clib/signal.c                         0x00000000   Number         0  defsig_segv_inner.o ABSOLUTE
    ../clib/signal.c                         0x00000000   Number         0  defsig_other.o ABSOLUTE
    ../clib/signal.s                         0x00000000   Number         0  defsig.o ABSOLUTE
    ../clib/stdio.c                          0x00000000   Number         0  ferror.o ABSOLUTE
    ../clib/stdio.c                          0x00000000   Number         0  ferror_locked.o ABSOLUTE
    ../clib/stdlib.c                         0x00000000   Number         0  exit.o ABSOLUTE
    ../clib/string.c                         0x00000000   Number         0  strcpy.o ABSOLUTE
    ../fplib/dcmp.s                          0x00000000   Number         0  dcmp.o ABSOLUTE
    ../fplib/dcmpi.s                         0x00000000   Number         0  dcmpi.o ABSOLUTE
    ../fplib/deqf.s                          0x00000000   Number         0  deqf.o ABSOLUTE
    ../fplib/dgeqf.s                         0x00000000   Number         0  dgeqf.o ABSOLUTE
    ../fplib/dleqf.s                         0x00000000   Number         0  dleqf.o ABSOLUTE
    ../fplib/dnaninf.s                       0x00000000   Number         0  dnaninf.o ABSOLUTE
    ../fplib/dretinf.s                       0x00000000   Number         0  dretinf.o ABSOLUTE
    ../fplib/f2d.s                           0x00000000   Number         0  f2d.o ABSOLUTE
    ../fplib/faddsub.s                       0x00000000   Number         0  faddsub_clz.o ABSOLUTE
    ../fplib/fdiv.s                          0x00000000   Number         0  fdiv.o ABSOLUTE
    ../fplib/ffixu.s                         0x00000000   Number         0  ffixu.o ABSOLUTE
    ../fplib/fflt.s                          0x00000000   Number         0  fflt_clz.o ABSOLUTE
    ../fplib/fmul.s                          0x00000000   Number         0  fmul.o ABSOLUTE
    ../fplib/fnaninf.s                       0x00000000   Number         0  fnaninf.o ABSOLUTE
    ../fplib/fpinit.s                        0x00000000   Number         0  fpinit.o ABSOLUTE
    ../fplib/fpinit_empty.s                  0x00000000   Number         0  fpinit_empty.o ABSOLUTE
    ../fplib/fretinf.s                       0x00000000   Number         0  fretinf.o ABSOLUTE
    ../fplib/istatus.s                       0x00000000   Number         0  istatus.o ABSOLUTE
    ../fplib/printf1.s                       0x00000000   Number         0  printf1.o ABSOLUTE
    ../fplib/printf2.s                       0x00000000   Number         0  printf2.o ABSOLUTE
    ../fplib/printf2a.s                      0x00000000   Number         0  printf2a.o ABSOLUTE
    ../fplib/printf2b.s                      0x00000000   Number         0  printf2b.o ABSOLUTE
    ../fplib/usenofp.s                       0x00000000   Number         0  usenofp.o ABSOLUTE
    ../mathlib/fpclassify.c                  0x00000000   Number         0  fpclassify.o ABSOLUTE
    DMA.c                                    0x00000000   Number         0  dma.o ABSOLUTE
    GLCD_SPI_LPC1700.c                       0x00000000   Number         0  glcd_spi_lpc1700.o ABSOLUTE
    RTE/Device/LPC1769/startup_LPC17xx.s     0x00000000   Number         0  startup_lpc17xx.o ABSOLUTE
    adc.c                                    0x00000000   Number         0  adc.o ABSOLUTE
    dc.s                                     0x00000000   Number         0  dc.o ABSOLUTE
    glcd_simulation.c                        0x00000000   Number         0  glcd_simulation.o ABSOLUTE
    gpio.c                                   0x00000000   Number         0  gpio.o ABSOLUTE
    lcd.c                                    0x00000000   Number         0  lcd.o ABSOLUTE
    system_LPC17xx.c                         0x00000000   Number         0  system_lpc17xx.o ABSOLUTE
    test_4.c                                 0x00000000   Number         0  test_4.o ABSOLUTE
    .ARM.__at_0x02FC                         0x000002fc   Section        4  startup_lpc17xx.o(.ARM.__at_0x02FC)
    RESET                                    0x10000000   Section      204  startup_lpc17xx.o(RESET)
    !!!main                                  0x100000cc   Section        8  __main.o(!!!main)
    !!!scatter                               0x100000d4   Section       52  __scatter.o(!!!scatter)
    !!handler_copy                           0x10000108   Section       26  __scatter_copy.o(!!handler_copy)
    !!handler_zi                             0x10000124   Section       28  __scatter_zi.o(!!handler_zi)
    .ARM.Collect$$libinit$$00000000          0x10000140   Section        2  libinit.o(.ARM.Collect$$libinit$$00000000)
    .ARM.Collect$$libinit$$00000002          0x10000142   Section        0  libinit2.o(.ARM.Collect$$libinit$$00000002)
    .ARM.Collect$$libinit$$00000004          0x10000142   Section        0  libinit2.o(.ARM.Collect$$libinit$$00000004)
    .ARM.Collect$$libinit$$00000006          0x10000142   Section        0  libinit2.o(.ARM.Collect$$libinit$$00000006)
    .ARM.Collect$$libinit$$0000000C          0x10000142   Section        0  libinit2.o(.ARM.Collect$$libinit$$0000000C)
    .ARM.Collect$$libinit$$0000000E          0x10000142   Section        0  libinit2.o(.ARM.Collect$$libinit$$0000000E)
    .ARM.Collect$$libinit$$00000010          0x10000142   Section        0  libinit2.o(.ARM.Collect$$libinit$$00000010)
    .ARM.Collect$$libinit$$00000013          0x10000142   Section        0  libinit2.o(.ARM.Collect$$libinit$$00000013)
    .ARM.Collect$$libinit$$00000015          0x10000142   Section        0  libinit2.o(.ARM.Collect$$libinit$$00000015)
    .ARM.Collect$$libinit$$00000017          0x10000142   Section        0  libinit2.o(.ARM.Collect$$libinit$$00000017)
    .ARM.Collect$$libinit$$00000019          0x10000142   Section        0  libinit2.o(.ARM.Collect$$libinit$$00000019)
    .ARM.Collect$$libinit$$0000001B          0x10000142   Section        0  libinit2.o(.ARM.Collect$$libinit$$0000001B)
    .ARM.Collect$$libinit$$0000001D          0x10000142   Section        0  libinit2.o(.ARM.Collect$$libinit$$0000001D)
    .ARM.Collect$$libinit$$0000001F          0x10000142   Section        0  libinit2.o(.ARM.Collect$$libinit$$0000001F)
    .ARM.Collect$$libinit$$00000021          0x10000142   Section        0  libinit2.o(.ARM.Collect$$libinit$$00000021)
    .ARM.Collect$$libinit$$00000023          0x10000142   Section        0  libinit2.o(.ARM.Collect$$libinit$$00000023)
    .ARM.Collect$$libinit$$00000025          0x10000142   Section        0  libinit2.o(.ARM.Collect$$libinit$$00000025)
    .ARM.Collect$$libinit$$00000027          0x10000142   Section        0  libinit2.o(.ARM.Collect$$libinit$$00000027)
    .ARM.Collect$$libinit$$0000002E          0x10000142   Section        0  libinit2.o(.ARM.Collect$$libinit$$0000002E)
    .ARM.Collect$$libinit$$00000030          0x10000142   Section        0  libinit2.o(.ARM.Collect$$libinit$$00000030)
    .ARM.Collect$$libinit$$00000032          0x10000142   Section        0  libinit2.o(.ARM.Collect$$libinit$$00000032)
    .ARM.Collect$$libinit$$00000034          0x10000142   Section        0  libinit2.o(.ARM.Collect$$libinit$$00000034)
    .ARM.Collect$$libinit$$00000035          0x10000142   Section        2  libinit2.o(.ARM.Collect$$libinit$$00000035)
    .ARM.Collect$$libshutdown$$00000000      0x10000144   Section        2  libshutdown.o(.ARM.Collect$$libshutdown$$00000000)
    .ARM.Collect$$libshutdown$$00000002      0x10000146   Section        0  libshutdown2.o(.ARM.Collect$$libshutdown$$00000002)
    .ARM.Collect$$libshutdown$$00000004      0x10000146   Section        0  libshutdown2.o(.ARM.Collect$$libshutdown$$00000004)
    .ARM.Collect$$libshutdown$$00000007      0x10000146   Section        0  libshutdown2.o(.ARM.Collect$$libshutdown$$00000007)
    .ARM.Collect$$libshutdown$$0000000A      0x10000146   Section        0  libshutdown2.o(.ARM.Collect$$libshutdown$$0000000A)
    .ARM.Collect$$libshutdown$$0000000C      0x10000146   Section        0  libshutdown2.o(.ARM.Collect$$libshutdown$$0000000C)
    .ARM.Collect$$libshutdown$$0000000F      0x10000146   Section        0  libshutdown2.o(.ARM.Collect$$libshutdown$$0000000F)
    .ARM.Collect$$libshutdown$$00000010      0x10000146   Section        2  libshutdown2.o(.ARM.Collect$$libshutdown$$00000010)
    .ARM.Collect$$rtentry$$00000000          0x10000148   Section        0  __rtentry.o(.ARM.Collect$$rtentry$$00000000)
    .ARM.Collect$$rtentry$$00000002          0x10000148   Section        0  __rtentry2.o(.ARM.Collect$$rtentry$$00000002)
    .ARM.Collect$$rtentry$$00000004          0x10000148   Section        6  __rtentry4.o(.ARM.Collect$$rtentry$$00000004)
    .ARM.Collect$$rtentry$$00000009          0x1000014e   Section        0  __rtentry2.o(.ARM.Collect$$rtentry$$00000009)
    .ARM.Collect$$rtentry$$0000000A          0x1000014e   Section        4  __rtentry2.o(.ARM.Collect$$rtentry$$0000000A)
    .ARM.Collect$$rtentry$$0000000C          0x10000152   Section        0  __rtentry2.o(.ARM.Collect$$rtentry$$0000000C)
    .ARM.Collect$$rtentry$$0000000D          0x10000152   Section        8  __rtentry2.o(.ARM.Collect$$rtentry$$0000000D)
    .ARM.Collect$$rtexit$$00000000           0x1000015a   Section        2  rtexit.o(.ARM.Collect$$rtexit$$00000000)
    .ARM.Collect$$rtexit$$00000002           0x1000015c   Section        0  rtexit2.o(.ARM.Collect$$rtexit$$00000002)
    .ARM.Collect$$rtexit$$00000003           0x1000015c   Section        4  rtexit2.o(.ARM.Collect$$rtexit$$00000003)
    .ARM.Collect$$rtexit$$00000004           0x10000160   Section        6  rtexit2.o(.ARM.Collect$$rtexit$$00000004)
    .text                                    0x10000168   Section       60  startup_lpc17xx.o(.text)
    .text                                    0x100001a4   Section        0  heapauxi.o(.text)
    .text                                    0x100001aa   Section       74  sys_stackheap_outer.o(.text)
    .text                                    0x100001f4   Section        0  exit.o(.text)
    .text                                    0x10000208   Section        8  libspace.o(.text)
    .text                                    0x10000210   Section        0  sys_exit.o(.text)
    .text                                    0x1000021c   Section        2  use_no_semi.o(.text)
    .text                                    0x1000021e   Section        0  indicate_semi.o(.text)
    [Anonymous Symbol]                       0x10000220   Section        0  lcd.o(.text.AD_Volt)
    [Anonymous Symbol]                       0x100002e8   Section        0  test_4.o(.text.DAC_Init)
    [Anonymous Symbol]                       0x1000032c   Section        0  test_4.o(.text.DAC_Timer_Init)
    [Anonymous Symbol]                       0x10000364   Section        0  dma.o(.text.DMA_DAC_func)
    [Anonymous Symbol]                       0x100003f8   Section        0  glcd_spi_lpc1700.o(.text.GLCD_Clear)
    [Anonymous Symbol]                       0x10000438   Section        0  glcd_spi_lpc1700.o(.text.GLCD_DisplayChar)
    [Anonymous Symbol]                       0x100004c4   Section        0  glcd_spi_lpc1700.o(.text.GLCD_DisplayString)
    [Anonymous Symbol]                       0x10000500   Section        0  glcd_spi_lpc1700.o(.text.GLCD_DrawChar)
    [Anonymous Symbol]                       0x10000600   Section        0  glcd_spi_lpc1700.o(.text.GLCD_Init)
    [Anonymous Symbol]                       0x10000c74   Section        0  glcd_spi_lpc1700.o(.text.GLCD_SetBackColor)
    [Anonymous Symbol]                       0x10000c8c   Section        0  glcd_spi_lpc1700.o(.text.GLCD_SetTextColor)
    [Anonymous Symbol]                       0x10000ca4   Section        0  glcd_spi_lpc1700.o(.text.GLCD_SetWindow)
    [Anonymous Symbol]                       0x10000d74   Section        0  glcd_spi_lpc1700.o(.text.GLCD_Simulation)
    [Anonymous Symbol]                       0x10000d78   Section        0  glcd_spi_lpc1700.o(.text.GLCD_WindowMax)
    [Anonymous Symbol]                       0x10000d8c   Section        0  system_lpc17xx.o(.text.SystemInit)
    delay                                    0x10000f11   Thumb Code    28  glcd_spi_lpc1700.o(.text.delay)
    [Anonymous Symbol]                       0x10000f10   Section        0  glcd_spi_lpc1700.o(.text.delay)
    [Anonymous Symbol]                       0x10000f2c   Section        0  test_4.o(.text.generateTriangleWave)
    [Anonymous Symbol]                       0x10000fb8   Section        0  lcd.o(.text.lcd_dez)
    [Anonymous Symbol]                       0x100010b4   Section        0  test_4.o(.text.main)
    rd_dat                                   0x10001259   Thumb Code    98  glcd_spi_lpc1700.o(.text.rd_dat)
    [Anonymous Symbol]                       0x10001258   Section        0  glcd_spi_lpc1700.o(.text.rd_dat)
    rd_id_man                                0x100012bd   Thumb Code   190  glcd_spi_lpc1700.o(.text.rd_id_man)
    [Anonymous Symbol]                       0x100012bc   Section        0  glcd_spi_lpc1700.o(.text.rd_id_man)
    rd_reg                                   0x1000137d   Thumb Code    24  glcd_spi_lpc1700.o(.text.rd_reg)
    [Anonymous Symbol]                       0x1000137c   Section        0  glcd_spi_lpc1700.o(.text.rd_reg)
    spi_tran                                 0x10001395   Thumb Code    52  glcd_spi_lpc1700.o(.text.spi_tran)
    [Anonymous Symbol]                       0x10001394   Section        0  glcd_spi_lpc1700.o(.text.spi_tran)
    spi_tran_man                             0x100013c9   Thumb Code   216  glcd_spi_lpc1700.o(.text.spi_tran_man)
    [Anonymous Symbol]                       0x100013c8   Section        0  glcd_spi_lpc1700.o(.text.spi_tran_man)
    wr_cmd                                   0x100014a1   Thumb Code    58  glcd_spi_lpc1700.o(.text.wr_cmd)
    [Anonymous Symbol]                       0x100014a0   Section        0  glcd_spi_lpc1700.o(.text.wr_cmd)
    wr_dat                                   0x100014dd   Thumb Code    60  glcd_spi_lpc1700.o(.text.wr_dat)
    [Anonymous Symbol]                       0x100014dc   Section        0  glcd_spi_lpc1700.o(.text.wr_dat)
    wr_dat_only                              0x10001519   Thumb Code    28  glcd_spi_lpc1700.o(.text.wr_dat_only)
    [Anonymous Symbol]                       0x10001518   Section        0  glcd_spi_lpc1700.o(.text.wr_dat_only)
    wr_dat_start                             0x10001535   Thumb Code    22  glcd_spi_lpc1700.o(.text.wr_dat_start)
    [Anonymous Symbol]                       0x10001534   Section        0  glcd_spi_lpc1700.o(.text.wr_dat_start)
    wr_dat_stop                              0x1000154d   Thumb Code    14  glcd_spi_lpc1700.o(.text.wr_dat_stop)
    [Anonymous Symbol]                       0x1000154c   Section        0  glcd_spi_lpc1700.o(.text.wr_dat_stop)
    wr_reg                                   0x1000155d   Thumb Code    32  glcd_spi_lpc1700.o(.text.wr_reg)
    [Anonymous Symbol]                       0x1000155c   Section        0  glcd_spi_lpc1700.o(.text.wr_reg)
    .L.str.8                                 0x10002dfc   Data          11  test_4.o(.rodata.str1.1)
    [Anonymous Symbol]                       0x10002dfc   Section        0  test_4.o(.rodata.str1.1)
    .L.str.6                                 0x10002e07   Data          11  test_4.o(.rodata.str1.1)
    .L.str.5                                 0x10002e12   Data          11  test_4.o(.rodata.str1.1)
    .L.str.3                                 0x10002e1d   Data          11  test_4.o(.rodata.str1.1)
    .L.str.2                                 0x10002e28   Data          22  test_4.o(.rodata.str1.1)
    .L.str.7                                 0x10002e3e   Data          12  test_4.o(.rodata.str1.1)
    .L.str                                   0x10002e4a   Data          22  test_4.o(.rodata.str1.1)
    .L.str.1                                 0x10002e60   Data          17  test_4.o(.rodata.str1.1)
    .L.str.4                                 0x10002e71   Data           9  test_4.o(.rodata.str1.1)
    Color                                    0x10006000   Data           4  glcd_spi_lpc1700.o(.data.Color)
    [Anonymous Symbol]                       0x10006000   Section        0  glcd_spi_lpc1700.o(.data.Color)
    .bss                                     0x10006008   Section       96  libspace.o(.bss)
    AD_Volt.text_string                      0x10006068   Data           6  lcd.o(.bss.AD_Volt.text_string)
    [Anonymous Symbol]                       0x10006068   Section        0  lcd.o(.bss.AD_Volt.text_string)
    DMA_DAC_func.LLI                         0x10006070   Data          16  dma.o(.bss.DMA_DAC_func.LLI)
    [Anonymous Symbol]                       0x10006070   Section        0  dma.o(.bss.DMA_DAC_func.LLI)
    Himax                                    0x10006080   Data           1  glcd_spi_lpc1700.o(.bss.Himax)
    [Anonymous Symbol]                       0x10006080   Section        0  glcd_spi_lpc1700.o(.bss.Himax)
    lcd_dez.text_string                      0x10006088   Data           6  lcd.o(.bss.lcd_dez.text_string)
    [Anonymous Symbol]                       0x10006088   Section        0  lcd.o(.bss.lcd_dez.text_string)
    Heap_Mem                                 0x100063b0   Data           0  startup_lpc17xx.o(HEAP)
    Stack_Mem                                0x100063b0   Data         512  startup_lpc17xx.o(STACK)
    HEAP                                     0x100063b0   Section        0  startup_lpc17xx.o(HEAP)
    STACK                                    0x100063b0   Section      512  startup_lpc17xx.o(STACK)
    __initial_sp                             0x100065b0   Data           0  startup_lpc17xx.o(STACK)

    Global Symbols

    Symbol Name                              Value     Ov Type        Size  Object(Section)

    BuildAttributes$$THM_ISAv4$P$D$K$B$S$PE$A:L22UL41UL21$X:L11$S22US41US21$IEEE1$IW$~IW$USESV6$~STKCKD$USESV7$~SHL$OTIME$ROPI$IEEEJ$EBA8$UX$STANDARDLIB$REQ8$PRES8$EABIv2 0x00000000   Number         0  anon$$obj.o ABSOLUTE
    __fp_init_empty                          0x00000000   Number         0  fpinit_empty.o ABSOLUTE
    _printf_flags                            0x00000000   Number         0  printf_stubs.o ABSOLUTE
    _printf_return_value                     0x00000000   Number         0  printf_stubs.o ABSOLUTE
    _printf_sizespec                         0x00000000   Number         0  printf_stubs.o ABSOLUTE
    _printf_widthprec                        0x00000000   Number         0  printf_stubs.o ABSOLUTE
    __ARM_exceptions_init                     - Undefined Weak Reference
    __alloca_initialize                       - Undefined Weak Reference
    __arm_preinit_                            - Undefined Weak Reference
    __arm_relocate_pie_                       - Undefined Weak Reference
    __cpp_initialize__aeabi_                  - Undefined Weak Reference
    __cxa_finalize                            - Undefined Weak Reference
    __sigvec_lookup                           - Undefined Weak Reference
    _atexit_init                              - Undefined Weak Reference
    _call_atexit_fns                          - Undefined Weak Reference
    _clock_init                               - Undefined Weak Reference
    _fp_trap_init                             - Undefined Weak Reference
    _fp_trap_shutdown                         - Undefined Weak Reference
    _get_lc_collate                           - Undefined Weak Reference
    _get_lc_monetary                          - Undefined Weak Reference
    _get_lc_time                              - Undefined Weak Reference
    _getenv_init                              - Undefined Weak Reference
    _handle_redirection                       - Undefined Weak Reference
    _init_alloc                               - Undefined Weak Reference
    _init_user_alloc                          - Undefined Weak Reference
    _initio                                   - Undefined Weak Reference
    _mutex_acquire                            - Undefined Weak Reference
    _mutex_release                            - Undefined Weak Reference
    _printf_mbtowc                            - Undefined Weak Reference
    _printf_wc                                - Undefined Weak Reference
    _rand_init                                - Undefined Weak Reference
    _signal_finish                            - Undefined Weak Reference
    _signal_init                              - Undefined Weak Reference
    _terminate_alloc                          - Undefined Weak Reference
    _terminate_user_alloc                     - Undefined Weak Reference
    _terminateio                              - Undefined Weak Reference
    __Vectors                                0x10000000   Data           4  startup_lpc17xx.o(RESET)
    __main                                   0x100000cd   Thumb Code     8  __main.o(!!!main)
    __scatterload                            0x100000d5   Thumb Code     0  __scatter.o(!!!scatter)
    __scatterload_rt2                        0x100000d5   Thumb Code    44  __scatter.o(!!!scatter)
    __scatterload_rt2_thumb_only             0x100000d5   Thumb Code     0  __scatter.o(!!!scatter)
    __scatterload_null                       0x100000e3   Thumb Code     0  __scatter.o(!!!scatter)
    __scatterload_copy                       0x10000109   Thumb Code    26  __scatter_copy.o(!!handler_copy)
    __scatterload_zeroinit                   0x10000125   Thumb Code    28  __scatter_zi.o(!!handler_zi)
    __rt_lib_init                            0x10000141   Thumb Code     0  libinit.o(.ARM.Collect$$libinit$$00000000)
    __rt_lib_init_alloca_1                   0x10000143   Thumb Code     0  libinit2.o(.ARM.Collect$$libinit$$00000030)
    __rt_lib_init_argv_1                     0x10000143   Thumb Code     0  libinit2.o(.ARM.Collect$$libinit$$0000002E)
    __rt_lib_init_atexit_1                   0x10000143   Thumb Code     0  libinit2.o(.ARM.Collect$$libinit$$0000001D)
    __rt_lib_init_clock_1                    0x10000143   Thumb Code     0  libinit2.o(.ARM.Collect$$libinit$$00000023)
    __rt_lib_init_cpp_1                      0x10000143   Thumb Code     0  libinit2.o(.ARM.Collect$$libinit$$00000034)
    __rt_lib_init_exceptions_1               0x10000143   Thumb Code     0  libinit2.o(.ARM.Collect$$libinit$$00000032)
    __rt_lib_init_fp_1                       0x10000143   Thumb Code     0  libinit2.o(.ARM.Collect$$libinit$$00000002)
    __rt_lib_init_fp_trap_1                  0x10000143   Thumb Code     0  libinit2.o(.ARM.Collect$$libinit$$00000021)
    __rt_lib_init_getenv_1                   0x10000143   Thumb Code     0  libinit2.o(.ARM.Collect$$libinit$$00000025)
    __rt_lib_init_heap_1                     0x10000143   Thumb Code     0  libinit2.o(.ARM.Collect$$libinit$$0000000C)
    __rt_lib_init_lc_collate_1               0x10000143   Thumb Code     0  libinit2.o(.ARM.Collect$$libinit$$00000013)
    __rt_lib_init_lc_ctype_1                 0x10000143   Thumb Code     0  libinit2.o(.ARM.Collect$$libinit$$00000015)
    __rt_lib_init_lc_monetary_1              0x10000143   Thumb Code     0  libinit2.o(.ARM.Collect$$libinit$$00000017)
    __rt_lib_init_lc_numeric_1               0x10000143   Thumb Code     0  libinit2.o(.ARM.Collect$$libinit$$00000019)
    __rt_lib_init_lc_time_1                  0x10000143   Thumb Code     0  libinit2.o(.ARM.Collect$$libinit$$0000001B)
    __rt_lib_init_preinit_1                  0x10000143   Thumb Code     0  libinit2.o(.ARM.Collect$$libinit$$00000006)
    __rt_lib_init_rand_1                     0x10000143   Thumb Code     0  libinit2.o(.ARM.Collect$$libinit$$00000010)
    __rt_lib_init_relocate_pie_1             0x10000143   Thumb Code     0  libinit2.o(.ARM.Collect$$libinit$$00000004)
    __rt_lib_init_return                     0x10000143   Thumb Code     0  libinit2.o(.ARM.Collect$$libinit$$00000035)
    __rt_lib_init_signal_1                   0x10000143   Thumb Code     0  libinit2.o(.ARM.Collect$$libinit$$0000001F)
    __rt_lib_init_stdio_1                    0x10000143   Thumb Code     0  libinit2.o(.ARM.Collect$$libinit$$00000027)
    __rt_lib_init_user_alloc_1               0x10000143   Thumb Code     0  libinit2.o(.ARM.Collect$$libinit$$0000000E)
    __rt_lib_shutdown                        0x10000145   Thumb Code     0  libshutdown.o(.ARM.Collect$$libshutdown$$00000000)
    __rt_lib_shutdown_cpp_1                  0x10000147   Thumb Code     0  libshutdown2.o(.ARM.Collect$$libshutdown$$00000002)
    __rt_lib_shutdown_fp_trap_1              0x10000147   Thumb Code     0  libshutdown2.o(.ARM.Collect$$libshutdown$$00000007)
    __rt_lib_shutdown_heap_1                 0x10000147   Thumb Code     0  libshutdown2.o(.ARM.Collect$$libshutdown$$0000000F)
    __rt_lib_shutdown_return                 0x10000147   Thumb Code     0  libshutdown2.o(.ARM.Collect$$libshutdown$$00000010)
    __rt_lib_shutdown_signal_1               0x10000147   Thumb Code     0  libshutdown2.o(.ARM.Collect$$libshutdown$$0000000A)
    __rt_lib_shutdown_stdio_1                0x10000147   Thumb Code     0  libshutdown2.o(.ARM.Collect$$libshutdown$$00000004)
    __rt_lib_shutdown_user_alloc_1           0x10000147   Thumb Code     0  libshutdown2.o(.ARM.Collect$$libshutdown$$0000000C)
    __rt_entry                               0x10000149   Thumb Code     0  __rtentry.o(.ARM.Collect$$rtentry$$00000000)
    __rt_entry_presh_1                       0x10000149   Thumb Code     0  __rtentry2.o(.ARM.Collect$$rtentry$$00000002)
    __rt_entry_sh                            0x10000149   Thumb Code     0  __rtentry4.o(.ARM.Collect$$rtentry$$00000004)
    __rt_entry_li                            0x1000014f   Thumb Code     0  __rtentry2.o(.ARM.Collect$$rtentry$$0000000A)
    __rt_entry_postsh_1                      0x1000014f   Thumb Code     0  __rtentry2.o(.ARM.Collect$$rtentry$$00000009)
    __rt_entry_main                          0x10000153   Thumb Code     0  __rtentry2.o(.ARM.Collect$$rtentry$$0000000D)
    __rt_entry_postli_1                      0x10000153   Thumb Code     0  __rtentry2.o(.ARM.Collect$$rtentry$$0000000C)
    __rt_exit                                0x1000015b   Thumb Code     0  rtexit.o(.ARM.Collect$$rtexit$$00000000)
    __rt_exit_ls                             0x1000015d   Thumb Code     0  rtexit2.o(.ARM.Collect$$rtexit$$00000003)
    __rt_exit_prels_1                        0x1000015d   Thumb Code     0  rtexit2.o(.ARM.Collect$$rtexit$$00000002)
    __rt_exit_exit                           0x10000161   Thumb Code     0  rtexit2.o(.ARM.Collect$$rtexit$$00000004)
    Reset_Handler                            0x10000169   Thumb Code     8  startup_lpc17xx.o(.text)
    NMI_Handler                              0x10000171   Thumb Code     2  startup_lpc17xx.o(.text)
    HardFault_Handler                        0x10000173   Thumb Code     2  startup_lpc17xx.o(.text)
    MemManage_Handler                        0x10000175   Thumb Code     2  startup_lpc17xx.o(.text)
    BusFault_Handler                         0x10000177   Thumb Code     2  startup_lpc17xx.o(.text)
    UsageFault_Handler                       0x10000179   Thumb Code     2  startup_lpc17xx.o(.text)
    SVC_Handler                              0x1000017b   Thumb Code     2  startup_lpc17xx.o(.text)
    DebugMon_Handler                         0x1000017d   Thumb Code     2  startup_lpc17xx.o(.text)
    PendSV_Handler                           0x1000017f   Thumb Code     2  startup_lpc17xx.o(.text)
    SysTick_Handler                          0x10000181   Thumb Code     2  startup_lpc17xx.o(.text)
    ADC_IRQHandler                           0x10000183   Thumb Code     0  startup_lpc17xx.o(.text)
    BOD_IRQHandler                           0x10000183   Thumb Code     0  startup_lpc17xx.o(.text)
    CANActivity_IRQHandler                   0x10000183   Thumb Code     0  startup_lpc17xx.o(.text)
    CAN_IRQHandler                           0x10000183   Thumb Code     0  startup_lpc17xx.o(.text)
    DMA_IRQHandler                           0x10000183   Thumb Code     0  startup_lpc17xx.o(.text)
    EINT0_IRQHandler                         0x10000183   Thumb Code     0  startup_lpc17xx.o(.text)
    EINT1_IRQHandler                         0x10000183   Thumb Code     0  startup_lpc17xx.o(.text)
    EINT2_IRQHandler                         0x10000183   Thumb Code     0  startup_lpc17xx.o(.text)
    EINT3_IRQHandler                         0x10000183   Thumb Code     0  startup_lpc17xx.o(.text)
    ENET_IRQHandler                          0x10000183   Thumb Code     0  startup_lpc17xx.o(.text)
    I2C0_IRQHandler                          0x10000183   Thumb Code     0  startup_lpc17xx.o(.text)
    I2C1_IRQHandler                          0x10000183   Thumb Code     0  startup_lpc17xx.o(.text)
    I2C2_IRQHandler                          0x10000183   Thumb Code     0  startup_lpc17xx.o(.text)
    I2S_IRQHandler                           0x10000183   Thumb Code     0  startup_lpc17xx.o(.text)
    MCPWM_IRQHandler                         0x10000183   Thumb Code     0  startup_lpc17xx.o(.text)
    PLL0_IRQHandler                          0x10000183   Thumb Code     0  startup_lpc17xx.o(.text)
    PLL1_IRQHandler                          0x10000183   Thumb Code     0  startup_lpc17xx.o(.text)
    PWM1_IRQHandler                          0x10000183   Thumb Code     0  startup_lpc17xx.o(.text)
    QEI_IRQHandler                           0x10000183   Thumb Code     0  startup_lpc17xx.o(.text)
    RIT_IRQHandler                           0x10000183   Thumb Code     0  startup_lpc17xx.o(.text)
    RTC_IRQHandler                           0x10000183   Thumb Code     0  startup_lpc17xx.o(.text)
    SPI_IRQHandler                           0x10000183   Thumb Code     0  startup_lpc17xx.o(.text)
    SSP0_IRQHandler                          0x10000183   Thumb Code     0  startup_lpc17xx.o(.text)
    SSP1_IRQHandler                          0x10000183   Thumb Code     0  startup_lpc17xx.o(.text)
    TIMER0_IRQHandler                        0x10000183   Thumb Code     0  startup_lpc17xx.o(.text)
    TIMER1_IRQHandler                        0x10000183   Thumb Code     0  startup_lpc17xx.o(.text)
    TIMER2_IRQHandler                        0x10000183   Thumb Code     0  startup_lpc17xx.o(.text)
    TIMER3_IRQHandler                        0x10000183   Thumb Code     0  startup_lpc17xx.o(.text)
    UART0_IRQHandler                         0x10000183   Thumb Code     0  startup_lpc17xx.o(.text)
    UART1_IRQHandler                         0x10000183   Thumb Code     0  startup_lpc17xx.o(.text)
    UART2_IRQHandler                         0x10000183   Thumb Code     0  startup_lpc17xx.o(.text)
    UART3_IRQHandler                         0x10000183   Thumb Code     0  startup_lpc17xx.o(.text)
    USBActivity_IRQHandler                   0x10000183   Thumb Code     0  startup_lpc17xx.o(.text)
    USB_IRQHandler                           0x10000183   Thumb Code     0  startup_lpc17xx.o(.text)
    WDT_IRQHandler                           0x10000183   Thumb Code     0  startup_lpc17xx.o(.text)
    __user_initial_stackheap                 0x10000185   Thumb Code     0  startup_lpc17xx.o(.text)
    __use_two_region_memory                  0x100001a5   Thumb Code     2  heapauxi.o(.text)
    __rt_heap_escrow$2region                 0x100001a7   Thumb Code     2  heapauxi.o(.text)
    __rt_heap_expand$2region                 0x100001a9   Thumb Code     2  heapauxi.o(.text)
    __user_setup_stackheap                   0x100001ab   Thumb Code    74  sys_stackheap_outer.o(.text)
    exit                                     0x100001f5   Thumb Code    18  exit.o(.text)
    __user_libspace                          0x10000209   Thumb Code     8  libspace.o(.text)
    __user_perproc_libspace                  0x10000209   Thumb Code     0  libspace.o(.text)
    __user_perthread_libspace                0x10000209   Thumb Code     0  libspace.o(.text)
    _sys_exit                                0x10000211   Thumb Code     8  sys_exit.o(.text)
    __I$use$semihosting                      0x1000021d   Thumb Code     0  use_no_semi.o(.text)
    __use_no_semihosting_swi                 0x1000021d   Thumb Code     2  use_no_semi.o(.text)
    __semihosting_library_function           0x1000021f   Thumb Code     0  indicate_semi.o(.text)
    AD_Volt                                  0x10000221   Thumb Code   198  lcd.o(.text.AD_Volt)
    DAC_Init                                 0x100002e9   Thumb Code    66  test_4.o(.text.DAC_Init)
    DAC_Timer_Init                           0x1000032d   Thumb Code    54  test_4.o(.text.DAC_Timer_Init)
    DMA_DAC_func                             0x10000365   Thumb Code   146  dma.o(.text.DMA_DAC_func)
    GLCD_Clear                               0x100003f9   Thumb Code    64  glcd_spi_lpc1700.o(.text.GLCD_Clear)
    GLCD_DisplayChar                         0x10000439   Thumb Code   138  glcd_spi_lpc1700.o(.text.GLCD_DisplayChar)
    GLCD_DisplayString                       0x100004c5   Thumb Code    58  glcd_spi_lpc1700.o(.text.GLCD_DisplayString)
    GLCD_DrawChar                            0x10000501   Thumb Code   256  glcd_spi_lpc1700.o(.text.GLCD_DrawChar)
    GLCD_Init                                0x10000601   Thumb Code  1652  glcd_spi_lpc1700.o(.text.GLCD_Init)
    GLCD_SetBackColor                        0x10000c75   Thumb Code    24  glcd_spi_lpc1700.o(.text.GLCD_SetBackColor)
    GLCD_SetTextColor                        0x10000c8d   Thumb Code    24  glcd_spi_lpc1700.o(.text.GLCD_SetTextColor)
    GLCD_SetWindow                           0x10000ca5   Thumb Code   206  glcd_spi_lpc1700.o(.text.GLCD_SetWindow)
    GLCD_Simulation                          0x10000d75   Thumb Code     2  glcd_spi_lpc1700.o(.text.GLCD_Simulation)
    GLCD_WindowMax                           0x10000d79   Thumb Code    18  glcd_spi_lpc1700.o(.text.GLCD_WindowMax)
    SystemInit                               0x10000d8d   Thumb Code   388  system_lpc17xx.o(.text.SystemInit)
    generateTriangleWave                     0x10000f2d   Thumb Code   140  test_4.o(.text.generateTriangleWave)
    lcd_dez                                  0x10000fb9   Thumb Code   250  lcd.o(.text.lcd_dez)
    main                                     0x100010b5   Thumb Code   420  test_4.o(.text.main)
    Font_16x24_h                             0x1000157c   Data        5376  glcd_spi_lpc1700.o(.rodata.Font_16x24_h)
    Font_6x8_h                               0x10002a7c   Data         896  glcd_spi_lpc1700.o(.rodata.Font_6x8_h)
    Region$$Table$$Base                      0x10002e7c   Number         0  anon$$obj.o(Region$$Table)
    Region$$Table$$Limit                     0x10002e9c   Number         0  anon$$obj.o(Region$$Table)
    __libspace_start                         0x10006008   Data          96  libspace.o(.bss)
    __temporary_stack_top$libspace           0x10006068   Data           0  libspace.o(.bss)
    i                                        0x10006084   Data           4  test_4.o(.bss.i)
    sdata                                    0x10006090   Data         800  test_4.o(.bss.sdata)



==============================================================================

Memory Map of the image

  Image Entry point : 0x100000cd

  Load Region LR_IROM1 (Base: 0x10000000, Size: 0x00002ea8, Max: 0x00006000, ABSOLUTE)

    Execution Region ER_IROM1 (Exec base: 0x10000000, Load base: 0x10000000, Size: 0x00002e9c, Max: 0x00006000, ABSOLUTE)

    Exec Addr    Load Addr    Size         Type   Attr      Idx    E Section Name        Object

    0x10000000   0x10000000   0x000000cc   Data   RO          239    RESET               startup_lpc17xx.o
    0x100000cc   0x100000cc   0x00000008   Code   RO          273  * !!!main             c_w.l(__main.o)
    0x100000d4   0x100000d4   0x00000034   Code   RO          668    !!!scatter          c_w.l(__scatter.o)
    0x10000108   0x10000108   0x0000001a   Code   RO          670    !!handler_copy      c_w.l(__scatter_copy.o)
    0x10000122   0x10000122   0x00000002   PAD
    0x10000124   0x10000124   0x0000001c   Code   RO          672    !!handler_zi        c_w.l(__scatter_zi.o)
    0x10000140   0x10000140   0x00000002   Code   RO          517    .ARM.Collect$$libinit$$00000000  c_w.l(libinit.o)
    0x10000142   0x10000142   0x00000000   Code   RO          541    .ARM.Collect$$libinit$$00000002  c_w.l(libinit2.o)
    0x10000142   0x10000142   0x00000000   Code   RO          543    .ARM.Collect$$libinit$$00000004  c_w.l(libinit2.o)
    0x10000142   0x10000142   0x00000000   Code   RO          545    .ARM.Collect$$libinit$$00000006  c_w.l(libinit2.o)
    0x10000142   0x10000142   0x00000000   Code   RO          548    .ARM.Collect$$libinit$$0000000C  c_w.l(libinit2.o)
    0x10000142   0x10000142   0x00000000   Code   RO          550    .ARM.Collect$$libinit$$0000000E  c_w.l(libinit2.o)
    0x10000142   0x10000142   0x00000000   Code   RO          552    .ARM.Collect$$libinit$$00000010  c_w.l(libinit2.o)
    0x10000142   0x10000142   0x00000000   Code   RO          555    .ARM.Collect$$libinit$$00000013  c_w.l(libinit2.o)
    0x10000142   0x10000142   0x00000000   Code   RO          557    .ARM.Collect$$libinit$$00000015  c_w.l(libinit2.o)
    0x10000142   0x10000142   0x00000000   Code   RO          559    .ARM.Collect$$libinit$$00000017  c_w.l(libinit2.o)
    0x10000142   0x10000142   0x00000000   Code   RO          561    .ARM.Collect$$libinit$$00000019  c_w.l(libinit2.o)
    0x10000142   0x10000142   0x00000000   Code   RO          563    .ARM.Collect$$libinit$$0000001B  c_w.l(libinit2.o)
    0x10000142   0x10000142   0x00000000   Code   RO          565    .ARM.Collect$$libinit$$0000001D  c_w.l(libinit2.o)
    0x10000142   0x10000142   0x00000000   Code   RO          567    .ARM.Collect$$libinit$$0000001F  c_w.l(libinit2.o)
    0x10000142   0x10000142   0x00000000   Code   RO          569    .ARM.Collect$$libinit$$00000021  c_w.l(libinit2.o)
    0x10000142   0x10000142   0x00000000   Code   RO          571    .ARM.Collect$$libinit$$00000023  c_w.l(libinit2.o)
    0x10000142   0x10000142   0x00000000   Code   RO          573    .ARM.Collect$$libinit$$00000025  c_w.l(libinit2.o)
    0x10000142   0x10000142   0x00000000   Code   RO          575    .ARM.Collect$$libinit$$00000027  c_w.l(libinit2.o)
    0x10000142   0x10000142   0x00000000   Code   RO          579    .ARM.Collect$$libinit$$0000002E  c_w.l(libinit2.o)
    0x10000142   0x10000142   0x00000000   Code   RO          581    .ARM.Collect$$libinit$$00000030  c_w.l(libinit2.o)
    0x10000142   0x10000142   0x00000000   Code   RO          583    .ARM.Collect$$libinit$$00000032  c_w.l(libinit2.o)
    0x10000142   0x10000142   0x00000000   Code   RO          585    .ARM.Collect$$libinit$$00000034  c_w.l(libinit2.o)
    0x10000142   0x10000142   0x00000002   Code   RO          586    .ARM.Collect$$libinit$$00000035  c_w.l(libinit2.o)
    0x10000144   0x10000144   0x00000002   Code   RO          623    .ARM.Collect$$libshutdown$$00000000  c_w.l(libshutdown.o)
    0x10000146   0x10000146   0x00000000   Code   RO          651    .ARM.Collect$$libshutdown$$00000002  c_w.l(libshutdown2.o)
    0x10000146   0x10000146   0x00000000   Code   RO          653    .ARM.Collect$$libshutdown$$00000004  c_w.l(libshutdown2.o)
    0x10000146   0x10000146   0x00000000   Code   RO          656    .ARM.Collect$$libshutdown$$00000007  c_w.l(libshutdown2.o)
    0x10000146   0x10000146   0x00000000   Code   RO          659    .ARM.Collect$$libshutdown$$0000000A  c_w.l(libshutdown2.o)
    0x10000146   0x10000146   0x00000000   Code   RO          661    .ARM.Collect$$libshutdown$$0000000C  c_w.l(libshutdown2.o)
    0x10000146   0x10000146   0x00000000   Code   RO          664    .ARM.Collect$$libshutdown$$0000000F  c_w.l(libshutdown2.o)
    0x10000146   0x10000146   0x00000002   Code   RO          665    .ARM.Collect$$libshutdown$$00000010  c_w.l(libshutdown2.o)
    0x10000148   0x10000148   0x00000000   Code   RO          301    .ARM.Collect$$rtentry$$00000000  c_w.l(__rtentry.o)
    0x10000148   0x10000148   0x00000000   Code   RO          419    .ARM.Collect$$rtentry$$00000002  c_w.l(__rtentry2.o)
    0x10000148   0x10000148   0x00000006   Code   RO          431    .ARM.Collect$$rtentry$$00000004  c_w.l(__rtentry4.o)
    0x1000014e   0x1000014e   0x00000000   Code   RO          421    .ARM.Collect$$rtentry$$00000009  c_w.l(__rtentry2.o)
    0x1000014e   0x1000014e   0x00000004   Code   RO          422    .ARM.Collect$$rtentry$$0000000A  c_w.l(__rtentry2.o)
    0x10000152   0x10000152   0x00000000   Code   RO          424    .ARM.Collect$$rtentry$$0000000C  c_w.l(__rtentry2.o)
    0x10000152   0x10000152   0x00000008   Code   RO          425    .ARM.Collect$$rtentry$$0000000D  c_w.l(__rtentry2.o)
    0x1000015a   0x1000015a   0x00000002   Code   RO          525    .ARM.Collect$$rtexit$$00000000  c_w.l(rtexit.o)
    0x1000015c   0x1000015c   0x00000000   Code   RO          592    .ARM.Collect$$rtexit$$00000002  c_w.l(rtexit2.o)
    0x1000015c   0x1000015c   0x00000004   Code   RO          593    .ARM.Collect$$rtexit$$00000003  c_w.l(rtexit2.o)
    0x10000160   0x10000160   0x00000006   Code   RO          594    .ARM.Collect$$rtexit$$00000004  c_w.l(rtexit2.o)
    0x10000166   0x10000166   0x00000002   PAD
    0x10000168   0x10000168   0x0000003c   Code   RO          241    .text               startup_lpc17xx.o
    0x100001a4   0x100001a4   0x00000006   Code   RO          271    .text               c_w.l(heapauxi.o)
    0x100001aa   0x100001aa   0x0000004a   Code   RO          463    .text               c_w.l(sys_stackheap_outer.o)
    0x100001f4   0x100001f4   0x00000012   Code   RO          506    .text               c_w.l(exit.o)
    0x10000206   0x10000206   0x00000002   PAD
    0x10000208   0x10000208   0x00000008   Code   RO          522    .text               c_w.l(libspace.o)
    0x10000210   0x10000210   0x0000000c   Code   RO          587    .text               c_w.l(sys_exit.o)
    0x1000021c   0x1000021c   0x00000002   Code   RO          612    .text               c_w.l(use_no_semi.o)
    0x1000021e   0x1000021e   0x00000000   Code   RO          614    .text               c_w.l(indicate_semi.o)
    0x1000021e   0x1000021e   0x00000002   PAD
    0x10000220   0x10000220   0x000000c6   Code   RO          212    .text.AD_Volt       lcd.o
    0x100002e6   0x100002e6   0x00000002   PAD
    0x100002e8   0x100002e8   0x00000042   Code   RO            6    .text.DAC_Init      test_4.o
    0x1000032a   0x1000032a   0x00000002   PAD
    0x1000032c   0x1000032c   0x00000036   Code   RO            4    .text.DAC_Timer_Init  test_4.o
    0x10000362   0x10000362   0x00000002   PAD
    0x10000364   0x10000364   0x00000092   Code   RO          229    .text.DMA_DAC_func  dma.o
    0x100003f6   0x100003f6   0x00000002   PAD
    0x100003f8   0x100003f8   0x00000040   Code   RO           45    .text.GLCD_Clear    glcd_spi_lpc1700.o
    0x10000438   0x10000438   0x0000008a   Code   RO           55    .text.GLCD_DisplayChar  glcd_spi_lpc1700.o
    0x100004c2   0x100004c2   0x00000002   PAD
    0x100004c4   0x100004c4   0x0000003a   Code   RO           57    .text.GLCD_DisplayString  glcd_spi_lpc1700.o
    0x100004fe   0x100004fe   0x00000002   PAD
    0x10000500   0x10000500   0x00000100   Code   RO           53    .text.GLCD_DrawChar  glcd_spi_lpc1700.o
    0x10000600   0x10000600   0x00000674   Code   RO           21    .text.GLCD_Init     glcd_spi_lpc1700.o
    0x10000c74   0x10000c74   0x00000018   Code   RO           43    .text.GLCD_SetBackColor  glcd_spi_lpc1700.o
    0x10000c8c   0x10000c8c   0x00000018   Code   RO           41    .text.GLCD_SetTextColor  glcd_spi_lpc1700.o
    0x10000ca4   0x10000ca4   0x000000ce   Code   RO           31    .text.GLCD_SetWindow  glcd_spi_lpc1700.o
    0x10000d72   0x10000d72   0x00000002   PAD
    0x10000d74   0x10000d74   0x00000002   Code   RO           73    .text.GLCD_Simulation  glcd_spi_lpc1700.o
    0x10000d76   0x10000d76   0x00000002   PAD
    0x10000d78   0x10000d78   0x00000012   Code   RO           33    .text.GLCD_WindowMax  glcd_spi_lpc1700.o
    0x10000d8a   0x10000d8a   0x00000002   PAD
    0x10000d8c   0x10000d8c   0x00000184   Code   RO          252    .text.SystemInit    system_lpc17xx.o
    0x10000f10   0x10000f10   0x0000001c   Code   RO           29    .text.delay         glcd_spi_lpc1700.o
    0x10000f2c   0x10000f2c   0x0000008c   Code   RO            2    .text.generateTriangleWave  test_4.o
    0x10000fb8   0x10000fb8   0x000000fa   Code   RO          210    .text.lcd_dez       lcd.o
    0x100010b2   0x100010b2   0x00000002   PAD
    0x100010b4   0x100010b4   0x000001a4   Code   RO            8    .text.main          test_4.o
    0x10001258   0x10001258   0x00000062   Code   RO           77    .text.rd_dat        glcd_spi_lpc1700.o
    0x100012ba   0x100012ba   0x00000002   PAD
    0x100012bc   0x100012bc   0x000000be   Code   RO           23    .text.rd_id_man     glcd_spi_lpc1700.o
    0x1000137a   0x1000137a   0x00000002   PAD
    0x1000137c   0x1000137c   0x00000018   Code   RO           25    .text.rd_reg        glcd_spi_lpc1700.o
    0x10001394   0x10001394   0x00000034   Code   RO           79    .text.spi_tran      glcd_spi_lpc1700.o
    0x100013c8   0x100013c8   0x000000d8   Code   RO           75    .text.spi_tran_man  glcd_spi_lpc1700.o
    0x100014a0   0x100014a0   0x0000003a   Code   RO           37    .text.wr_cmd        glcd_spi_lpc1700.o
    0x100014da   0x100014da   0x00000002   PAD
    0x100014dc   0x100014dc   0x0000003c   Code   RO           39    .text.wr_dat        glcd_spi_lpc1700.o
    0x10001518   0x10001518   0x0000001c   Code   RO           49    .text.wr_dat_only   glcd_spi_lpc1700.o
    0x10001534   0x10001534   0x00000016   Code   RO           47    .text.wr_dat_start  glcd_spi_lpc1700.o
    0x1000154a   0x1000154a   0x00000002   PAD
    0x1000154c   0x1000154c   0x0000000e   Code   RO           51    .text.wr_dat_stop   glcd_spi_lpc1700.o
    0x1000155a   0x1000155a   0x00000002   PAD
    0x1000155c   0x1000155c   0x00000020   Code   RO           27    .text.wr_reg        glcd_spi_lpc1700.o
    0x1000157c   0x1000157c   0x00001500   Data   RO           82    .rodata.Font_16x24_h  glcd_spi_lpc1700.o
    0x10002a7c   0x10002a7c   0x00000380   Data   RO           81    .rodata.Font_6x8_h  glcd_spi_lpc1700.o
    0x10002dfc   0x10002dfc   0x0000007e   Data   RO           12    .rodata.str1.1      test_4.o
    0x10002e7a   0x10002e7a   0x00000002   PAD
    0x10002e7c   0x10002e7c   0x00000020   Data   RO          667    Region$$Table       anon$$obj.o


    Execution Region RW_IRAM1 (Exec base: 0x10006000, Load base: 0x10002ea0, Size: 0x000005b0, Max: 0x00002000, ABSOLUTE)

    Exec Addr    Load Addr    Size         Type   Attr      Idx    E Section Name        Object

    0x10006000   0x10002ea0   0x00000004   Data   RW           84    .data.Color         glcd_spi_lpc1700.o
    0x10006004   0x10002ea4   0x00000004   PAD
    0x10006008        -       0x00000060   Zero   RW          523    .bss                c_w.l(libspace.o)
    0x10006068        -       0x00000006   Zero   RW          220    .bss.AD_Volt.text_string  lcd.o
    0x1000606e   0x10002ea4   0x00000002   PAD
    0x10006070        -       0x00000010   Zero   RW          231    .bss.DMA_DAC_func.LLI  dma.o
    0x10006080        -       0x00000001   Zero   RW           83    .bss.Himax          glcd_spi_lpc1700.o
    0x10006081   0x10002ea4   0x00000003   PAD
    0x10006084        -       0x00000004   Zero   RW           10    .bss.i              test_4.o
    0x10006088        -       0x00000006   Zero   RW          219    .bss.lcd_dez.text_string  lcd.o
    0x1000608e   0x10002ea4   0x00000002   PAD
    0x10006090        -       0x00000320   Zero   RW           11    .bss.sdata          test_4.o
    0x100063b0        -       0x00000000   Zero   RW          238    HEAP                startup_lpc17xx.o
    0x100063b0        -       0x00000200   Zero   RW          237    STACK               startup_lpc17xx.o



  Load Region LR$$.ARM.__at_0x02FC (Base: 0x000002fc, Size: 0x00000004, Max: 0x00000004, ABSOLUTE)

    Execution Region ER$$.ARM.__at_0x02FC (Exec base: 0x000002fc, Load base: 0x000002fc, Size: 0x00000004, Max: 0x00000004, ABSOLUTE, UNINIT)

    Exec Addr    Load Addr    Size         Type   Attr      Idx    E Section Name        Object

    0x000002fc   0x000002fc   0x00000004   Code   RO          240    .ARM.__at_0x02FC    startup_lpc17xx.o


==============================================================================

Image component sizes


      Code (inc. data)   RO Data    RW Data    ZI Data      Debug   Object Name

       146          0          0          0         16       2625   dma.o
      3264          0       6272          4          1       9545   glcd_spi_lpc1700.o
       448          0          0          0         12       2967   lcd.o
        64         26        204          0        512       1084   startup_lpc17xx.o
       388          0          0          0          0       2275   system_lpc17xx.o
       680          0        126          0        804       4420   test_4.o

    ----------------------------------------------------------------------
      5020         26       6636          4       1356      22916   Object Totals
         0          0         32          0          0          0   (incl. Generated)
        30          0          2          0         11          0   (incl. Padding)

    ----------------------------------------------------------------------

      Code (inc. data)   RO Data    RW Data    ZI Data      Debug   Library Member Name

         8          0          0          0          0         68   __main.o
         0          0          0          0          0          0   __rtentry.o
        12          0          0          0          0          0   __rtentry2.o
         6          0          0          0          0          0   __rtentry4.o
        52          8          0          0          0          0   __scatter.o
        26          0          0          0          0          0   __scatter_copy.o
        28          0          0          0          0          0   __scatter_zi.o
        18          0          0          0          0         80   exit.o
         6          0          0          0          0        152   heapauxi.o
         0          0          0          0          0          0   indicate_semi.o
         2          0          0          0          0          0   libinit.o
         2          0          0          0          0          0   libinit2.o
         2          0          0          0          0          0   libshutdown.o
         2          0          0          0          0          0   libshutdown2.o
         8          4          0          0         96         68   libspace.o
         2          0          0          0          0          0   rtexit.o
        10          0          0          0          0          0   rtexit2.o
        12          4          0          0          0         68   sys_exit.o
        74          0          0          0          0         80   sys_stackheap_outer.o
         2          0          0          0          0         68   use_no_semi.o

    ----------------------------------------------------------------------
       280         16          0          0         96        584   Library Totals
         8          0          0          0          0          0   (incl. Padding)

    ----------------------------------------------------------------------

      Code (inc. data)   RO Data    RW Data    ZI Data      Debug   Library Name

       272         16          0          0         96        584   c_w.l

    ----------------------------------------------------------------------
       280         16          0          0         96        584   Library Totals

    ----------------------------------------------------------------------

==============================================================================


      Code (inc. data)   RO Data    RW Data    ZI Data      Debug   

      5300         42       6636          4       1452      23312   Grand Totals
      5300         42       6636          4       1452      23312   ELF Image Totals
      5300         42       6636          4          0          0   ROM Totals

==============================================================================

    Total RO  Size (Code + RO Data)                11936 (  11.66kB)
    Total RW  Size (RW Data + ZI Data)              1456 (   1.42kB)
    Total ROM Size (Code + RO Data + RW Data)      11940 (  11.66kB)

==============================================================================

