Component: Arm Compiler for Embedded 6.22 Tool: armlink [5ee90200]

==============================================================================

Section Cross References

    test_2.o(.text.main) refers to keys.o(.text.Switch_Init) for Switch_Init
    test_2.o(.text.main) refers to glcd_simulation.o(.text.GLCD_S_Init) for GLCD_S_Init
    test_2.o(.text.main) refers to glcd_simulation.o(.text.GLCD_S_Clear) for GLCD_S_Clear
    test_2.o(.text.main) refers to glcd_simulation.o(.text.GLCD_S_SetBackColor) for GLCD_S_SetBackColor
    test_2.o(.text.main) refers to glcd_simulation.o(.text.GLCD_S_SetTextColor) for GLCD_S_SetTextColor
    test_2.o(.text.main) refers to test_2.o(.rodata.str1.1) for .L.str
    test_2.o(.text.main) refers to glcd_simulation.o(.text.GLCD_S_DisplayString) for GLCD_S_DisplayString
    test_2.o(.text.main) refers to glcd_simulation.o(.text.GLCD_S_Simulation) for GLCD_S_Simulation
    test_2.o(.text.main) refers to keys.o(.text.Get_SwitchPos) for Get_SwitchPos
    test_2.o(.text.main) refers to lcd.o(.text.lcd_bin) for lcd_bin
    test_2.o(.text.main) refers to lcd.o(.text.lcd_hex) for lcd_hex
    test_2.o(.text.main) refers to lcd.o(.text.lcd_dez) for lcd_dez
    test_2.o(.text.main) refers to glcd_simulation.o(.text.GLCD_S_Bargraph) for GLCD_S_Bargraph
    test_2.o(.ARM.exidx.text.main) refers to test_2.o(.text.main) for [Anonymous Symbol]
    glcd_simulation.o(.ARM.exidx.text.fputc) refers to glcd_simulation.o(.text.fputc) for [Anonymous Symbol]
    glcd_simulation.o(.text.ClearScreen) refers to glcd_simulation.o(.rodata.str1.1) for .L.str
    glcd_simulation.o(.text.ClearScreen) refers to printf.o(.text) for printf
    glcd_simulation.o(.ARM.exidx.text.ClearScreen) refers to glcd_simulation.o(.text.ClearScreen) for [Anonymous Symbol]
    glcd_simulation.o(.text.SetCursorPosition) refers to glcd_simulation.o(.rodata.str1.1) for .L.str.1
    glcd_simulation.o(.text.SetCursorPosition) refers to printf.o(.text) for printf
    glcd_simulation.o(.ARM.exidx.text.SetCursorPosition) refers to glcd_simulation.o(.text.SetCursorPosition) for [Anonymous Symbol]
    glcd_simulation.o(.text.DeleteLineRight) refers to glcd_simulation.o(.rodata.str1.1) for .L.str.2
    glcd_simulation.o(.text.DeleteLineRight) refers to printf.o(.text) for printf
    glcd_simulation.o(.ARM.exidx.text.DeleteLineRight) refers to glcd_simulation.o(.text.DeleteLineRight) for [Anonymous Symbol]
    glcd_simulation.o(.ARM.exidx.text.wait) refers to glcd_simulation.o(.text.wait) for [Anonymous Symbol]
    glcd_simulation.o(.text.GLCD_S_Init) refers to glcd_simulation.o(.text.ClearScreen) for ClearScreen
    glcd_simulation.o(.text.GLCD_S_Init) refers to glcd_simulation.o(.data.ibgCol) for ibgCol
    glcd_simulation.o(.text.GLCD_S_Init) refers to glcd_simulation.o(.data.itextCol) for itextCol
    glcd_simulation.o(.text.GLCD_S_Init) refers to glcd_simulation.o(.text.SetCursorPosition) for SetCursorPosition
    glcd_simulation.o(.text.GLCD_S_Init) refers to glcd_simulation.o(.rodata.str1.1) for .L.str.3
    glcd_simulation.o(.text.GLCD_S_Init) refers to printf.o(.text) for printf
    glcd_simulation.o(.text.GLCD_S_Init) refers to glcd_simulation.o(.bss.cCol) for cCol
    glcd_simulation.o(.text.GLCD_S_Init) refers to strcpy.o(.text) for strcpy
    glcd_simulation.o(.ARM.exidx.text.GLCD_S_Init) refers to glcd_simulation.o(.text.GLCD_S_Init) for [Anonymous Symbol]
    glcd_simulation.o(.text.GLCD_S_DisplayString) refers to glcd_simulation.o(.text.SetCursorPosition) for SetCursorPosition
    glcd_simulation.o(.text.GLCD_S_DisplayString) refers to glcd_simulation.o(.rodata.str1.1) for .L.str.61
    glcd_simulation.o(.text.GLCD_S_DisplayString) refers to printf.o(.text) for printf
    glcd_simulation.o(.text.GLCD_S_DisplayString) refers to glcd_simulation.o(.data.ibgCol) for ibgCol
    glcd_simulation.o(.text.GLCD_S_DisplayString) refers to glcd_simulation.o(.bss.cCol) for cCol
    glcd_simulation.o(.text.GLCD_S_DisplayString) refers to strcpy.o(.text) for strcpy
    glcd_simulation.o(.text.GLCD_S_DisplayString) refers to glcd_simulation.o(.data.itextCol) for itextCol
    glcd_simulation.o(.ARM.exidx.text.GLCD_S_DisplayString) refers to glcd_simulation.o(.text.GLCD_S_DisplayString) for [Anonymous Symbol]
    glcd_simulation.o(.text.GLCD_S_SetTextColor) refers to glcd_simulation.o(.data.itextCol) for itextCol
    glcd_simulation.o(.ARM.exidx.text.GLCD_S_SetTextColor) refers to glcd_simulation.o(.text.GLCD_S_SetTextColor) for [Anonymous Symbol]
    glcd_simulation.o(.text.GLCD_S_SetBackColor) refers to glcd_simulation.o(.data.ibgCol) for ibgCol
    glcd_simulation.o(.ARM.exidx.text.GLCD_S_SetBackColor) refers to glcd_simulation.o(.text.GLCD_S_SetBackColor) for [Anonymous Symbol]
    glcd_simulation.o(.text.GLCD_S_Simulation) refers to glcd_simulation.o(.text.SetCursorPosition) for SetCursorPosition
    glcd_simulation.o(.text.GLCD_S_Simulation) refers to glcd_simulation.o(.rodata.str1.1) for .L.str.62
[...]
    .ARM.Collect$$libshutdown$$0000000A      0x0000021e   Section        0  libshutdown2.o(.ARM.Collect$$libshutdown$$0000000A)
    .ARM.Collect$$libshutdown$$0000000C      0x0000021e   Section        0  libshutdown2.o(.ARM.Collect$$libshutdown$$0000000C)
    .ARM.Collect$$libshutdown$$0000000F      0x0000021e   Section        0  libshutdown2.o(.ARM.Collect$$libshutdown$$0000000F)
    .ARM.Collect$$libshutdown$$00000010      0x0000021e   Section        2  libshutdown2.o(.ARM.Collect$$libshutdown$$00000010)
    .ARM.Collect$$rtentry$$00000000          0x00000220   Section        0  __rtentry.o(.ARM.Collect$$rtentry$$00000000)
    .ARM.Collect$$rtentry$$00000002          0x00000220   Section        0  __rtentry2.o(.ARM.Collect$$rtentry$$00000002)
    .ARM.Collect$$rtentry$$00000004          0x00000220   Section        6  __rtentry4.o(.ARM.Collect$$rtentry$$00000004)
    .ARM.Collect$$rtentry$$00000009          0x00000226   Section        0  __rtentry2.o(.ARM.Collect$$rtentry$$00000009)
    .ARM.Collect$$rtentry$$0000000A          0x00000226   Section        4  __rtentry2.o(.ARM.Collect$$rtentry$$0000000A)
    .ARM.Collect$$rtentry$$0000000C          0x0000022a   Section        0  __rtentry2.o(.ARM.Collect$$rtentry$$0000000C)
    .ARM.Collect$$rtentry$$0000000D          0x0000022a   Section        8  __rtentry2.o(.ARM.Collect$$rtentry$$0000000D)
    .ARM.Collect$$rtexit$$00000000           0x00000232   Section        2  rtexit.o(.ARM.Collect$$rtexit$$00000000)
    .ARM.Collect$$rtexit$$00000002           0x00000234   Section        0  rtexit2.o(.ARM.Collect$$rtexit$$00000002)
    .ARM.Collect$$rtexit$$00000003           0x00000234   Section        4  rtexit2.o(.ARM.Collect$$rtexit$$00000003)
    .ARM.Collect$$rtexit$$00000004           0x00000238   Section        6  rtexit2.o(.ARM.Collect$$rtexit$$00000004)
    .text                                    0x00000240   Section       60  startup_lpc17xx.o(.text)
    .text                                    0x0000027c   Section        0  printf.o(.text)
    .text                                    0x00000294   Section        0  strcpy.o(.text)
    .text                                    0x000002dc   Section        0  heapauxi.o(.text)
    .text                                    0x000002e2   Section        0  ferror.o(.text)
    .text                                    0x000002ec   Section       16  rt_ctype_table.o(.text)
    .ARM.__at_0x02FC                         0x000002fc   Section        4  startup_lpc17xx.o(.ARM.__at_0x02FC)
    .text                                    0x00000300   Section      138  rt_memcpy_v6.o(.text)
    .text                                    0x0000038a   Section        0  _printf_pad.o(.text)
    .text                                    0x000003d8   Section        0  _printf_truncate.o(.text)
    .text                                    0x000003fc   Section        0  _printf_str.o(.text)
    .text                                    0x00000450   Section        0  _printf_dec.o(.text)
    .text                                    0x000004c8   Section        0  _printf_charcount.o(.text)
    .text                                    0x000004f0   Section        0  _printf_char_file.o(.text)
    .text                                    0x00000514   Section        0  _printf_wctomb.o(.text)
    .text                                    0x000005d0   Section        0  _printf_longlong_dec.o(.text)
    _printf_longlong_oct_internal            0x0000064d   Thumb Code     0  _printf_oct_int_ll.o(.text)
    .text                                    0x0000064c   Section        0  _printf_oct_int_ll.o(.text)
    _printf_hex_common                       0x000006bd   Thumb Code     0  _printf_hex_int_ll_ptr.o(.text)
    .text                                    0x000006bc   Section        0  _printf_hex_int_ll_ptr.o(.text)
    .text                                    0x00000750   Section        0  __printf_flags_ss_wp.o(.text)
    .text                                    0x000008d8   Section      100  rt_memcpy_w.o(.text)
    .text                                    0x0000093c   Section      138  lludiv10.o(.text)
    .text                                    0x000009c6   Section        0  _printf_intcommon.o(.text)
    _fp_digits                               0x00000a79   Thumb Code   432  _printf_fp_dec.o(.text)
    .text                                    0x00000a78   Section        0  _printf_fp_dec.o(.text)
    .text                                    0x00000e94   Section        0  _printf_fp_hex.o(.text)
    _printf_input_char                       0x00001191   Thumb Code    10  _printf_char_common.o(.text)
    .text                                    0x00001190   Section        0  _printf_char_common.o(.text)
    .text                                    0x000011c0   Section        0  _printf_char.o(.text)
    .text                                    0x000011ec   Section        0  _printf_wchar.o(.text)
    .text                                    0x00001218   Section        0  _c16rtomb.o(.text)
    .text                                    0x00001260   Section       74  sys_stackheap_outer.o(.text)
    .text                                    0x000012ac   Section        8  rt_locale_intlibspace.o(.text)
    .text                                    0x000012b4   Section        0  _printf_fp_infnan.o(.text)
    .text                                    0x00001334   Section        0  bigflt0.o(.text)
    .text                                    0x00001418   Section        0  exit.o(.text)
    .text                                    0x0000142c   Section        8  libspace.o(.text)
    .text                                    0x00001434   Section      128  strcmpv7m.o(.text)
    .text                                    0x000014b4   Section        0  sys_exit.o(.text)
    .text                                    0x000014c0   Section        2  use_no_semi.o(.text)
    .text                                    0x000014c2   Section        0  indicate_semi.o(.text)
    [Anonymous Symbol]                       0x000014c4   Section        0  glcd_simulation.o(.text.ClearScreen)
    [Anonymous Symbol]                       0x000014d8   Section        0  glcd_simulation.o(.text.GLCD_S_Bargraph)
    [Anonymous Symbol]                       0x0000166c   Section        0  glcd_simulation.o(.text.GLCD_S_Clear)
    [Anonymous Symbol]                       0x00001840   Section        0  glcd_simulation.o(.text.GLCD_S_ClearLn)
    [Anonymous Symbol]                       0x00001894   Section        0  glcd_simulation.o(.text.GLCD_S_DisplayString)
    [Anonymous Symbol]                       0x000019a8   Section        0  glcd_simulation.o(.text.GLCD_S_Init)
    [Anonymous Symbol]                       0x00001ff0   Section        0  glcd_simulation.o(.text.GLCD_S_SetBackColor)
    [Anonymous Symbol]                       0x000021a0   Section        0  glcd_simulation.o(.text.GLCD_S_SetTextColor)
    [Anonymous Symbol]                       0x00002350   Section        0  glcd_simulation.o(.text.GLCD_S_Simulation)
    [Anonymous Symbol]                       0x00003d80   Section        0  keys.o(.text.Get_SwitchPos)
    [Anonymous Symbol]                       0x00003e44   Section        0  glcd_simulation.o(.text.SetCursorPosition)
    [Anonymous Symbol]                       0x00003e64   Section        0  keys.o(.text.Switch_Init)
    [Anonymous Symbol]                       0x00003f90   Section        0  system_lpc17xx.o(.text.SystemInit)
    [Anonymous Symbol]                       0x00004114   Section        0  glcd_simulation.o(.text.fputc)
    [Anonymous Symbol]                       0x0000414c   Section        0  lcd.o(.text.lcd_bin)
    [Anonymous Symbol]                       0x000041a4   Section        0  lcd.o(.text.lcd_dez)
    [Anonymous Symbol]                       0x00004268   Section        0  lcd.o(.text.lcd_hex)
    [Anonymous Symbol]                       0x000042c4   Section        0  test_2.o(.text.main)
    CL$$btod_d2e                             0x000043c2   Section       62  btod.o(CL$$btod_d2e)
    CL$$btod_d2e_denorm_low                  0x00004400   Section       70  btod.o(CL$$btod_d2e_denorm_low)
    CL$$btod_d2e_norm_op1                    0x00004446   Section       96  btod.o(CL$$btod_d2e_norm_op1)
    CL$$btod_div_common                      0x000044a8   Section      824  btod.o(CL$$btod_div_common)
    CL$$btod_e2e                             0x000047e0   Section      220  btod.o(CL$$btod_e2e)
    CL$$btod_ediv                            0x000048bc   Section       42  btod.o(CL$$btod_ediv)
    CL$$btod_emul                            0x000048e6   Section       42  btod.o(CL$$btod_emul)
    CL$$btod_mult_common                     0x00004910   Section      580  btod.o(CL$$btod_mult_common)
    i.__ARM_fpclassify                       0x00004b54   Section        0  fpclassify.o(i.__ARM_fpclassify)
    i._is_digit                              0x00004b7c   Section        0  __printf_wp.o(i._is_digit)
    locale$$code                             0x00004b8c   Section       44  lc_numeric_c.o(locale$$code)
    locale$$code                             0x00004bb8   Section       44  lc_ctype_c.o(locale$$code)
    x$fpl$dcmpinf                            0x00004be4   Section       24  dcmpi.o(x$fpl$dcmpinf)
    x$fpl$deqf                               0x00004bfc   Section      120  deqf.o(x$fpl$deqf)
    x$fpl$dgeqf                              0x00004c74   Section      120  dgeqf.o(x$fpl$dgeqf)
    x$fpl$dleqf                              0x00004cec   Section      120  dleqf.o(x$fpl$dleqf)
    x$fpl$dnaninf                            0x00004d64   Section      156  dnaninf.o(x$fpl$dnaninf)
    x$fpl$dretinf                            0x00004e00   Section       12  dretinf.o(x$fpl$dretinf)
    x$fpl$f2d                                0x00004e0c   Section       86  f2d.o(x$fpl$f2d)
    x$fpl$fadd                               0x00004e64   Section      196  faddsub_clz.o(x$fpl$fadd)
    _fadd1                                   0x00004e73   Thumb Code     0  faddsub_clz.o(x$fpl$fadd)
    x$fpl$fcmp                               0x00004f28   Section       84  dcmp.o(x$fpl$fcmp)
    _fdiv1                                   0x00004f7d   Thumb Code     0  fdiv.o(x$fpl$fdiv)
    x$fpl$fdiv                               0x00004f7c   Section      388  fdiv.o(x$fpl$fdiv)
    x$fpl$ffixu                              0x00005100   Section       62  ffixu.o(x$fpl$ffixu)
    x$fpl$ffltu                              0x00005140   Section       38  fflt_clz.o(x$fpl$ffltu)
    x$fpl$fmul                               0x00005168   Section      258  fmul.o(x$fpl$fmul)
    x$fpl$fnaninf                            0x0000526a   Section      140  fnaninf.o(x$fpl$fnaninf)
    x$fpl$fretinf                            0x000052f6   Section       10  fretinf.o(x$fpl$fretinf)
    x$fpl$fsub                               0x00005300   Section      234  faddsub_clz.o(x$fpl$fsub)
    _fsub1                                   0x0000530f   Thumb Code     0  faddsub_clz.o(x$fpl$fsub)
    x$fpl$printf1                            0x000053ea   Section        4  printf1.o(x$fpl$printf1)
    x$fpl$printf2                            0x000053ee   Section        4  printf2.o(x$fpl$printf2)
    x$fpl$usenofp                            0x000053f2   Section        0  usenofp.o(x$fpl$usenofp)
    initial_mbstate                          0x000053f4   Data           8  _printf_wctomb.o(.constdata)
    .constdata                               0x000053f4   Section        8  _printf_wctomb.o(.constdata)
    uc_hextab                                0x000053fc   Data          20  _printf_hex_int_ll_ptr.o(.constdata)
    .constdata                               0x000053fc   Section       40  _printf_hex_int_ll_ptr.o(.constdata)
    lc_hextab                                0x00005410   Data          20  _printf_hex_int_ll_ptr.o(.constdata)
    maptable                                 0x00005424   Data          17  __printf_flags_ss_wp.o(.constdata)
    .constdata                               0x00005424   Section       17  __printf_flags_ss_wp.o(.constdata)
    lc_hextab                                0x00005435   Data          19  _printf_fp_hex.o(.constdata)
    .constdata                               0x00005435   Section       38  _printf_fp_hex.o(.constdata)
    uc_hextab                                0x00005448   Data          19  _printf_fp_hex.o(.constdata)
    tenpwrs_x                                0x0000545c   Data          60  bigflt0.o(.constdata)
    .constdata                               0x0000545c   Section      148  bigflt0.o(.constdata)
    tenpwrs_i                                0x00005498   Data          64  bigflt0.o(.constdata)
    .L.str                                   0x000054f0   Data          22  test_2.o(.rodata.str1.1)
    [Anonymous Symbol]                       0x000054f0   Section        0  test_2.o(.rodata.str1.1)
    .L.str.2                                 0x00005506   Data          12  test_2.o(.rodata.str1.1)
    .L.str.5                                 0x00005512   Data          10  test_2.o(.rodata.str1.1)
    .L.str.4                                 0x0000551c   Data           6  test_2.o(.rodata.str1.1)
    .L.str.3                                 0x00005522   Data           9  test_2.o(.rodata.str1.1)
    .L.str.1                                 0x0000552b   Data          18  test_2.o(.rodata.str1.1)
    .L.str.9                                 0x0000553d   Data           4  glcd_simulation.o(.rodata.str1.1)
    [Anonymous Symbol]                       0x0000553d   Section        0  glcd_simulation.o(.rodata.str1.1)
    .L.str.35                                0x00005541   Data           8  glcd_simulation.o(.rodata.str1.1)
    .L.str.34                                0x00005549   Data           8  glcd_simulation.o(.rodata.str1.1)
    .L.str.33                                0x00005551   Data           8  glcd_simulation.o(.rodata.str1.1)
    .L.str.2                                 0x00005553   Data           5  glcd_simulation.o(.rodata.str1.1)
    .L.str.32                                0x00005559   Data           8  glcd_simulation.o(.rodata.str1.1)
    .L.str.31                                0x00005561   Data           8  glcd_simulation.o(.rodata.str1.1)
    .L.str.30                                0x00005569   Data           8  glcd_simulation.o(.rodata.str1.1)
    .L.str.29                                0x00005571   Data           8  glcd_simulation.o(.rodata.str1.1)
    .L.str.28                                0x00005579   Data           8  glcd_simulation.o(.rodata.str1.1)
    .L.str.64                                0x0000557c   Data           5  glcd_simulation.o(.rodata.str1.1)
    .L.str.11                                0x0000557e   Data           3  glcd_simulation.o(.rodata.str1.1)
    .L.str.74                                0x00005581   Data           3  glcd_simulation.o(.rodata.str1.1)
    .L.str.75                                0x00005584   Data           3  glcd_simulation.o(.rodata.str1.1)
    .L.str.25                                0x00005587   Data          16  glcd_simulation.o(.rodata.str1.1)
    .L.str.13                                0x00005597   Data           6  glcd_simulation.o(.rodata.str1.1)
    .L.str.27                                0x0000559d   Data           8  glcd_simulation.o(.rodata.str1.1)
    .L.str.17                                0x000055a5   Data           6  glcd_simulation.o(.rodata.str1.1)
    .L.str.65                                0x000055a8   Data           3  glcd_simulation.o(.rodata.str1.1)
    .L.str.19                                0x000055ab   Data           6  glcd_simulation.o(.rodata.str1.1)
    .L.str.66                                0x000055ae   Data           3  glcd_simulation.o(.rodata.str1.1)
    .L.str.41                                0x000055b1   Data           7  glcd_simulation.o(.rodata.str1.1)
    .L.str.18                                0x000055b8   Data           6  glcd_simulation.o(.rodata.str1.1)
    .L.str.67                                0x000055bb   Data           3  glcd_simulation.o(.rodata.str1.1)
    .L.str.16                                0x000055be   Data           6  glcd_simulation.o(.rodata.str1.1)
    .L.str.68                                0x000055c1   Data           3  glcd_simulation.o(.rodata.str1.1)
    .L.str.21                                0x000055c4   Data           6  glcd_simulation.o(.rodata.str1.1)
    .L.str.69                                0x000055c7   Data           3  glcd_simulation.o(.rodata.str1.1)
    .L.str.42                                0x000055ca   Data           7  glcd_simulation.o(.rodata.str1.1)
    .L.str.22                                0x000055d1   Data           6  glcd_simulation.o(.rodata.str1.1)
    .L.str.70                                0x000055d4   Data           3  glcd_simulation.o(.rodata.str1.1)
    .L.str.20                                0x000055d7   Data           6  glcd_simulation.o(.rodata.str1.1)
    .L.str.71                                0x000055da   Data           3  glcd_simulation.o(.rodata.str1.1)
    .L.str.72                                0x000055dd   Data           3  glcd_simulation.o(.rodata.str1.1)
    .L.str.43                                0x000055e0   Data           7  glcd_simulation.o(.rodata.str1.1)
    .L.str.73                                0x000055e4   Data           3  glcd_simulation.o(.rodata.str1.1)
    .L.str.63                                0x000055e7   Data           5  glcd_simulation.o(.rodata.str1.1)
    .L.str.23                                0x000055ec   Data           5  glcd_simulation.o(.rodata.str1.1)
    .L.str.3                                 0x000055f1   Data           5  glcd_simulation.o(.rodata.str1.1)
    .L.str.39                                0x000055f6   Data           6  glcd_simulation.o(.rodata.str1.1)
    .L.str.26                                0x000055fc   Data          14  glcd_simulation.o(.rodata.str1.1)
    .L.str.12                                0x0000560a   Data           5  glcd_simulation.o(.rodata.str1.1)
    .L.str.14                                0x0000560c   Data           3  glcd_simulation.o(.rodata.str1.1)
    .L.str.37                                0x0000560f   Data           4  glcd_simulation.o(.rodata.str1.1)
    .L.str.38                                0x00005613   Data          18  glcd_simulation.o(.rodata.str1.1)
    .L.str.62                                0x00005625   Data           3  glcd_simulation.o(.rodata.str1.1)
    .L.str.24                                0x00005628   Data          27  glcd_simulation.o(.rodata.str1.1)
    .L.str.36                                0x00005643   Data          10  glcd_simulation.o(.rodata.str1.1)
    .L.str.44                                0x0000564d   Data           9  glcd_simulation.o(.rodata.str1.1)
    .L.str.4                                 0x00005656   Data          17  glcd_simulation.o(.rodata.str1.1)
    .L.str.5                                 0x00005667   Data          11  glcd_simulation.o(.rodata.str1.1)
    .L.str.61                                0x00005672   Data           4  glcd_simulation.o(.rodata.str1.1)
    .L.str.40                                0x00005676   Data          12  glcd_simulation.o(.rodata.str1.1)
    .L.str.8                                 0x00005682   Data           3  glcd_simulation.o(.rodata.str1.1)
    .L.str.10                                0x00005683   Data           2  glcd_simulation.o(.rodata.str1.1)
    .L.str.57                                0x00005685   Data          10  glcd_simulation.o(.rodata.str1.1)
    .L.str.54                                0x0000568f   Data          10  glcd_simulation.o(.rodata.str1.1)
    .L.str.56                                0x00005699   Data          10  glcd_simulation.o(.rodata.str1.1)
    .L.str.46                                0x000056a3   Data          10  glcd_simulation.o(.rodata.str1.1)
    .L.str.60                                0x000056ad   Data          10  glcd_simulation.o(.rodata.str1.1)
    .L.str.51                                0x000056b7   Data          10  glcd_simulation.o(.rodata.str1.1)
    .L.str.45                                0x000056c1   Data          10  glcd_simulation.o(.rodata.str1.1)
    .L.str.55                                0x000056cb   Data          10  glcd_simulation.o(.rodata.str1.1)
    .L.str.50                                0x000056d5   Data          10  glcd_simulation.o(.rodata.str1.1)
    .L.str.49                                0x000056df   Data          10  glcd_simulation.o(.rodata.str1.1)
    .L.str.59                                0x000056e9   Data          10  glcd_simulation.o(.rodata.str1.1)
    .L.str.58                                0x000056f3   Data          10  glcd_simulation.o(.rodata.str1.1)
    .L.str.48                                0x000056fd   Data          10  glcd_simulation.o(.rodata.str1.1)
    .L.str.53                                0x00005707   Data          10  glcd_simulation.o(.rodata.str1.1)
    .L.str.15                                0x0000570f   Data           2  glcd_simulation.o(.rodata.str1.1)
    .L.str.7                                 0x00005711   Data           2  glcd_simulation.o(.rodata.str1.1)
    .L.str                                   0x00005713   Data          12  glcd_simulation.o(.rodata.str1.1)
    .L.str.1                                 0x00005724   Data          10  glcd_simulation.o(.rodata.str1.1)
    .L.str.47                                0x0000572e   Data          10  glcd_simulation.o(.rodata.str1.1)
    .L.str.52                                0x00005738   Data          10  glcd_simulation.o(.rodata.str1.1)
    .L.str.6                                 0x00005742   Data           2  glcd_simulation.o(.rodata.str1.1)
    .L__const.lcd_hex.asc                    0x00005744   Data          17  lcd.o(.rodata.str1.1)
    [Anonymous Symbol]                       0x00005744   Section        0  lcd.o(.rodata.str1.1)
    locale$$data                             0x00005778   Section       28  lc_numeric_c.o(locale$$data)
    __lcnum_c_name                           0x0000577c   Data           2  lc_numeric_c.o(locale$$data)
    __lcnum_c_start                          0x00005784   Data           0  lc_numeric_c.o(locale$$data)
    __lcnum_c_point                          0x00005790   Data           0  lc_numeric_c.o(locale$$data)
    __lcnum_c_thousands                      0x00005792   Data           0  lc_numeric_c.o(locale$$data)
    __lcnum_c_grouping                       0x00005793   Data           0  lc_numeric_c.o(locale$$data)
    __lcnum_c_end                            0x00005794   Data           0  lc_numeric_c.o(locale$$data)
    locale$$data                             0x00005794   Section      272  lc_ctype_c.o(locale$$data)
    __lcctype_c_name                         0x00005798   Data           2  lc_ctype_c.o(locale$$data)
    __lcctype_c_start                        0x000057a0   Data           0  lc_ctype_c.o(locale$$data)
    __lcctype_c_end                          0x000058a4   Data           0  lc_ctype_c.o(locale$$data)
    i7Seg                                    0x10000000   Data           2  glcd_simulation.o(.data.i7Seg)
    [Anonymous Symbol]                       0x10000000   Section        0  glcd_simulation.o(.data.i7Seg)
    ibgCol                                   0x10000002   Data           2  glcd_simulation.o(.data.ibgCol)
    [Anonymous Symbol]                       0x10000002   Section        0  glcd_simulation.o(.data.ibgCol)
    itextCol                                 0x10000004   Data           2  glcd_simulation.o(.data.itextCol)
    [Anonymous Symbol]                       0x10000004   Section        0  glcd_simulation.o(.data.itextCol)
    .bss                                     0x10000008   Section       96  libspace.o(.bss)
    GLCD_S_Simulation.iTA12_iz1              0x10000068   Data           2  glcd_simulation.o(.bss.GLCD_S_Simulation.iTA12_iz1)
    [Anonymous Symbol]                       0x10000068   Section        0  glcd_simulation.o(.bss.GLCD_S_Simulation.iTA12_iz1)
    GLCD_S_Simulation.iTA12_time             0x1000006a   Data           2  glcd_simulation.o(.bss.GLCD_S_Simulation.iTA12_time)
    [Anonymous Symbol]                       0x1000006a   Section        0  glcd_simulation.o(.bss.GLCD_S_Simulation.iTA12_time)
    cCol                                     0x10000070   Data         160  glcd_simulation.o(.bss.cCol)
    [Anonymous Symbol]                       0x10000070   Section        0  glcd_simulation.o(.bss.cCol)
    iFlag_Sim                                0x10000110   Data           4  glcd_simulation.o(.bss.iFlag_Sim)
    [Anonymous Symbol]                       0x10000110   Section        0  glcd_simulation.o(.bss.iFlag_Sim)
    iS_Enc                                   0x10000114   Data           2  glcd_simulation.o(.bss.iS_Enc)
    [Anonymous Symbol]                       0x10000114   Section        0  glcd_simulation.o(.bss.iS_Enc)
    iS_TA1                                   0x10000116   Data           2  glcd_simulation.o(.bss.iS_TA1)
    [Anonymous Symbol]                       0x10000116   Section        0  glcd_simulation.o(.bss.iS_TA1)
    iS_TA10                                  0x10000118   Data           2  glcd_simulation.o(.bss.iS_TA10)
    [Anonymous Symbol]                       0x10000118   Section        0  glcd_simulation.o(.bss.iS_TA10)
    iS_TA11                                  0x1000011a   Data           2  glcd_simulation.o(.bss.iS_TA11)
    [Anonymous Symbol]                       0x1000011a   Section        0  glcd_simulation.o(.bss.iS_TA11)
    iS_TA12                                  0x1000011c   Data           2  glcd_simulation.o(.bss.iS_TA12)
    [Anonymous Symbol]                       0x1000011c   Section        0  glcd_simulation.o(.bss.iS_TA12)
    iS_TA2                                   0x1000011e   Data           2  glcd_simulation.o(.bss.iS_TA2)
    [Anonymous Symbol]                       0x1000011e   Section        0  glcd_simulation.o(.bss.iS_TA2)
    iS_TA3                                   0x10000120   Data           2  glcd_simulation.o(.bss.iS_TA3)
    [Anonymous Symbol]                       0x10000120   Section        0  glcd_simulation.o(.bss.iS_TA3)
    iS_TA4                                   0x10000122   Data           2  glcd_simulation.o(.bss.iS_TA4)
    [Anonymous Symbol]                       0x10000122   Section        0  glcd_simulation.o(.bss.iS_TA4)
    iS_TA5                                   0x10000124   Data           2  glcd_simulation.o(.bss.iS_TA5)
    [Anonymous Symbol]                       0x10000124   Section        0  glcd_simulation.o(.bss.iS_TA5)
    iS_TA6                                   0x10000126   Data           2  glcd_simulation.o(.bss.iS_TA6)
    [Anonymous Symbol]                       0x10000126   Section        0  glcd_simulation.o(.bss.iS_TA6)
    iS_TA7                                   0x10000128   Data           2  glcd_simulation.o(.bss.iS_TA7)
    [Anonymous Symbol]                       0x10000128   Section        0  glcd_simulation.o(.bss.iS_TA7)
    iS_TA8                                   0x1000012a   Data           2  glcd_simulation.o(.bss.iS_TA8)
    [Anonymous Symbol]                       0x1000012a   Section        0  glcd_simulation.o(.bss.iS_TA8)
    iS_TA9                                   0x1000012c   Data           2  glcd_simulation.o(.bss.iS_TA9)
    [Anonymous Symbol]                       0x1000012c   Section        0  glcd_simulation.o(.bss.iS_TA9)
    lcd_bin.text_string                      0x1000012e   Data           9  lcd.o(.bss.lcd_bin.text_string)
    [Anonymous Symbol]                       0x1000012e   Section        0  lcd.o(.bss.lcd_bin.text_string)
    lcd_dez.text_string                      0x10000137   Data           6  lcd.o(.bss.lcd_dez.text_string)
    [Anonymous Symbol]                       0x10000137   Section        0  lcd.o(.bss.lcd_dez.text_string)
    lcd_hex.text_string                      0x1000013d   Data           5  lcd.o(.bss.lcd_hex.text_string)
    [Anonymous Symbol]                       0x1000013d   Section        0  lcd.o(.bss.lcd_hex.text_string)
    Heap_Mem                                 0x10000148   Data           0  startup_lpc17xx.o(HEAP)
    Stack_Mem                                0x10000148   Data         512  startup_lpc17xx.o(STACK)
    HEAP                                     0x10000148   Section        0  startup_lpc17xx.o(HEAP)
    STACK                                    0x10000148   Section      512  startup_lpc17xx.o(STACK)
    __initial_sp                             0x10000348   Data           0  startup_lpc17xx.o(STACK)

    Global Symbols

    Symbol Name                              Value     Ov Type        Size  Object(Section)

    BuildAttributes$$THM_ISAv4$P$D$K$B$S$PE$A:L22UL41UL21$X:L11$S22US41US21$IEEE1$IW$~IW$USESV6$~STKCKD$USESV7$~SHL$OTIME$ROPI$IEEEJ$EBA8$UX$STANDARDLIB$REQ8$PRES8$EABIv2 0x00000000   Number         0  anon$$obj.o ABSOLUTE
    __Vectors                                0x00000000   Data           4  startup_lpc17xx.o(RESET)
    __fp_init_empty                          0x00000000   Number         0  fpinit_empty.o ABSOLUTE
    _printf_flags                            0x00000000   Number         0  printf_stubs.o ABSOLUTE
    _printf_return_value                     0x00000000   Number         0  printf_stubs.o ABSOLUTE
    _printf_sizespec                         0x00000000   Number         0  printf_stubs.o ABSOLUTE
    _printf_widthprec                        0x00000000   Number         0  printf_stubs.o ABSOLUTE
    __ARM_exceptions_init                     - Undefined Weak Reference
    __alloca_initialize                       - Undefined Weak Reference
    __arm_preinit_                            - Undefined Weak Reference
    __arm_relocate_pie_                       - Undefined Weak Reference
    __cpp_initialize__aeabi_                  - Undefined Weak Reference
    __cxa_finalize                            - Undefined Weak Reference
    __sigvec_lookup                           - Undefined Weak Reference
    _atexit_init                              - Undefined Weak Reference
    _call_atexit_fns                          - Undefined Weak Reference
    _clock_init                               - Undefined Weak Reference
    _fp_trap_init                             - Undefined Weak Reference
    _fp_trap_shutdown                         - Undefined Weak Reference
    _get_lc_collate                           - Undefined Weak Reference
    _get_lc_monetary                          - Undefined Weak Reference
    _get_lc_time                              - Undefined Weak Reference
    _getenv_init                              - Undefined Weak Reference
    _handle_redirection                       - Undefined Weak Reference
    _init_alloc                               - Undefined Weak Reference
    _init_user_alloc                          - Undefined Weak Reference
    _initio                                   - Undefined Weak Reference
    _mutex_acquire                            - Undefined Weak Reference
    _mutex_release                            - Undefined Weak Reference
    _printf_mbtowc                            - Undefined Weak Reference
    _printf_wc                                - Undefined Weak Reference
    _rand_init                                - Undefined Weak Reference
    _signal_finish                            - Undefined Weak Reference
    _signal_init                              - Undefined Weak Reference
    _terminate_alloc                          - Undefined Weak Reference
    _terminate_user_alloc                     - Undefined Weak Reference
    _terminateio                              - Undefined Weak Reference
    __main                                   0x000000cd   Thumb Code     8  __main.o(!!!main)
    __scatterload                            0x000000d5   Thumb Code     0  __scatter.o(!!!scatter)
    __scatterload_rt2                        0x000000d5   Thumb Code    84  __scatter.o(!!!scatter)
    __scatterload_rt2_thumb_only             0x000000d5   Thumb Code     0  __scatter.o(!!!scatter)
    __scatterload_loop                       0x000000df   Thumb Code     0  __scatter.o(!!!scatter)
    __scatterload_copy                       0x00000131   Thumb Code    26  __scatter_copy.o(!!handler_copy)
    __scatterload_null                       0x0000014d   Thumb Code     2  __scatter.o(!!handler_null)
    __scatterload_zeroinit                   0x00000151   Thumb Code    28  __scatter_zi.o(!!handler_zi)
    _printf_n                                0x0000016d   Thumb Code     0  _printf_n.o(.ARM.Collect$$_printf_percent$$00000001)
    _printf_percent                          0x0000016d   Thumb Code     0  _printf_percent.o(.ARM.Collect$$_printf_percent$$00000000)
    _printf_p                                0x00000173   Thumb Code     0  _printf_p.o(.ARM.Collect$$_printf_percent$$00000002)
    _printf_f                                0x00000179   Thumb Code     0  _printf_f.o(.ARM.Collect$$_printf_percent$$00000003)
    _printf_e                                0x0000017f   Thumb Code     0  _printf_e.o(.ARM.Collect$$_printf_percent$$00000004)
    _printf_g                                0x00000185   Thumb Code     0  _printf_g.o(.ARM.Collect$$_printf_percent$$00000005)
    _printf_a                                0x0000018b   Thumb Code     0  _printf_a.o(.ARM.Collect$$_printf_percent$$00000006)
    _printf_ll                               0x00000191   Thumb Code     0  _printf_ll.o(.ARM.Collect$$_printf_percent$$00000007)
    _printf_i                                0x0000019b   Thumb Code     0  _printf_i.o(.ARM.Collect$$_printf_percent$$00000008)
    _printf_d                                0x000001a1   Thumb Code     0  _printf_d.o(.ARM.Collect$$_printf_percent$$00000009)
    _printf_u                                0x000001a7   Thumb Code     0  _printf_u.o(.ARM.Collect$$_printf_percent$$0000000A)
    _printf_o                                0x000001ad   Thumb Code     0  _printf_o.o(.ARM.Collect$$_printf_percent$$0000000B)
    _printf_x                                0x000001b3   Thumb Code     0  _printf_x.o(.ARM.Collect$$_printf_percent$$0000000C)
    _printf_lli                              0x000001b9   Thumb Code     0  _printf_lli.o(.ARM.Collect$$_printf_percent$$0000000D)
    _printf_lld                              0x000001bf   Thumb Code     0  _printf_lld.o(.ARM.Collect$$_printf_percent$$0000000E)
    _printf_llu                              0x000001c5   Thumb Code     0  _printf_llu.o(.ARM.Collect$$_printf_percent$$0000000F)
    _printf_llo                              0x000001cb   Thumb Code     0  _printf_llo.o(.ARM.Collect$$_printf_percent$$00000010)
    _printf_llx                              0x000001d1   Thumb Code     0  _printf_llx.o(.ARM.Collect$$_printf_percent$$00000011)
    _printf_l                                0x000001d7   Thumb Code     0  _printf_l.o(.ARM.Collect$$_printf_percent$$00000012)
    _printf_c                                0x000001e1   Thumb Code     0  _printf_c.o(.ARM.Collect$$_printf_percent$$00000013)
    _printf_s                                0x000001e7   Thumb Code     0  _printf_s.o(.ARM.Collect$$_printf_percent$$00000014)
    _printf_lc                               0x000001ed   Thumb Code     0  _printf_lc.o(.ARM.Collect$$_printf_percent$$00000015)
    _printf_ls                               0x000001f3   Thumb Code     0  _printf_ls.o(.ARM.Collect$$_printf_percent$$00000016)
    _printf_percent_end                      0x000001f9   Thumb Code     0  _printf_percent_end.o(.ARM.Collect$$_printf_percent$$00000017)
    __rt_lib_init                            0x000001fd   Thumb Code     0  libinit.o(.ARM.Collect$$libinit$$00000000)
    __rt_lib_init_fp_1                       0x000001ff   Thumb Code     0  libinit2.o(.ARM.Collect$$libinit$$00000002)
    __rt_lib_init_heap_1                     0x000001ff   Thumb Code     0  libinit2.o(.ARM.Collect$$libinit$$0000000C)
    __rt_lib_init_lc_common                  0x000001ff   Thumb Code     0  libinit2.o(.ARM.Collect$$libinit$$00000011)
    __rt_lib_init_preinit_1                  0x000001ff   Thumb Code     0  libinit2.o(.ARM.Collect$$libinit$$00000006)
    __rt_lib_init_rand_1                     0x000001ff   Thumb Code     0  libinit2.o(.ARM.Collect$$libinit$$00000010)
    __rt_lib_init_relocate_pie_1             0x000001ff   Thumb Code     0  libinit2.o(.ARM.Collect$$libinit$$00000004)
    __rt_lib_init_user_alloc_1               0x000001ff   Thumb Code     0  libinit2.o(.ARM.Collect$$libinit$$0000000E)
    __rt_lib_init_lc_collate_1               0x00000205   Thumb Code     0  libinit2.o(.ARM.Collect$$libinit$$00000013)
    __rt_lib_init_lc_ctype_2                 0x00000205   Thumb Code     0  libinit2.o(.ARM.Collect$$libinit$$00000014)
    __rt_lib_init_lc_ctype_1                 0x00000211   Thumb Code     0  libinit2.o(.ARM.Collect$$libinit$$00000015)
    __rt_lib_init_lc_monetary_1              0x00000211   Thumb Code     0  libinit2.o(.ARM.Collect$$libinit$$00000017)
    __rt_lib_init_lc_numeric_2               0x00000211   Thumb Code     0  libinit2.o(.ARM.Collect$$libinit$$00000018)
    __rt_lib_init_alloca_1                   0x0000021b   Thumb Code     0  libinit2.o(.ARM.Collect$$libinit$$00000030)
    __rt_lib_init_argv_1                     0x0000021b   Thumb Code     0  libinit2.o(.ARM.Collect$$libinit$$0000002E)
    __rt_lib_init_atexit_1                   0x0000021b   Thumb Code     0  libinit2.o(.ARM.Collect$$libinit$$0000001D)
    __rt_lib_init_clock_1                    0x0000021b   Thumb Code     0  libinit2.o(.ARM.Collect$$libinit$$00000023)
    __rt_lib_init_cpp_1                      0x0000021b   Thumb Code     0  libinit2.o(.ARM.Collect$$libinit$$00000034)
    __rt_lib_init_exceptions_1               0x0000021b   Thumb Code     0  libinit2.o(.ARM.Collect$$libinit$$00000032)
    __rt_lib_init_fp_trap_1                  0x0000021b   Thumb Code     0  libinit2.o(.ARM.Collect$$libinit$$00000021)
    __rt_lib_init_getenv_1                   0x0000021b   Thumb Code     0  libinit2.o(.ARM.Collect$$libinit$$00000025)
    __rt_lib_init_lc_numeric_1               0x0000021b   Thumb Code     0  libinit2.o(.ARM.Collect$$libinit$$00000019)
    __rt_lib_init_lc_time_1                  0x0000021b   Thumb Code     0  libinit2.o(.ARM.Collect$$libinit$$0000001B)
    __rt_lib_init_return                     0x0000021b   Thumb Code     0  libinit2.o(.ARM.Collect$$libinit$$00000035)
    __rt_lib_init_signal_1                   0x0000021b   Thumb Code     0  libinit2.o(.ARM.Collect$$libinit$$0000001F)
    __rt_lib_init_stdio_1                    0x0000021b   Thumb Code     0  libinit2.o(.ARM.Collect$$libinit$$00000027)
    __rt_lib_shutdown                        0x0000021d   Thumb Code     0  libshutdown.o(.ARM.Collect$$libshutdown$$00000000)
    __rt_lib_shutdown_cpp_1                  0x0000021f   Thumb Code     0  libshutdown2.o(.ARM.Collect$$libshutdown$$00000002)
    __rt_lib_shutdown_fp_trap_1              0x0000021f   Thumb Code     0  libshutdown2.o(.ARM.Collect$$libshutdown$$00000007)
    __rt_lib_shutdown_heap_1                 0x0000021f   Thumb Code     0  libshutdown2.o(.ARM.Collect$$libshutdown$$0000000F)
    __rt_lib_shutdown_return                 0x0000021f   Thumb Code     0  libshutdown2.o(.ARM.Collect$$libshutdown$$00000010)
    __rt_lib_shutdown_signal_1               0x0000021f   Thumb Code     0  libshutdown2.o(.ARM.Collect$$libshutdown$$0000000A)
    __rt_lib_shutdown_stdio_1                0x0000021f   Thumb Code     0  libshutdown2.o(.ARM.Collect$$libshutdown$$00000004)
    __rt_lib_shutdown_user_alloc_1           0x0000021f   Thumb Code     0  libshutdown2.o(.ARM.Collect$$libshutdown$$0000000C)
    __rt_entry                               0x00000221   Thumb Code     0  __rtentry.o(.ARM.Collect$$rtentry$$00000000)
    __rt_entry_presh_1                       0x00000221   Thumb Code     0  __rtentry2.o(.ARM.Collect$$rtentry$$00000002)
    __rt_entry_sh                            0x00000221   Thumb Code     0  __rtentry4.o(.ARM.Collect$$rtentry$$00000004)
    __rt_entry_li                            0x00000227   Thumb Code     0  __rtentry2.o(.ARM.Collect$$rtentry$$0000000A)
    __rt_entry_postsh_1                      0x00000227   Thumb Code     0  __rtentry2.o(.ARM.Collect$$rtentry$$00000009)
    __rt_entry_main                          0x0000022b   Thumb Code     0  __rtentry2.o(.ARM.Collect$$rtentry$$0000000D)
    __rt_entry_postli_1                      0x0000022b   Thumb Code     0  __rtentry2.o(.ARM.Collect$$rtentry$$0000000C)
    __rt_exit                                0x00000233   Thumb Code     0  rtexit.o(.ARM.Collect$$rtexit$$00000000)
    __rt_exit_ls                             0x00000235   Thumb Code     0  rtexit2.o(.ARM.Collect$$rtexit$$00000003)
    __rt_exit_prels_1                        0x00000235   Thumb Code     0  rtexit2.o(.ARM.Collect$$rtexit$$00000002)
    __rt_exit_exit                           0x00000239   Thumb Code     0  rtexit2.o(.ARM.Collect$$rtexit$$00000004)
    Reset_Handler                            0x00000241   Thumb Code     8  startup_lpc17xx.o(.text)
    NMI_Handler                              0x00000249   Thumb Code     2  startup_lpc17xx.o(.text)
    HardFault_Handler                        0x0000024b   Thumb Code     2  startup_lpc17xx.o(.text)
    MemManage_Handler                        0x0000024d   Thumb Code     2  startup_lpc17xx.o(.text)
    BusFault_Handler                         0x0000024f   Thumb Code     2  startup_lpc17xx.o(.text)
    UsageFault_Handler                       0x00000251   Thumb Code     2  startup_lpc17xx.o(.text)
    SVC_Handler                              0x00000253   Thumb Code     2  startup_lpc17xx.o(.text)
    DebugMon_Handler                         0x00000255   Thumb Code     2  startup_lpc17xx.o(.text)
    PendSV_Handler                           0x00000257   Thumb Code     2  startup_lpc17xx.o(.text)
    SysTick_Handler                          0x00000259   Thumb Code     2  startup_lpc17xx.o(.text)
    ADC_IRQHandler                           0x0000025b   Thumb Code     0  startup_lpc17xx.o(.text)
    BOD_IRQHandler                           0x0000025b   Thumb Code     0  startup_lpc17xx.o(.text)
    CANActivity_IRQHandler                   0x0000025b   Thumb Code     0  startup_lpc17xx.o(.text)
    CAN_IRQHandler                           0x0000025b   Thumb Code     0  startup_lpc17xx.o(.text)
    DMA_IRQHandler                           0x0000025b   Thumb Code     0  startup_lpc17xx.o(.text)
    EINT0_IRQHandler                         0x0000025b   Thumb Code     0  startup_lpc17xx.o(.text)
    EINT1_IRQHandler                         0x0000025b   Thumb Code     0  startup_lpc17xx.o(.text)
    EINT2_IRQHandler                         0x0000025b   Thumb Code     0  startup_lpc17xx.o(.text)
    EINT3_IRQHandler                         0x0000025b   Thumb Code     0  startup_lpc17xx.o(.text)
    ENET_IRQHandler                          0x0000025b   Thumb Code     0  startup_lpc17xx.o(.text)
    I2C0_IRQHandler                          0x0000025b   Thumb Code     0  startup_lpc17xx.o(.text)
    I2C1_IRQHandler                          0x0000025b   Thumb Code     0  startup_lpc17xx.o(.text)
    I2C2_IRQHandler                          0x0000025b   Thumb Code     0  startup_lpc17xx.o(.text)
    I2S_IRQHandler                           0x0000025b   Thumb Code     0  startup_lpc17xx.o(.text)
    MCPWM_IRQHandler                         0x0000025b   Thumb Code     0  startup_lpc17xx.o(.text)
    PLL0_IRQHandler                          0x0000025b   Thumb Code     0  startup_lpc17xx.o(.text)
    PLL1_IRQHandler                          0x0000025b   Thumb Code     0  startup_lpc17xx.o(.text)
    PWM1_IRQHandler                          0x0000025b   Thumb Code     0  startup_lpc17xx.o(.text)
    QEI_IRQHandler                           0x0000025b   Thumb Code     0  startup_lpc17xx.o(.text)
    RIT_IRQHandler                           0x0000025b   Thumb Code     0  startup_lpc17xx.o(.text)
    RTC_IRQHandler                           0x0000025b   Thumb Code     0  startup_lpc17xx.o(.text)
    SPI_IRQHandler                           0x0000025b   Thumb Code     0  startup_lpc17xx.o(.text)
    SSP0_IRQHandler                          0x0000025b   Thumb Code     0  startup_lpc17xx.o(.text)
    SSP1_IRQHandler                          0x0000025b   Thumb Code     0  startup_lpc17xx.o(.text)
    TIMER0_IRQHandler                        0x0000025b   Thumb Code     0  startup_lpc17xx.o(.text)
    TIMER1_IRQHandler                        0x0000025b   Thumb Code     0  startup_lpc17xx.o(.text)
    TIMER2_IRQHandler                        0x0000025b   Thumb Code     0  startup_lpc17xx.o(.text)
    TIMER3_IRQHandler                        0x0000025b   Thumb Code     0  startup_lpc17xx.o(.text)
    UART0_IRQHandler                         0x0000025b   Thumb Code     0  startup_lpc17xx.o(.text)
    UART1_IRQHandler                         0x0000025b   Thumb Code     0  startup_lpc17xx.o(.text)
    UART2_IRQHandler                         0x0000025b   Thumb Code     0  startup_lpc17xx.o(.text)
    UART3_IRQHandler                         0x0000025b   Thumb Code     0  startup_lpc17xx.o(.text)
    USBActivity_IRQHandler                   0x0000025b   Thumb Code     0  startup_lpc17xx.o(.text)
    USB_IRQHandler                           0x0000025b   Thumb Code     0  startup_lpc17xx.o(.text)
    WDT_IRQHandler                           0x0000025b   Thumb Code     0  startup_lpc17xx.o(.text)
    __user_initial_stackheap                 0x0000025d   Thumb Code     0  startup_lpc17xx.o(.text)
    printf                                   0x0000027d   Thumb Code    20  printf.o(.text)
    strcpy                                   0x00000295   Thumb Code    72  strcpy.o(.text)
    __use_two_region_memory                  0x000002dd   Thumb Code     2  heapauxi.o(.text)
    __rt_heap_escrow$2region                 0x000002df   Thumb Code     2  heapauxi.o(.text)
    __rt_heap_expand$2region                 0x000002e1   Thumb Code     2  heapauxi.o(.text)
    ferror                                   0x000002e3   Thumb Code     8  ferror.o(.text)
    __rt_ctype_table                         0x000002ed   Thumb Code    16  rt_ctype_table.o(.text)
    __aeabi_memcpy                           0x00000301   Thumb Code     0  rt_memcpy_v6.o(.text)
    __rt_memcpy                              0x00000301   Thumb Code   138  rt_memcpy_v6.o(.text)
    _memcpy_lastbytes                        0x00000367   Thumb Code     0  rt_memcpy_v6.o(.text)
    _printf_pre_padding                      0x0000038b   Thumb Code    44  _printf_pad.o(.text)
    _printf_post_padding                     0x000003b7   Thumb Code    34  _printf_pad.o(.text)
    _printf_truncate_signed                  0x000003d9   Thumb Code    18  _printf_truncate.o(.text)
    _printf_truncate_unsigned                0x000003eb   Thumb Code    18  _printf_truncate.o(.text)
    _printf_str                              0x000003fd   Thumb Code    82  _printf_str.o(.text)
    _printf_int_dec                          0x00000451   Thumb Code   104  _printf_dec.o(.text)
    _printf_charcount                        0x000004c9   Thumb Code    40  _printf_charcount.o(.text)
    _printf_char_file                        0x000004f1   Thumb Code    32  _printf_char_file.o(.text)
    _printf_wctomb                           0x00000515   Thumb Code   182  _printf_wctomb.o(.text)
    _printf_longlong_dec                     0x000005d1   Thumb Code   108  _printf_longlong_dec.o(.text)
    _printf_longlong_oct                     0x0000064d   Thumb Code    68  _printf_oct_int_ll.o(.text)
    _printf_int_oct                          0x00000691   Thumb Code    24  _printf_oct_int_ll.o(.text)
    _printf_ll_oct                           0x000006a9   Thumb Code    12  _printf_oct_int_ll.o(.text)
    _printf_longlong_hex                     0x000006bd   Thumb Code    86  _printf_hex_int_ll_ptr.o(.text)
    _printf_int_hex                          0x00000713   Thumb Code    28  _printf_hex_int_ll_ptr.o(.text)
    _printf_ll_hex                           0x0000072f   Thumb Code    12  _printf_hex_int_ll_ptr.o(.text)
    _printf_hex_ptr                          0x0000073b   Thumb Code    18  _printf_hex_int_ll_ptr.o(.text)
    __printf                                 0x00000751   Thumb Code   388  __printf_flags_ss_wp.o(.text)
    __aeabi_memcpy4                          0x000008d9   Thumb Code     0  rt_memcpy_w.o(.text)
    __aeabi_memcpy8                          0x000008d9   Thumb Code     0  rt_memcpy_w.o(.text)
    __rt_memcpy_w                            0x000008d9   Thumb Code   100  rt_memcpy_w.o(.text)
    _memcpy_lastbytes_aligned                0x00000921   Thumb Code     0  rt_memcpy_w.o(.text)
    _ll_udiv10                               0x0000093d   Thumb Code   138  lludiv10.o(.text)
    _printf_int_common                       0x000009c7   Thumb Code   178  _printf_intcommon.o(.text)
    _printf_fp_dec_real                      0x00000c29   Thumb Code   620  _printf_fp_dec.o(.text)
    _printf_fp_hex_real                      0x00000e95   Thumb Code   756  _printf_fp_hex.o(.text)
    _printf_char_common                      0x0000119b   Thumb Code    32  _printf_char_common.o(.text)
    _printf_cs_common                        0x000011c1   Thumb Code    20  _printf_char.o(.text)
    _printf_char                             0x000011d5   Thumb Code    16  _printf_char.o(.text)
    _printf_string                           0x000011e5   Thumb Code     8  _printf_char.o(.text)
    _printf_lcs_common                       0x000011ed   Thumb Code    20  _printf_wchar.o(.text)
    _printf_wchar                            0x00001201   Thumb Code    16  _printf_wchar.o(.text)
    _printf_wstring                          0x00001211   Thumb Code     8  _printf_wchar.o(.text)
    _c16rtomb                                0x00001219   Thumb Code    72  _c16rtomb.o(.text)
    _wcrtomb                                 0x00001219   Thumb Code     0  _c16rtomb.o(.text)
    __user_setup_stackheap                   0x00001261   Thumb Code    74  sys_stackheap_outer.o(.text)
    __rt_locale                              0x000012ad   Thumb Code     8  rt_locale_intlibspace.o(.text)
    _printf_fp_infnan                        0x000012b5   Thumb Code   112  _printf_fp_infnan.o(.text)
    _btod_etento                             0x00001335   Thumb Code   224  bigflt0.o(.text)
    exit                                     0x00001419   Thumb Code    18  exit.o(.text)
    __user_libspace                          0x0000142d   Thumb Code     8  libspace.o(.text)
    __user_perproc_libspace                  0x0000142d   Thumb Code     0  libspace.o(.text)
    __user_perthread_libspace                0x0000142d   Thumb Code     0  libspace.o(.text)
    strcmp                                   0x00001435   Thumb Code   128  strcmpv7m.o(.text)
    _sys_exit                                0x000014b5   Thumb Code     8  sys_exit.o(.text)
    __I$use$semihosting                      0x000014c1   Thumb Code     0  use_no_semi.o(.text)
    __use_no_semihosting_swi                 0x000014c1   Thumb Code     2  use_no_semi.o(.text)
    __semihosting_library_function           0x000014c3   Thumb Code     0  indicate_semi.o(.text)
    ClearScreen                              0x000014c5   Thumb Code    20  glcd_simulation.o(.text.ClearScreen)
    GLCD_S_Bargraph                          0x000014d9   Thumb Code   402  glcd_simulation.o(.text.GLCD_S_Bargraph)
    GLCD_S_Clear                             0x0000166d   Thumb Code   466  glcd_simulation.o(.text.GLCD_S_Clear)
    GLCD_S_ClearLn                           0x00001841   Thumb Code    82  glcd_simulation.o(.text.GLCD_S_ClearLn)
    GLCD_S_DisplayString                     0x00001895   Thumb Code   276  glcd_simulation.o(.text.GLCD_S_DisplayString)
    GLCD_S_Init                              0x000019a9   Thumb Code  1606  glcd_simulation.o(.text.GLCD_S_Init)
    GLCD_S_SetBackColor                      0x00001ff1   Thumb Code   432  glcd_simulation.o(.text.GLCD_S_SetBackColor)
    GLCD_S_SetTextColor                      0x000021a1   Thumb Code   432  glcd_simulation.o(.text.GLCD_S_SetTextColor)
    GLCD_S_Simulation                        0x00002351   Thumb Code  6702  glcd_simulation.o(.text.GLCD_S_Simulation)
    Get_SwitchPos                            0x00003d81   Thumb Code   194  keys.o(.text.Get_SwitchPos)
    SetCursorPosition                        0x00003e45   Thumb Code    30  glcd_simulation.o(.text.SetCursorPosition)
    Switch_Init                              0x00003e65   Thumb Code   298  keys.o(.text.Switch_Init)
    SystemInit                               0x00003f91   Thumb Code   388  system_lpc17xx.o(.text.SystemInit)
    fputc                                    0x00004115   Thumb Code    54  glcd_simulation.o(.text.fputc)
    lcd_bin                                  0x0000414d   Thumb Code    88  lcd.o(.text.lcd_bin)
    lcd_dez                                  0x000041a5   Thumb Code   194  lcd.o(.text.lcd_dez)
    lcd_hex                                  0x00004269   Thumb Code    92  lcd.o(.text.lcd_hex)
    main                                     0x000042c5   Thumb Code   254  test_2.o(.text.main)
    _btod_d2e                                0x000043c3   Thumb Code    62  btod.o(CL$$btod_d2e)
    _d2e_denorm_low                          0x00004401   Thumb Code    70  btod.o(CL$$btod_d2e_denorm_low)
    _d2e_norm_op1                            0x00004447   Thumb Code    96  btod.o(CL$$btod_d2e_norm_op1)
    __btod_div_common                        0x000044a9   Thumb Code   696  btod.o(CL$$btod_div_common)
    _e2e                                     0x000047e1   Thumb Code   220  btod.o(CL$$btod_e2e)
    _btod_ediv                               0x000048bd   Thumb Code    42  btod.o(CL$$btod_ediv)
    _btod_emul                               0x000048e7   Thumb Code    42  btod.o(CL$$btod_emul)
    __btod_mult_common                       0x00004911   Thumb Code   580  btod.o(CL$$btod_mult_common)
    __ARM_fpclassify                         0x00004b55   Thumb Code    40  fpclassify.o(i.__ARM_fpclassify)
    _is_digit                                0x00004b7d   Thumb Code    14  __printf_wp.o(i._is_digit)
    _get_lc_numeric                          0x00004b8d   Thumb Code    44  lc_numeric_c.o(locale$$code)
    _get_lc_ctype                            0x00004bb9   Thumb Code    44  lc_ctype_c.o(locale$$code)
    __fpl_dcmp_Inf                           0x00004be5   Thumb Code    24  dcmpi.o(x$fpl$dcmpinf)
    __aeabi_cdcmpeq                          0x00004bfd   Thumb Code     0  deqf.o(x$fpl$deqf)
    _dcmpeq                                  0x00004bfd   Thumb Code   120  deqf.o(x$fpl$deqf)
    __aeabi_cdcmpge                          0x00004c75   Thumb Code     0  dgeqf.o(x$fpl$dgeqf)
    _dcmpge                                  0x00004c75   Thumb Code   120  dgeqf.o(x$fpl$dgeqf)
    __aeabi_cdcmple                          0x00004ced   Thumb Code     0  dleqf.o(x$fpl$dleqf)
    _dcmple                                  0x00004ced   Thumb Code   120  dleqf.o(x$fpl$dleqf)
    __fpl_dcmple_InfNaN                      0x00004d4f   Thumb Code     0  dleqf.o(x$fpl$dleqf)
    __fpl_dnaninf                            0x00004d65   Thumb Code   156  dnaninf.o(x$fpl$dnaninf)
    __fpl_dretinf                            0x00004e01   Thumb Code    12  dretinf.o(x$fpl$dretinf)
    __aeabi_f2d                              0x00004e0d   Thumb Code     0  f2d.o(x$fpl$f2d)
    _f2d                                     0x00004e0d   Thumb Code    86  f2d.o(x$fpl$f2d)
    __aeabi_fadd                             0x00004e65   Thumb Code     0  faddsub_clz.o(x$fpl$fadd)
    _fadd                                    0x00004e65   Thumb Code   196  faddsub_clz.o(x$fpl$fadd)
    __aeabi_dcmpeq                           0x00004f29   Thumb Code     0  dcmp.o(x$fpl$fcmp)
    _deq                                     0x00004f29   Thumb Code    14  dcmp.o(x$fpl$fcmp)
    _dneq                                    0x00004f37   Thumb Code    14  dcmp.o(x$fpl$fcmp)
    __aeabi_dcmpgt                           0x00004f45   Thumb Code     0  dcmp.o(x$fpl$fcmp)
    _dgr                                     0x00004f45   Thumb Code    14  dcmp.o(x$fpl$fcmp)
    __aeabi_dcmpge                           0x00004f53   Thumb Code     0  dcmp.o(x$fpl$fcmp)
    _dgeq                                    0x00004f53   Thumb Code    14  dcmp.o(x$fpl$fcmp)
    __aeabi_dcmple                           0x00004f61   Thumb Code     0  dcmp.o(x$fpl$fcmp)
    _dleq                                    0x00004f61   Thumb Code    14  dcmp.o(x$fpl$fcmp)
    __aeabi_dcmplt                           0x00004f6f   Thumb Code     0  dcmp.o(x$fpl$fcmp)
    _dls                                     0x00004f6f   Thumb Code    14  dcmp.o(x$fpl$fcmp)
    __aeabi_fdiv                             0x00004f7d   Thumb Code     0  fdiv.o(x$fpl$fdiv)
    _fdiv                                    0x00004f7d   Thumb Code   384  fdiv.o(x$fpl$fdiv)
    __aeabi_f2uiz                            0x00005101   Thumb Code     0  ffixu.o(x$fpl$ffixu)
    _ffixu                                   0x00005101   Thumb Code    62  ffixu.o(x$fpl$ffixu)
    __aeabi_ui2f                             0x00005141   Thumb Code     0  fflt_clz.o(x$fpl$ffltu)
    _ffltu                                   0x00005141   Thumb Code    38  fflt_clz.o(x$fpl$ffltu)
    __aeabi_fmul                             0x00005169   Thumb Code     0  fmul.o(x$fpl$fmul)
    _fmul                                    0x00005169   Thumb Code   258  fmul.o(x$fpl$fmul)
    __fpl_fnaninf                            0x0000526b   Thumb Code   140  fnaninf.o(x$fpl$fnaninf)
    __fpl_fretinf                            0x000052f7   Thumb Code    10  fretinf.o(x$fpl$fretinf)
    __aeabi_fsub                             0x00005301   Thumb Code     0  faddsub_clz.o(x$fpl$fsub)
    _fsub                                    0x00005301   Thumb Code   234  faddsub_clz.o(x$fpl$fsub)
    _printf_fp_dec                           0x000053eb   Thumb Code     4  printf1.o(x$fpl$printf1)
    _printf_fp_hex                           0x000053ef   Thumb Code     4  printf2.o(x$fpl$printf2)
    __I$use$fp                               0x000053f2   Number         0  usenofp.o(x$fpl$usenofp)
    Region$$Table$$Base                      0x00005758   Number         0  anon$$obj.o(Region$$Table)
    Region$$Table$$Limit                     0x00005778   Number         0  anon$$obj.o(Region$$Table)
    __ctype                                  0x000057a1   Data           0  lc_ctype_c.o(locale$$data)
    __libspace_start                         0x10000008   Data          96  libspace.o(.bss)
    __temporary_stack_top$libspace           0x10000068   Data           0  libspace.o(.bss)
    __stdout                                 0x1000006c   Data           4  glcd_simulation.o(.bss.__stdout)



==============================================================================

Memory Map of the image

  Image Entry point : 0x000000cd

  Load Region LR_IROM1 (Base: 0x00000000, Size: 0x000058b0, Max: 0x00080000, ABSOLUTE)

    Execution Region ER_IROM1 (Exec base: 0x00000000, Load base: 0x00000000, Size: 0x000058a4, Max: 0x00080000, ABSOLUTE)

    Exec Addr    Load Addr    Size         Type   Attr      Idx    E Section Name        Object

    0x00000000   0x00000000   0x000000cc   Data   RO          184    RESET               startup_lpc17xx.o
    0x000000cc   0x000000cc   0x00000008   Code   RO          218  * !!!main             c_w.l(__main.o)
    0x000000d4   0x000000d4   0x0000005c   Code   RO          613    !!!scatter          c_w.l(__scatter.o)
    0x00000130   0x00000130   0x0000001a   Code   RO          617    !!handler_copy      c_w.l(__scatter_copy.o)
    0x0000014a   0x0000014a   0x00000002   PAD
    0x0000014c   0x0000014c   0x00000002   Code   RO          614    !!handler_null      c_w.l(__scatter.o)
    0x0000014e   0x0000014e   0x00000002   PAD
    0x00000150   0x00000150   0x0000001c   Code   RO          619    !!handler_zi        c_w.l(__scatter_zi.o)
    0x0000016c   0x0000016c   0x00000000   Code   RO          330    .ARM.Collect$$_printf_percent$$00000000  c_w.l(_printf_percent.o)
    0x0000016c   0x0000016c   0x00000006   Code   RO          319    .ARM.Collect$$_printf_percent$$00000001  c_w.l(_printf_n.o)
    0x00000172   0x00000172   0x00000006   Code   RO          321    .ARM.Collect$$_printf_percent$$00000002  c_w.l(_printf_p.o)
    0x00000178   0x00000178   0x00000006   Code   RO          326    .ARM.Collect$$_printf_percent$$00000003  c_w.l(_printf_f.o)
    0x0000017e   0x0000017e   0x00000006   Code   RO          327    .ARM.Collect$$_printf_percent$$00000004  c_w.l(_printf_e.o)
    0x00000184   0x00000184   0x00000006   Code   RO          328    .ARM.Collect$$_printf_percent$$00000005  c_w.l(_printf_g.o)
    0x0000018a   0x0000018a   0x00000006   Code   RO          329    .ARM.Collect$$_printf_percent$$00000006  c_w.l(_printf_a.o)
    0x00000190   0x00000190   0x0000000a   Code   RO          334    .ARM.Collect$$_printf_percent$$00000007  c_w.l(_printf_ll.o)
    0x0000019a   0x0000019a   0x00000006   Code   RO          323    .ARM.Collect$$_printf_percent$$00000008  c_w.l(_printf_i.o)
    0x000001a0   0x000001a0   0x00000006   Code   RO          324    .ARM.Collect$$_printf_percent$$00000009  c_w.l(_printf_d.o)
    0x000001a6   0x000001a6   0x00000006   Code   RO          325    .ARM.Collect$$_printf_percent$$0000000A  c_w.l(_printf_u.o)
    0x000001ac   0x000001ac   0x00000006   Code   RO          322    .ARM.Collect$$_printf_percent$$0000000B  c_w.l(_printf_o.o)
    0x000001b2   0x000001b2   0x00000006   Code   RO          320    .ARM.Collect$$_printf_percent$$0000000C  c_w.l(_printf_x.o)
    0x000001b8   0x000001b8   0x00000006   Code   RO          331    .ARM.Collect$$_printf_percent$$0000000D  c_w.l(_printf_lli.o)
    0x000001be   0x000001be   0x00000006   Code   RO          332    .ARM.Collect$$_printf_percent$$0000000E  c_w.l(_printf_lld.o)
    0x000001c4   0x000001c4   0x00000006   Code   RO          333    .ARM.Collect$$_printf_percent$$0000000F  c_w.l(_printf_llu.o)
    0x000001ca   0x000001ca   0x00000006   Code   RO          338    .ARM.Collect$$_printf_percent$$00000010  c_w.l(_printf_llo.o)
    0x000001d0   0x000001d0   0x00000006   Code   RO          339    .ARM.Collect$$_printf_percent$$00000011  c_w.l(_printf_llx.o)
    0x000001d6   0x000001d6   0x0000000a   Code   RO          335    .ARM.Collect$$_printf_percent$$00000012  c_w.l(_printf_l.o)
    0x000001e0   0x000001e0   0x00000006   Code   RO          317    .ARM.Collect$$_printf_percent$$00000013  c_w.l(_printf_c.o)
    0x000001e6   0x000001e6   0x00000006   Code   RO          318    .ARM.Collect$$_printf_percent$$00000014  c_w.l(_printf_s.o)
    0x000001ec   0x000001ec   0x00000006   Code   RO          336    .ARM.Collect$$_printf_percent$$00000015  c_w.l(_printf_lc.o)
    0x000001f2   0x000001f2   0x00000006   Code   RO          337    .ARM.Collect$$_printf_percent$$00000016  c_w.l(_printf_ls.o)
    0x000001f8   0x000001f8   0x00000004   Code   RO          397    .ARM.Collect$$_printf_percent$$00000017  c_w.l(_printf_percent_end.o)
    0x000001fc   0x000001fc   0x00000002   Code   RO          462    .ARM.Collect$$libinit$$00000000  c_w.l(libinit.o)
    0x000001fe   0x000001fe   0x00000000   Code   RO          486    .ARM.Collect$$libinit$$00000002  c_w.l(libinit2.o)
    0x000001fe   0x000001fe   0x00000000   Code   RO          488    .ARM.Collect$$libinit$$00000004  c_w.l(libinit2.o)
    0x000001fe   0x000001fe   0x00000000   Code   RO          490    .ARM.Collect$$libinit$$00000006  c_w.l(libinit2.o)
    0x000001fe   0x000001fe   0x00000000   Code   RO          493    .ARM.Collect$$libinit$$0000000C  c_w.l(libinit2.o)
    0x000001fe   0x000001fe   0x00000000   Code   RO          495    .ARM.Collect$$libinit$$0000000E  c_w.l(libinit2.o)
    0x000001fe   0x000001fe   0x00000000   Code   RO          497    .ARM.Collect$$libinit$$00000010  c_w.l(libinit2.o)
    0x000001fe   0x000001fe   0x00000006   Code   RO          498    .ARM.Collect$$libinit$$00000011  c_w.l(libinit2.o)
    0x00000204   0x00000204   0x00000000   Code   RO          500    .ARM.Collect$$libinit$$00000013  c_w.l(libinit2.o)
    0x00000204   0x00000204   0x0000000c   Code   RO          501    .ARM.Collect$$libinit$$00000014  c_w.l(libinit2.o)
    0x00000210   0x00000210   0x00000000   Code   RO          502    .ARM.Collect$$libinit$$00000015  c_w.l(libinit2.o)
    0x00000210   0x00000210   0x00000000   Code   RO          504    .ARM.Collect$$libinit$$00000017  c_w.l(libinit2.o)
    0x00000210   0x00000210   0x0000000a   Code   RO          505    .ARM.Collect$$libinit$$00000018  c_w.l(libinit2.o)
    0x0000021a   0x0000021a   0x00000000   Code   RO          506    .ARM.Collect$$libinit$$00000019  c_w.l(libinit2.o)
    0x0000021a   0x0000021a   0x00000000   Code   RO          508    .ARM.Collect$$libinit$$0000001B  c_w.l(libinit2.o)
    0x0000021a   0x0000021a   0x00000000   Code   RO          510    .ARM.Collect$$libinit$$0000001D  c_w.l(libinit2.o)
    0x0000021a   0x0000021a   0x00000000   Code   RO          512    .ARM.Collect$$libinit$$0000001F  c_w.l(libinit2.o)
    0x0000021a   0x0000021a   0x00000000   Code   RO          514    .ARM.Collect$$libinit$$00000021  c_w.l(libinit2.o)
    0x0000021a   0x0000021a   0x00000000   Code   RO          516    .ARM.Collect$$libinit$$00000023  c_w.l(libinit2.o)
    0x0000021a   0x0000021a   0x00000000   Code   RO          518    .ARM.Collect$$libinit$$00000025  c_w.l(libinit2.o)
    0x0000021a   0x0000021a   0x00000000   Code   RO          520    .ARM.Collect$$libinit$$00000027  c_w.l(libinit2.o)
    0x0000021a   0x0000021a   0x00000000   Code   RO          524    .ARM.Collect$$libinit$$0000002E  c_w.l(libinit2.o)
    0x0000021a   0x0000021a   0x00000000   Code   RO          526    .ARM.Collect$$libinit$$00000030  c_w.l(libinit2.o)
    0x0000021a   0x0000021a   0x00000000   Code   RO          528    .ARM.Collect$$libinit$$00000032  c_w.l(libinit2.o)
    0x0000021a   0x0000021a   0x00000000   Code   RO          530    .ARM.Collect$$libinit$$00000034  c_w.l(libinit2.o)
    0x0000021a   0x0000021a   0x00000002   Code   RO          531    .ARM.Collect$$libinit$$00000035  c_w.l(libinit2.o)
    0x0000021c   0x0000021c   0x00000002   Code   RO          568    .ARM.Collect$$libshutdown$$00000000  c_w.l(libshutdown.o)
    0x0000021e   0x0000021e   0x00000000   Code   RO          596    .ARM.Collect$$libshutdown$$00000002  c_w.l(libshutdown2.o)
    0x0000021e   0x0000021e   0x00000000   Code   RO          598    .ARM.Collect$$libshutdown$$00000004  c_w.l(libshutdown2.o)
    0x0000021e   0x0000021e   0x00000000   Code   RO          601    .ARM.Collect$$libshutdown$$00000007  c_w.l(libshutdown2.o)
    0x0000021e   0x0000021e   0x00000000   Code   RO          604    .ARM.Collect$$libshutdown$$0000000A  c_w.l(libshutdown2.o)
    0x0000021e   0x0000021e   0x00000000   Code   RO          606    .ARM.Collect$$libshutdown$$0000000C  c_w.l(libshutdown2.o)
    0x0000021e   0x0000021e   0x00000000   Code   RO          609    .ARM.Collect$$libshutdown$$0000000F  c_w.l(libshutdown2.o)
    0x0000021e   0x0000021e   0x00000002   Code   RO          610    .ARM.Collect$$libshutdown$$00000010  c_w.l(libshutdown2.o)
    0x00000220   0x00000220   0x00000000   Code   RO          246    .ARM.Collect$$rtentry$$00000000  c_w.l(__rtentry.o)
    0x00000220   0x00000220   0x00000000   Code   RO          364    .ARM.Collect$$rtentry$$00000002  c_w.l(__rtentry2.o)
    0x00000220   0x00000220   0x00000006   Code   RO          376    .ARM.Collect$$rtentry$$00000004  c_w.l(__rtentry4.o)
    0x00000226   0x00000226   0x00000000   Code   RO          366    .ARM.Collect$$rtentry$$00000009  c_w.l(__rtentry2.o)
    0x00000226   0x00000226   0x00000004   Code   RO          367    .ARM.Collect$$rtentry$$0000000A  c_w.l(__rtentry2.o)
    0x0000022a   0x0000022a   0x00000000   Code   RO          369    .ARM.Collect$$rtentry$$0000000C  c_w.l(__rtentry2.o)
    0x0000022a   0x0000022a   0x00000008   Code   RO          370    .ARM.Collect$$rtentry$$0000000D  c_w.l(__rtentry2.o)
    0x00000232   0x00000232   0x00000002   Code   RO          470    .ARM.Collect$$rtexit$$00000000  c_w.l(rtexit.o)
    0x00000234   0x00000234   0x00000000   Code   RO          537    .ARM.Collect$$rtexit$$00000002  c_w.l(rtexit2.o)
    0x00000234   0x00000234   0x00000004   Code   RO          538    .ARM.Collect$$rtexit$$00000003  c_w.l(rtexit2.o)
    0x00000238   0x00000238   0x00000006   Code   RO          539    .ARM.Collect$$rtexit$$00000004  c_w.l(rtexit2.o)
    0x0000023e   0x0000023e   0x00000002   PAD
    0x00000240   0x00000240   0x0000003c   Code   RO          186    .text               startup_lpc17xx.o
    0x0000027c   0x0000027c   0x00000018   Code   RO          210    .text               c_w.l(printf.o)
    0x00000294   0x00000294   0x00000048   Code   RO          212    .text               c_w.l(strcpy.o)
    0x000002dc   0x000002dc   0x00000006   Code   RO          216    .text               c_w.l(heapauxi.o)
    0x000002e2   0x000002e2   0x00000008   Code   RO          398    .text               c_w.l(ferror.o)
    0x000002ea   0x000002ea   0x00000002   PAD
    0x000002ec   0x000002ec   0x00000010   Code   RO          410    .text               c_w.l(rt_ctype_table.o)
    0x000002fc   0x000002fc   0x00000004   Code   RO          185    .ARM.__at_0x02FC    startup_lpc17xx.o
    0x00000300   0x00000300   0x0000008a   Code   RO          214    .text               c_w.l(rt_memcpy_v6.o)
    0x0000038a   0x0000038a   0x0000004e   Code   RO          253    .text               c_w.l(_printf_pad.o)
    0x000003d8   0x000003d8   0x00000024   Code   RO          255    .text               c_w.l(_printf_truncate.o)
    0x000003fc   0x000003fc   0x00000052   Code   RO          257    .text               c_w.l(_printf_str.o)
    0x0000044e   0x0000044e   0x00000002   PAD
    0x00000450   0x00000450   0x00000078   Code   RO          259    .text               c_w.l(_printf_dec.o)
    0x000004c8   0x000004c8   0x00000028   Code   RO          261    .text               c_w.l(_printf_charcount.o)
    0x000004f0   0x000004f0   0x00000024   Code   RO          263    .text               c_w.l(_printf_char_file.o)
    0x00000514   0x00000514   0x000000bc   Code   RO          265    .text               c_w.l(_printf_wctomb.o)
    0x000005d0   0x000005d0   0x0000007c   Code   RO          268    .text               c_w.l(_printf_longlong_dec.o)
    0x0000064c   0x0000064c   0x00000070   Code   RO          274    .text               c_w.l(_printf_oct_int_ll.o)
    0x000006bc   0x000006bc   0x00000094   Code   RO          294    .text               c_w.l(_printf_hex_int_ll_ptr.o)
    0x00000750   0x00000750   0x00000188   Code   RO          314    .text               c_w.l(__printf_flags_ss_wp.o)
    0x000008d8   0x000008d8   0x00000064   Code   RO          340    .text               c_w.l(rt_memcpy_w.o)
    0x0000093c   0x0000093c   0x0000008a   Code   RO          380    .text               c_w.l(lludiv10.o)
    0x000009c6   0x000009c6   0x000000b2   Code   RO          382    .text               c_w.l(_printf_intcommon.o)
    0x00000a78   0x00000a78   0x0000041c   Code   RO          384    .text               c_w.l(_printf_fp_dec.o)
    0x00000e94   0x00000e94   0x000002fc   Code   RO          388    .text               c_w.l(_printf_fp_hex.o)
    0x00001190   0x00001190   0x00000030   Code   RO          391    .text               c_w.l(_printf_char_common.o)
    0x000011c0   0x000011c0   0x0000002c   Code   RO          393    .text               c_w.l(_printf_char.o)
    0x000011ec   0x000011ec   0x0000002c   Code   RO          395    .text               c_w.l(_printf_wchar.o)
    0x00001218   0x00001218   0x00000048   Code   RO          402    .text               c_w.l(_c16rtomb.o)
    0x00001260   0x00001260   0x0000004a   Code   RO          408    .text               c_w.l(sys_stackheap_outer.o)
    0x000012aa   0x000012aa   0x00000002   PAD
    0x000012ac   0x000012ac   0x00000008   Code   RO          415    .text               c_w.l(rt_locale_intlibspace.o)
    0x000012b4   0x000012b4   0x00000080   Code   RO          417    .text               c_w.l(_printf_fp_infnan.o)
    0x00001334   0x00001334   0x000000e4   Code   RO          421    .text               c_w.l(bigflt0.o)
    0x00001418   0x00001418   0x00000012   Code   RO          451    .text               c_w.l(exit.o)
    0x0000142a   0x0000142a   0x00000002   PAD
    0x0000142c   0x0000142c   0x00000008   Code   RO          467    .text               c_w.l(libspace.o)
    0x00001434   0x00001434   0x00000080   Code   RO          483    .text               c_w.l(strcmpv7m.o)
    0x000014b4   0x000014b4   0x0000000c   Code   RO          532    .text               c_w.l(sys_exit.o)
    0x000014c0   0x000014c0   0x00000002   Code   RO          557    .text               c_w.l(use_no_semi.o)
    0x000014c2   0x000014c2   0x00000000   Code   RO          559    .text               c_w.l(indicate_semi.o)
    0x000014c2   0x000014c2   0x00000002   PAD
    0x000014c4   0x000014c4   0x00000014   Code   RO           21    .text.ClearScreen   glcd_simulation.o
    0x000014d8   0x000014d8   0x00000192   Code   RO           53    .text.GLCD_S_Bargraph  glcd_simulation.o
    0x0000166a   0x0000166a   0x00000002   PAD
    0x0000166c   0x0000166c   0x000001d2   Code   RO           45    .text.GLCD_S_Clear  glcd_simulation.o
    0x0000183e   0x0000183e   0x00000002   PAD
    0x00001840   0x00001840   0x00000052   Code   RO           47    .text.GLCD_S_ClearLn  glcd_simulation.o
    0x00001892   0x00001892   0x00000002   PAD
    0x00001894   0x00001894   0x00000114   Code   RO           31    .text.GLCD_S_DisplayString  glcd_simulation.o
    0x000019a8   0x000019a8   0x00000646   Code   RO           29    .text.GLCD_S_Init   glcd_simulation.o
    0x00001fee   0x00001fee   0x00000002   PAD
    0x00001ff0   0x00001ff0   0x000001b0   Code   RO           35    .text.GLCD_S_SetBackColor  glcd_simulation.o
    0x000021a0   0x000021a0   0x000001b0   Code   RO           33    .text.GLCD_S_SetTextColor  glcd_simulation.o
    0x00002350   0x00002350   0x00001a2e   Code   RO           37    .text.GLCD_S_Simulation  glcd_simulation.o
    0x00003d7e   0x00003d7e   0x00000002   PAD
    0x00003d80   0x00003d80   0x000000c2   Code   RO          112    .text.Get_SwitchPos  keys.o
    0x00003e42   0x00003e42   0x00000002   PAD
    0x00003e44   0x00003e44   0x0000001e   Code   RO           23    .text.SetCursorPosition  glcd_simulation.o
    0x00003e62   0x00003e62   0x00000002   PAD
    0x00003e64   0x00003e64   0x0000012a   Code   RO          110    .text.Switch_Init   keys.o
    0x00003f8e   0x00003f8e   0x00000002   PAD
    0x00003f90   0x00003f90   0x00000184   Code   RO          197    .text.SystemInit    system_lpc17xx.o
    0x00004114   0x00004114   0x00000036   Code   RO           19    .text.fputc         glcd_simulation.o
    0x0000414a   0x0000414a   0x00000002   PAD
    0x0000414c   0x0000414c   0x00000058   Code   RO          166    .text.lcd_bin       lcd.o
    0x000041a4   0x000041a4   0x000000c2   Code   RO          170    .text.lcd_dez       lcd.o
    0x00004266   0x00004266   0x00000002   PAD
    0x00004268   0x00004268   0x0000005c   Code   RO          168    .text.lcd_hex       lcd.o
    0x000042c4   0x000042c4   0x000000fe   Code   RO            2    .text.main          test_2.o
    0x000043c2   0x000043c2   0x0000003e   Code   RO          424    CL$$btod_d2e        c_w.l(btod.o)
    0x00004400   0x00004400   0x00000046   Code   RO          426    CL$$btod_d2e_denorm_low  c_w.l(btod.o)
    0x00004446   0x00004446   0x00000060   Code   RO          425    CL$$btod_d2e_norm_op1  c_w.l(btod.o)
    0x000044a6   0x000044a6   0x00000002   PAD
    0x000044a8   0x000044a8   0x00000338   Code   RO          434    CL$$btod_div_common  c_w.l(btod.o)
    0x000047e0   0x000047e0   0x000000dc   Code   RO          431    CL$$btod_e2e        c_w.l(btod.o)
    0x000048bc   0x000048bc   0x0000002a   Code   RO          428    CL$$btod_ediv       c_w.l(btod.o)
    0x000048e6   0x000048e6   0x0000002a   Code   RO          427    CL$$btod_emul       c_w.l(btod.o)
    0x00004910   0x00004910   0x00000244   Code   RO          433    CL$$btod_mult_common  c_w.l(btod.o)
    0x00004b54   0x00004b54   0x00000028   Code   RO          465    i.__ARM_fpclassify  m_ws.l(fpclassify.o)
    0x00004b7c   0x00004b7c   0x0000000e   Code   RO          307    i._is_digit         c_w.l(__printf_wp.o)
    0x00004b8a   0x00004b8a   0x00000002   PAD
    0x00004b8c   0x00004b8c   0x0000002c   Code   RO          449    locale$$code        c_w.l(lc_numeric_c.o)
    0x00004bb8   0x00004bb8   0x0000002c   Code   RO          477    locale$$code        c_w.l(lc_ctype_c.o)
    0x00004be4   0x00004be4   0x00000018   Code   RO          404    x$fpl$dcmpinf       fz_ws.l(dcmpi.o)
    0x00004bfc   0x00004bfc   0x00000078   Code   RO          342    x$fpl$deqf          fz_ws.l(deqf.o)
    0x00004c74   0x00004c74   0x00000078   Code   RO          344    x$fpl$dgeqf         fz_ws.l(dgeqf.o)
    0x00004cec   0x00004cec   0x00000078   Code   RO          346    x$fpl$dleqf         fz_ws.l(dleqf.o)
    0x00004d64   0x00004d64   0x0000009c   Code   RO          406    x$fpl$dnaninf       fz_ws.l(dnaninf.o)
    0x00004e00   0x00004e00   0x0000000c   Code   RO          348    x$fpl$dretinf       fz_ws.l(dretinf.o)
    0x00004e0c   0x00004e0c   0x00000056   Code   RO          222    x$fpl$f2d           fz_ws.l(f2d.o)
    0x00004e62   0x00004e62   0x00000002   PAD
    0x00004e64   0x00004e64   0x000000c4   Code   RO          224    x$fpl$fadd          fz_ws.l(faddsub_clz.o)
    0x00004f28   0x00004f28   0x00000054   Code   RO          220    x$fpl$fcmp          fz_ws.l(dcmp.o)
    0x00004f7c   0x00004f7c   0x00000184   Code   RO          231    x$fpl$fdiv          fz_ws.l(fdiv.o)
    0x00005100   0x00005100   0x0000003e   Code   RO          234    x$fpl$ffixu         fz_ws.l(ffixu.o)
    0x0000513e   0x0000513e   0x00000002   PAD
    0x00005140   0x00005140   0x00000026   Code   RO          238    x$fpl$ffltu         fz_ws.l(fflt_clz.o)
    0x00005166   0x00005166   0x00000002   PAD
    0x00005168   0x00005168   0x00000102   Code   RO          244    x$fpl$fmul          fz_ws.l(fmul.o)
    0x0000526a   0x0000526a   0x0000008c   Code   RO          350    x$fpl$fnaninf       fz_ws.l(fnaninf.o)
    0x000052f6   0x000052f6   0x0000000a   Code   RO          352    x$fpl$fretinf       fz_ws.l(fretinf.o)
    0x00005300   0x00005300   0x000000ea   Code   RO          226    x$fpl$fsub          fz_ws.l(faddsub_clz.o)
    0x000053ea   0x000053ea   0x00000004   Code   RO          354    x$fpl$printf1       fz_ws.l(printf1.o)
    0x000053ee   0x000053ee   0x00000004   Code   RO          356    x$fpl$printf2       fz_ws.l(printf2.o)
    0x000053f2   0x000053f2   0x00000000   Code   RO          362    x$fpl$usenofp       fz_ws.l(usenofp.o)
    0x000053f2   0x000053f2   0x00000002   PAD
    0x000053f4   0x000053f4   0x00000008   Data   RO          266    .constdata          c_w.l(_printf_wctomb.o)
    0x000053fc   0x000053fc   0x00000028   Data   RO          295    .constdata          c_w.l(_printf_hex_int_ll_ptr.o)
    0x00005424   0x00005424   0x00000011   Data   RO          315    .constdata          c_w.l(__printf_flags_ss_wp.o)
    0x00005435   0x00005435   0x00000026   Data   RO          389    .constdata          c_w.l(_printf_fp_hex.o)
    0x0000545b   0x0000545b   0x00000001   PAD
    0x0000545c   0x0000545c   0x00000094   Data   RO          422    .constdata          c_w.l(bigflt0.o)
    0x000054f0   0x000054f0   0x0000004d   Data   RO            4    .rodata.str1.1      test_2.o
    0x0000553d   0x0000553d   0x00000207   Data   RO           65    .rodata.str1.1      glcd_simulation.o
    0x00005744   0x00005744   0x00000011   Data   RO          173    .rodata.str1.1      lcd.o
    0x00005755   0x00005755   0x00000003   PAD
    0x00005758   0x00005758   0x00000020   Data   RO          612    Region$$Table       anon$$obj.o
    0x00005778   0x00005778   0x0000001c   Data   RO          448    locale$$data        c_w.l(lc_numeric_c.o)
    0x00005794   0x00005794   0x00000110   Data   RO          476    locale$$data        c_w.l(lc_ctype_c.o)


    Execution Region RW_IRAM1 (Exec base: 0x10000000, Load base: 0x000058a8, Size: 0x00000348, Max: 0x00008000, ABSOLUTE)

    Exec Addr    Load Addr    Size         Type   Attr      Idx    E Section Name        Object

    0x10000000   0x000058a8   0x00000002   Data   RW           85    .data.i7Seg         glcd_simulation.o
    0x10000002   0x000058aa   0x00000002   Data   RW           66    .data.ibgCol        glcd_simulation.o
    0x10000004   0x000058ac   0x00000002   Data   RW           67    .data.itextCol      glcd_simulation.o
    0x10000006   0x000058ae   0x00000002   PAD
    0x10000008        -       0x00000060   Zero   RW          468    .bss                c_w.l(libspace.o)
    0x10000068        -       0x00000002   Zero   RW           70    .bss.GLCD_S_Simulation.iTA12_iz1  glcd_simulation.o
    0x1000006a        -       0x00000002   Zero   RW           69    .bss.GLCD_S_Simulation.iTA12_time  glcd_simulation.o
    0x1000006c        -       0x00000004   Zero   RW           86    .bss.__stdout       glcd_simulation.o
    0x10000070        -       0x000000a0   Zero   RW           68    .bss.cCol           glcd_simulation.o
    0x10000110        -       0x00000004   Zero   RW           73    .bss.iFlag_Sim      glcd_simulation.o
    0x10000114        -       0x00000002   Zero   RW           84    .bss.iS_Enc         glcd_simulation.o
    0x10000116        -       0x00000002   Zero   RW           75    .bss.iS_TA1         glcd_simulation.o
    0x10000118        -       0x00000002   Zero   RW           71    .bss.iS_TA10        glcd_simulation.o
    0x1000011a        -       0x00000002   Zero   RW           72    .bss.iS_TA11        glcd_simulation.o
    0x1000011c        -       0x00000002   Zero   RW           74    .bss.iS_TA12        glcd_simulation.o
    0x1000011e        -       0x00000002   Zero   RW           76    .bss.iS_TA2         glcd_simulation.o
    0x10000120        -       0x00000002   Zero   RW           77    .bss.iS_TA3         glcd_simulation.o
    0x10000122        -       0x00000002   Zero   RW           78    .bss.iS_TA4         glcd_simulation.o
    0x10000124        -       0x00000002   Zero   RW           79    .bss.iS_TA5         glcd_simulation.o
    0x10000126        -       0x00000002   Zero   RW           80    .bss.iS_TA6         glcd_simulation.o
    0x10000128        -       0x00000002   Zero   RW           81    .bss.iS_TA7         glcd_simulation.o
    0x1000012a        -       0x00000002   Zero   RW           82    .bss.iS_TA8         glcd_simulation.o
    0x1000012c        -       0x00000002   Zero   RW           83    .bss.iS_TA9         glcd_simulation.o
    0x1000012e        -       0x00000009   Zero   RW          172    .bss.lcd_bin.text_string  lcd.o
    0x10000137        -       0x00000006   Zero   RW          175    .bss.lcd_dez.text_string  lcd.o
    0x1000013d        -       0x00000005   Zero   RW          174    .bss.lcd_hex.text_string  lcd.o
    0x10000142   0x000058ae   0x00000006   PAD
    0x10000148        -       0x00000000   Zero   RW          183    HEAP                startup_lpc17xx.o
    0x10000148        -       0x00000200   Zero   RW          182    STACK               startup_lpc17xx.o


==============================================================================

Image component sizes


      Code (inc. data)   RO Data    RW Data    ZI Data      Debug   Object Name

     10502          0        519          6        198      16512   glcd_simulation.o
       492          0          0          0          0       4701   keys.o
       374          0         17          0         20       1366   lcd.o
        64         26        204          0        512       1092   startup_lpc17xx.o
       388          0          0          0          0       2329   system_lpc17xx.o
       254          0         77          0          0        895   test_2.o

    ----------------------------------------------------------------------
     12094         26        852          8        736      26895   Object Totals
         0          0         32          0          0          0   (incl. Generated)
        20          0          3          2          6          0   (incl. Padding)

    ----------------------------------------------------------------------

      Code (inc. data)   RO Data    RW Data    ZI Data      Debug   Library Member Name

         8          0          0          0          0         68   __main.o
       392          4         17          0          0         92   __printf_flags_ss_wp.o
        14          0          0          0          0         68   __printf_wp.o
         0          0          0          0          0          0   __rtentry.o
        12          0          0          0          0          0   __rtentry2.o
         6          0          0          0          0          0   __rtentry4.o
        94          8          0          0          0          0   __scatter.o
        26          0          0          0          0          0   __scatter_copy.o
        28          0          0          0          0          0   __scatter_zi.o
        72          0          0          0          0         96   _c16rtomb.o
         6          0          0          0          0          0   _printf_a.o
         6          0          0          0          0          0   _printf_c.o
        44          0          0          0          0        108   _printf_char.o
        48          6          0          0          0         96   _printf_char_common.o
        36          4          0          0          0         80   _printf_char_file.o
        40          0          0          0          0         68   _printf_charcount.o
         6          0          0          0          0          0   _printf_d.o
       120         16          0          0          0         92   _printf_dec.o
         6          0          0          0          0          0   _printf_e.o
         6          0          0          0          0          0   _printf_f.o
      1052          0          0          0          0        148   _printf_fp_dec.o
       764          8         38          0          0        100   _printf_fp_hex.o
       128         16          0          0          0         84   _printf_fp_infnan.o
         6          0          0          0          0          0   _printf_g.o
       148          4         40          0          0        160   _printf_hex_int_ll_ptr.o
         6          0          0          0          0          0   _printf_i.o
       178          0          0          0          0         88   _printf_intcommon.o
        10          0          0          0          0          0   _printf_l.o
         6          0          0          0          0          0   _printf_lc.o
        10          0          0          0          0          0   _printf_ll.o
         6          0          0          0          0          0   _printf_lld.o
         6          0          0          0          0          0   _printf_lli.o
         6          0          0          0          0          0   _printf_llo.o
         6          0          0          0          0          0   _printf_llu.o
         6          0          0          0          0          0   _printf_llx.o
       124         16          0          0          0         92   _printf_longlong_dec.o
         6          0          0          0          0          0   _printf_ls.o
         6          0          0          0          0          0   _printf_n.o
         6          0          0          0          0          0   _printf_o.o
       112          8          0          0          0        124   _printf_oct_int_ll.o
         6          0          0          0          0          0   _printf_p.o
        78          0          0          0          0        108   _printf_pad.o
         0          0          0          0          0          0   _printf_percent.o
         4          0          0          0          0          0   _printf_percent_end.o
         6          0          0          0          0          0   _printf_s.o
        82          0          0          0          0         80   _printf_str.o
        36          0          0          0          0         84   _printf_truncate.o
         6          0          0          0          0          0   _printf_u.o
        44          0          0          0          0        108   _printf_wchar.o
       188          6          8          0          0         92   _printf_wctomb.o
         6          0          0          0          0          0   _printf_x.o
       228          4        148          0          0         96   bigflt0.o
      1936        128          0          0          0        668   btod.o
        18          0          0          0          0         80   exit.o
         8          0          0          0          0         68   ferror.o
         6          0          0          0          0        152   heapauxi.o
         0          0          0          0          0          0   indicate_semi.o
        44         10        272          0          0         76   lc_ctype_c.o
        44         10         28          0          0         76   lc_numeric_c.o
         2          0          0          0          0          0   libinit.o
        30          0          0          0          0          0   libinit2.o
         2          0          0          0          0          0   libshutdown.o
         2          0          0          0          0          0   libshutdown2.o
         8          4          0          0         96         68   libspace.o
       138          0          0          0          0         80   lludiv10.o
        24          4          0          0          0         84   printf.o
        16          4          0          0          0         76   rt_ctype_table.o
         8          4          0          0          0         68   rt_locale_intlibspace.o
       138          0          0          0          0         68   rt_memcpy_v6.o
       100          0          0          0          0         80   rt_memcpy_w.o
         2          0          0          0          0          0   rtexit.o
        10          0          0          0          0          0   rtexit2.o
       128          0          0          0          0         68   strcmpv7m.o
        72          0          0          0          0         80   strcpy.o
        12          4          0          0          0         68   sys_exit.o
        74          0          0          0          0         80   sys_stackheap_outer.o
         2          0          0          0          0         68   use_no_semi.o
        84          0          0          0          0        196   dcmp.o
        24          0          0          0          0         68   dcmpi.o
       120          4          0          0          0         92   deqf.o
       120          4          0          0          0         92   dgeqf.o
       120          4          0          0          0         92   dleqf.o
       156          4          0          0          0         92   dnaninf.o
        12          0          0          0          0         68   dretinf.o
        86          4          0          0          0         84   f2d.o
       430          8          0          0          0        168   faddsub_clz.o
       388         76          0          0          0         96   fdiv.o
        62          4          0          0          0         84   ffixu.o
        38          0          0          0          0         68   fflt_clz.o
       258          4          0          0          0         84   fmul.o
       140          4          0          0          0         84   fnaninf.o
        10          0          0          0          0         68   fretinf.o
         4          0          0          0          0         68   printf1.o
         4          0          0          0          0         68   printf2.o
         0          0          0          0          0          0   usenofp.o
        40          0          0          0          0         68   fpclassify.o

    ----------------------------------------------------------------------
      9194        384        552          0         96       5780   Library Totals
        28          0          1          0          0          0   (incl. Padding)

    ----------------------------------------------------------------------

      Code (inc. data)   RO Data    RW Data    ZI Data      Debug   Library Name

      7070        268        551          0         96       4140   c_w.l
      2056        116          0          0          0       1572   fz_ws.l
        40          0          0          0          0         68   m_ws.l

    ----------------------------------------------------------------------
      9194        384        552          0         96       5780   Library Totals

    ----------------------------------------------------------------------

==============================================================================


      Code (inc. data)   RO Data    RW Data    ZI Data      Debug   

     21288        410       1404          8        832      29487   Grand Totals
     21288        410       1404          8        832      29487   ELF Image Totals
     21288        410       1404          8          0          0   ROM Totals

==============================================================================

    Total RO  Size (Code + RO Data)                22692 (  22.16kB)
    Total RW  Size (RW Data + ZI Data)               840 (   0.82kB)
    Total ROM Size (Code + RO Data + RW Data)      22700 (  22.17kB)

==============================================================================

